Component: ARM Compiler 5.06 update 2 (build 183) Tool: armlink [4d35b7]

==============================================================================

Section Cross References

    startup_stm32f401xe.o(RESET) refers to startup_stm32f401xe.o(STACK) for __initial_sp
    startup_stm32f401xe.o(RESET) refers to startup_stm32f401xe.o(.text) for Reset_Handler
    startup_stm32f401xe.o(RESET) refers to stm32xx_it.o(i.NMI_Handler) for NMI_Handler
    startup_stm32f401xe.o(RESET) refers to stm32xx_it.o(i.HardFault_Handler) for HardFault_Handler
    startup_stm32f401xe.o(RESET) refers to stm32xx_it.o(i.SVC_Handler) for SVC_Handler
    startup_stm32f401xe.o(RESET) refers to stm32xx_it.o(i.DebugMon_Handler) for DebugMon_Handler
    startup_stm32f401xe.o(RESET) refers to stm32xx_it.o(i.PendSV_Handler) for PendSV_Handler
    startup_stm32f401xe.o(RESET) refers to stm32xx_it.o(i.SysTick_Handler) for SysTick_Handler
    startup_stm32f401xe.o(RESET) refers to stm32xx_it.o(i.EXTI0_IRQHandler) for EXTI0_IRQHandler
    startup_stm32f401xe.o(RESET) refers to stm32xx_it.o(i.EXTI15_10_IRQHandler) for EXTI15_10_IRQHandler
    startup_stm32f401xe.o(.text) refers to system_stm32f4xx.o(i.SystemInit) for SystemInit
    startup_stm32f401xe.o(.text) refers to entry.o(.ARM.Collect$$$$00000000) for __main
    bluenrg_interface.o(i.HAL_GPIO_EXTI_Callback) refers to hci.o(i.HCI_Isr) for HCI_Isr
    clock.o(i.Clock_Time) refers to stm32f4xx_hal.o(i.HAL_GetTick) for HAL_GetTick
    clock.o(i.Clock_Wait) refers to stm32f4xx_hal.o(i.HAL_Delay) for HAL_Delay
    cube_hal_f4.o(i.SystemClock_Config) refers to stm32f4xx_hal_rcc.o(i.HAL_RCC_OscConfig) for HAL_RCC_OscConfig
    cube_hal_f4.o(i.SystemClock_Config) refers to stm32f4xx_hal_rcc.o(i.HAL_RCC_ClockConfig) for HAL_RCC_ClockConfig
    main.o(i.Error_Handler) refers to stm32f4xx_nucleo.o(i.BSP_LED_Toggle) for BSP_LED_Toggle
    main.o(i.Error_Handler) refers to stm32f4xx_hal.o(i.HAL_Delay) for HAL_Delay
    main.o(i.HAL_UART_MspInit) refers to stm32f4xx_hal_gpio.o(i.HAL_GPIO_Init) for HAL_GPIO_Init
    main.o(i.User_Process) refers to sample_service.o(i.Make_Connection) for Make_Connection
    main.o(i.User_Process) refers to sample_service.o(i.startReadTXCharHandle) for startReadTXCharHandle
    main.o(i.User_Process) refers to sample_service.o(i.startReadRXCharHandle) for startReadRXCharHandle
    main.o(i.User_Process) refers to stm32f4xx_nucleo.o(i.BSP_LED_Off) for BSP_LED_Off
    main.o(i.User_Process) refers to sample_service.o(i.enableNotification) for enableNotification
    main.o(i.User_Process) refers to stm32f4xx_nucleo.o(i.BSP_PB_GetState) for BSP_PB_GetState
    main.o(i.User_Process) refers to memcpy.o(.text) for __aeabi_memcpy4
    main.o(i.User_Process) refers to sample_service.o(i.sendData) for sendData
    main.o(i.User_Process) refers to sample_service.o(.data) for set_connectable
    main.o(i.User_Process) refers to main.o(.data) for .data
    main.o(i.main) refers to stm32f4xx_hal.o(i.HAL_Init) for HAL_Init
    main.o(i.main) refers to stm32f4xx_nucleo.o(i.BSP_LED_Init) for BSP_LED_Init
    main.o(i.main) refers to stm32f4xx_nucleo.o(i.BSP_PB_Init) for BSP_PB_Init
    main.o(i.main) refers to cube_hal_f4.o(i.SystemClock_Config) for SystemClock_Config
    main.o(i.main) refers to main.o(i.vcom_init) for vcom_init
    main.o(i.main) refers to stm32_bluenrg_ble.o(i.BNRG_SPI_Init) for BNRG_SPI_Init
    main.o(i.main) refers to hci.o(i.HCI_Init) for HCI_Init
    main.o(i.main) refers to stm32_bluenrg_ble.o(i.BlueNRG_RST) for BlueNRG_RST
    main.o(i.main) refers to bluenrg_utils_small.o(i.getBlueNRGVersion) for getBlueNRGVersion
    main.o(i.main) refers to uart_support.o(i.PRINT_MESG_UART) for PRINT_MESG_UART
    main.o(i.main) refers to osal.o(i.Osal_MemCpy) for Osal_MemCpy
    main.o(i.main) refers to bluenrg_hal_aci.o(i.aci_hal_write_config_data) for aci_hal_write_config_data
    main.o(i.main) refers to bluenrg_gatt_aci.o(i.aci_gatt_init) for aci_gatt_init
    main.o(i.main) refers to bluenrg_gap_aci.o(i.aci_gap_init_IDB04A1) for aci_gap_init_IDB04A1
    main.o(i.main) refers to bluenrg_gap_aci.o(i.aci_gap_set_auth_requirement) for aci_gap_set_auth_requirement
    main.o(i.main) refers to bluenrg_gap_aci.o(i.aci_gap_init_IDB05A1) for aci_gap_init_IDB05A1
    main.o(i.main) refers to sample_service.o(i.Add_Sample_Service) for Add_Sample_Service
    main.o(i.main) refers to bluenrg_hal_aci.o(i.aci_hal_set_tx_power_level) for aci_hal_set_tx_power_level
    main.o(i.main) refers to hci.o(i.HCI_Process) for HCI_Process
    main.o(i.main) refers to main.o(i.User_Process) for User_Process
    main.o(i.main) refers to main.o(.data) for .data
    main.o(i.vcom_init) refers to stm32f4xx_hal_uart.o(i.HAL_UART_Init) for HAL_UART_Init
    main.o(i.vcom_init) refers to main.o(i.Error_Handler) for Error_Handler
    main.o(i.vcom_init) refers to main.o(.bss) for .bss
    sample_service.o(i.Add_Sample_Service) refers to bluenrg_gatt_aci.o(i.aci_gatt_add_serv) for aci_gatt_add_serv
[...]
    Removing stm32f4xx_hal_spi.o(i.SPI_CloseTx_ISR), (124 bytes).
    Removing stm32f4xx_hal_spi.o(i.SPI_DMAAbortOnError), (16 bytes).
    Removing stm32f4xx_hal_spi.o(i.SPI_DMAError), (34 bytes).
    Removing stm32f4xx_hal_spi.o(i.SPI_DMAHalfReceiveCplt), (10 bytes).
    Removing stm32f4xx_hal_spi.o(i.SPI_DMAHalfTransmitCplt), (10 bytes).
    Removing stm32f4xx_hal_spi.o(i.SPI_DMAHalfTransmitReceiveCplt), (10 bytes).
    Removing stm32f4xx_hal_spi.o(i.SPI_DMAReceiveCplt), (160 bytes).
    Removing stm32f4xx_hal_spi.o(i.SPI_DMATransmitCplt), (90 bytes).
    Removing stm32f4xx_hal_spi.o(i.SPI_DMATransmitReceiveCplt), (152 bytes).
    Removing stm32f4xx_hal_spi.o(i.SPI_RxISR_16BIT), (72 bytes).
    Removing stm32f4xx_hal_spi.o(i.SPI_RxISR_16BITCRC), (34 bytes).
    Removing stm32f4xx_hal_spi.o(i.SPI_RxISR_8BIT), (72 bytes).
    Removing stm32f4xx_hal_spi.o(i.SPI_RxISR_8BITCRC), (26 bytes).
    Removing stm32f4xx_hal_spi.o(i.SPI_TxISR_16BIT), (50 bytes).
    Removing stm32f4xx_hal_spi.o(i.SPI_TxISR_8BIT), (48 bytes).
    Removing stm32f4xx_hal_uart.o(.rev16_text), (4 bytes).
    Removing stm32f4xx_hal_uart.o(.revsh_text), (4 bytes).
    Removing stm32f4xx_hal_uart.o(.rrx_text), (6 bytes).
    Removing stm32f4xx_hal_uart.o(i.HAL_HalfDuplex_EnableReceiver), (50 bytes).
    Removing stm32f4xx_hal_uart.o(i.HAL_HalfDuplex_EnableTransmitter), (50 bytes).
    Removing stm32f4xx_hal_uart.o(i.HAL_HalfDuplex_Init), (108 bytes).
    Removing stm32f4xx_hal_uart.o(i.HAL_LIN_Init), (128 bytes).
    Removing stm32f4xx_hal_uart.o(i.HAL_LIN_SendBreak), (46 bytes).
    Removing stm32f4xx_hal_uart.o(i.HAL_MultiProcessor_EnterMuteMode), (46 bytes).
    Removing stm32f4xx_hal_uart.o(i.HAL_MultiProcessor_ExitMuteMode), (46 bytes).
    Removing stm32f4xx_hal_uart.o(i.HAL_MultiProcessor_Init), (142 bytes).
    Removing stm32f4xx_hal_uart.o(i.HAL_UART_DMAPause), (102 bytes).
    Removing stm32f4xx_hal_uart.o(i.HAL_UART_DMAResume), (94 bytes).
    Removing stm32f4xx_hal_uart.o(i.HAL_UART_DMAStop), (88 bytes).
    Removing stm32f4xx_hal_uart.o(i.HAL_UART_DeInit), (40 bytes).
    Removing stm32f4xx_hal_uart.o(i.HAL_UART_ErrorCallback), (2 bytes).
    Removing stm32f4xx_hal_uart.o(i.HAL_UART_GetError), (4 bytes).
    Removing stm32f4xx_hal_uart.o(i.HAL_UART_GetState), (10 bytes).
    Removing stm32f4xx_hal_uart.o(i.HAL_UART_IRQHandler), (268 bytes).
    Removing stm32f4xx_hal_uart.o(i.HAL_UART_MspDeInit), (2 bytes).
    Removing stm32f4xx_hal_uart.o(i.HAL_UART_MspInit), (2 bytes).
    Removing stm32f4xx_hal_uart.o(i.HAL_UART_Receive), (186 bytes).
    Removing stm32f4xx_hal_uart.o(i.HAL_UART_Receive_DMA), (144 bytes).
    Removing stm32f4xx_hal_uart.o(i.HAL_UART_Receive_IT), (82 bytes).
    Removing stm32f4xx_hal_uart.o(i.HAL_UART_RxCpltCallback), (2 bytes).
    Removing stm32f4xx_hal_uart.o(i.HAL_UART_RxHalfCpltCallback), (2 bytes).
    Removing stm32f4xx_hal_uart.o(i.HAL_UART_Transmit_DMA), (128 bytes).
    Removing stm32f4xx_hal_uart.o(i.HAL_UART_Transmit_IT), (62 bytes).
    Removing stm32f4xx_hal_uart.o(i.HAL_UART_TxCpltCallback), (2 bytes).
    Removing stm32f4xx_hal_uart.o(i.HAL_UART_TxHalfCpltCallback), (2 bytes).
    Removing stm32f4xx_hal_uart.o(i.UART_DMAAbortOnError), (16 bytes).
    Removing stm32f4xx_hal_uart.o(i.UART_DMAError), (74 bytes).
    Removing stm32f4xx_hal_uart.o(i.UART_DMAReceiveCplt), (60 bytes).
    Removing stm32f4xx_hal_uart.o(i.UART_DMARxHalfCplt), (10 bytes).
    Removing stm32f4xx_hal_uart.o(i.UART_DMATransmitCplt), (46 bytes).
    Removing stm32f4xx_hal_uart.o(i.UART_DMATxHalfCplt), (10 bytes).
    Removing stm32f4xx_hal_uart.o(i.UART_EndRxTransfer), (28 bytes).
    Removing stm32f4xx_hal_uart.o(i.UART_EndTxTransfer), (18 bytes).
    Removing stm32f4xx_hal_uart.o(i.UART_Receive_IT), (140 bytes).
    Removing stm32f4xx_hal_uart.o(i.UART_Transmit_IT), (98 bytes).
    Removing hci.o(.rev16_text), (4 bytes).
    Removing hci.o(.revsh_text), (4 bytes).
    Removing hci.o(.rrx_text), (6 bytes).
    Removing hci.o(i.hci_disconnect), (76 bytes).
    Removing hci.o(i.hci_le_add_device_to_white_list), (78 bytes).
    Removing hci.o(i.hci_le_clear_white_list), (58 bytes).
    Removing hci.o(i.hci_le_create_connection), (166 bytes).
    Removing hci.o(i.hci_le_encrypt), (118 bytes).
    Removing hci.o(i.hci_le_ltk_request_neg_reply), (82 bytes).
    Removing hci.o(i.hci_le_ltk_request_reply), (94 bytes).
    Removing hci.o(i.hci_le_rand), (92 bytes).
    Removing hci.o(i.hci_le_read_advertising_channel_tx_power), (88 bytes).
    Removing hci.o(i.hci_le_read_buffer_size), (96 bytes).
    Removing hci.o(i.hci_le_read_channel_map), (98 bytes).
    Removing hci.o(i.hci_le_read_local_supported_features), (86 bytes).
    Removing hci.o(i.hci_le_read_supported_states), (86 bytes).
    Removing hci.o(i.hci_le_read_white_list_size), (82 bytes).
    Removing hci.o(i.hci_le_receiver_test), (68 bytes).
    Removing hci.o(i.hci_le_remove_device_from_white_list), (78 bytes).
    Removing hci.o(i.hci_le_set_advertise_enable), (88 bytes).
    Removing hci.o(i.hci_le_set_advertising_data), (98 bytes).
    Removing hci.o(i.hci_le_set_advertising_parameters), (132 bytes).
    Removing hci.o(i.hci_le_set_random_address), (88 bytes).
    Removing hci.o(i.hci_le_set_scan_enable), (96 bytes).
    Removing hci.o(i.hci_le_set_scan_parameters), (112 bytes).
    Removing hci.o(i.hci_le_test_end), (82 bytes).
    Removing hci.o(i.hci_le_transmitter_test), (78 bytes).
    Removing hci.o(i.hci_read_bd_addr), (92 bytes).
    Removing hci.o(i.hci_read_rssi), (102 bytes).
    Removing hci.o(i.hci_read_transmit_power_level), (108 bytes).
    Removing hci.o(i.hci_reset), (56 bytes).
    Removing hci.o(i.hci_timeout_callback), (12 bytes).
    Removing bluenrg_gap_aci.o(i.aci_gap_allow_rebond_IDB04A1), (58 bytes).
    Removing bluenrg_gap_aci.o(i.aci_gap_allow_rebond_IDB05A1), (70 bytes).
    Removing bluenrg_gap_aci.o(i.aci_gap_authorization_response), (74 bytes).
    Removing bluenrg_gap_aci.o(i.aci_gap_clear_security_database), (58 bytes).
    Removing bluenrg_gap_aci.o(i.aci_gap_configure_whitelist), (58 bytes).
    Removing bluenrg_gap_aci.o(i.aci_gap_delete_ad_type), (68 bytes).
    Removing bluenrg_gap_aci.o(i.aci_gap_get_bonded_devices), (98 bytes).
    Removing bluenrg_gap_aci.o(i.aci_gap_get_security_level), (108 bytes).
    Removing bluenrg_gap_aci.o(i.aci_gap_is_device_bonded), (78 bytes).
    Removing bluenrg_gap_aci.o(i.aci_gap_pass_key_response), (78 bytes).
    Removing bluenrg_gap_aci.o(i.aci_gap_resolve_private_address_IDB04A1), (76 bytes).
    Removing bluenrg_gap_aci.o(i.aci_gap_resolve_private_address_IDB05A1), (94 bytes).
    Removing bluenrg_gap_aci.o(i.aci_gap_send_pairing_request), (78 bytes).
    Removing bluenrg_gap_aci.o(i.aci_gap_set_author_requirement), (74 bytes).
    Removing bluenrg_gap_aci.o(i.aci_gap_set_broadcast_mode), (156 bytes).
    Removing bluenrg_gap_aci.o(i.aci_gap_set_direct_connectable_IDB04A1), (86 bytes).
    Removing bluenrg_gap_aci.o(i.aci_gap_set_direct_connectable_IDB05A1), (88 bytes).
    Removing bluenrg_gap_aci.o(i.aci_gap_set_io_capability), (68 bytes).
    Removing bluenrg_gap_aci.o(i.aci_gap_set_limited_discoverable), (196 bytes).
    Removing bluenrg_gap_aci.o(i.aci_gap_set_non_connectable_IDB04A1), (68 bytes).
    Removing bluenrg_gap_aci.o(i.aci_gap_set_non_connectable_IDB05A1), (74 bytes).
    Removing bluenrg_gap_aci.o(i.aci_gap_set_non_discoverable), (58 bytes).
    Removing bluenrg_gap_aci.o(i.aci_gap_set_undirected_connectable), (74 bytes).
    Removing bluenrg_gap_aci.o(i.aci_gap_slave_security_request), (82 bytes).
    Removing bluenrg_gap_aci.o(i.aci_gap_start_auto_conn_establish_proc_IDB04A1), (230 bytes).
    Removing bluenrg_gap_aci.o(i.aci_gap_start_auto_conn_establish_proc_IDB05A1), (206 bytes).
    Removing bluenrg_gap_aci.o(i.aci_gap_start_connection_update), (106 bytes).
    Removing bluenrg_gap_aci.o(i.aci_gap_start_general_conn_establish_proc_IDB04A1), (112 bytes).
    Removing bluenrg_gap_aci.o(i.aci_gap_start_general_conn_establish_proc_IDB05A1), (92 bytes).
    Removing bluenrg_gap_aci.o(i.aci_gap_start_general_discovery_proc), (86 bytes).
    Removing bluenrg_gap_aci.o(i.aci_gap_start_limited_discovery_proc), (86 bytes).
    Removing bluenrg_gap_aci.o(i.aci_gap_start_name_discovery_proc), (130 bytes).
    Removing bluenrg_gap_aci.o(i.aci_gap_start_observation_procedure), (92 bytes).
    Removing bluenrg_gap_aci.o(i.aci_gap_start_selective_conn_establish_proc), (126 bytes).
    Removing bluenrg_gap_aci.o(i.aci_gap_terminate), (78 bytes).
    Removing bluenrg_gap_aci.o(i.aci_gap_terminate_gap_procedure), (64 bytes).
    Removing bluenrg_gap_aci.o(i.aci_gap_update_adv_data), (90 bytes).
    Removing bluenrg_gatt_aci.o(i.aci_att_execute_write_req), (76 bytes).
    Removing bluenrg_gatt_aci.o(i.aci_att_find_by_type_value_req), (118 bytes).
    Removing bluenrg_gatt_aci.o(i.aci_att_find_information_req), (80 bytes).
    Removing bluenrg_gatt_aci.o(i.aci_att_prepare_write_req), (106 bytes).
    Removing bluenrg_gatt_aci.o(i.aci_att_read_by_group_type_req), (106 bytes).
    Removing bluenrg_gatt_aci.o(i.aci_att_read_by_type_req), (106 bytes).
    Removing bluenrg_gatt_aci.o(i.aci_gatt_add_char_desc), (230 bytes).
    Removing bluenrg_gatt_aci.o(i.aci_gatt_allow_read), (72 bytes).
    Removing bluenrg_gatt_aci.o(i.aci_gatt_confirm_indication), (72 bytes).
    Removing bluenrg_gatt_aci.o(i.aci_gatt_del_char), (76 bytes).
    Removing bluenrg_gatt_aci.o(i.aci_gatt_del_include_service), (76 bytes).
    Removing bluenrg_gatt_aci.o(i.aci_gatt_del_service), (72 bytes).
    Removing bluenrg_gatt_aci.o(i.aci_gatt_disc_all_charac_descriptors), (84 bytes).
    Removing bluenrg_gatt_aci.o(i.aci_gatt_disc_all_charac_of_serv), (84 bytes).
    Removing bluenrg_gatt_aci.o(i.aci_gatt_disc_all_prim_services), (76 bytes).
    Removing bluenrg_gatt_aci.o(i.aci_gatt_disc_prim_service_by_uuid), (102 bytes).
    Removing bluenrg_gatt_aci.o(i.aci_gatt_exchange_configuration), (76 bytes).
    Removing bluenrg_gatt_aci.o(i.aci_gatt_find_included_services), (84 bytes).
    Removing bluenrg_gatt_aci.o(i.aci_gatt_include_service), (156 bytes).
    Removing bluenrg_gatt_aci.o(i.aci_gatt_read_charac_desc), (80 bytes).
    Removing bluenrg_gatt_aci.o(i.aci_gatt_read_charac_val), (80 bytes).
    Removing bluenrg_gatt_aci.o(i.aci_gatt_read_handle_value), (112 bytes).
    Removing bluenrg_gatt_aci.o(i.aci_gatt_read_handle_value_offset_IDB05A1), (116 bytes).
    Removing bluenrg_gatt_aci.o(i.aci_gatt_read_long_charac_desc), (84 bytes).
    Removing bluenrg_gatt_aci.o(i.aci_gatt_read_long_charac_val), (84 bytes).
    Removing bluenrg_gatt_aci.o(i.aci_gatt_read_multiple_charac_val), (110 bytes).
    Removing bluenrg_gatt_aci.o(i.aci_gatt_read_using_charac_uuid), (106 bytes).
    Removing bluenrg_gatt_aci.o(i.aci_gatt_set_desc_value), (140 bytes).
    Removing bluenrg_gatt_aci.o(i.aci_gatt_set_event_mask), (70 bytes).
    Removing bluenrg_gatt_aci.o(i.aci_gatt_set_security_permission), (80 bytes).
    Removing bluenrg_gatt_aci.o(i.aci_gatt_signed_write_without_resp), (100 bytes).
    Removing bluenrg_gatt_aci.o(i.aci_gatt_write_charac_reliable), (110 bytes).
    Removing bluenrg_gatt_aci.o(i.aci_gatt_write_charac_value), (120 bytes).
    Removing bluenrg_gatt_aci.o(i.aci_gatt_write_long_charac_desc), (110 bytes).
    Removing bluenrg_gatt_aci.o(i.aci_gatt_write_long_charac_val), (110 bytes).
    Removing bluenrg_gatt_aci.o(i.aci_gatt_write_response), (132 bytes).
    Removing bluenrg_hal_aci.o(i.aci_hal_device_standby), (58 bytes).
    Removing bluenrg_hal_aci.o(i.aci_hal_tone_start), (68 bytes).
    Removing bluenrg_hal_aci.o(i.aci_hal_tone_stop), (58 bytes).
    Removing bluenrg_l2cap_aci.o(i.aci_l2cap_connection_parameter_update_request), (94 bytes).
    Removing bluenrg_l2cap_aci.o(i.aci_l2cap_connection_parameter_update_response_IDB04A1), (104 bytes).
    Removing bluenrg_l2cap_aci.o(i.aci_l2cap_connection_parameter_update_response_IDB05A1), (112 bytes).
    Removing bluenrg_utils_small.o(.rev16_text), (4 bytes).
    Removing bluenrg_utils_small.o(.revsh_text), (4 bytes).
    Removing bluenrg_utils_small.o(.rrx_text), (6 bytes).
    Removing gp_timer.o(i.Timer_Remaining), (18 bytes).
    Removing gp_timer.o(i.Timer_Reset), (10 bytes).
    Removing gp_timer.o(i.Timer_Restart), (12 bytes).
    Removing ble_list.o(.rev16_text), (4 bytes).
    Removing ble_list.o(.revsh_text), (4 bytes).
    Removing ble_list.o(.rrx_text), (6 bytes).
    Removing ble_list.o(i.list_get_next_node), (16 bytes).
    Removing ble_list.o(i.list_get_prev_node), (16 bytes).
    Removing ble_list.o(i.list_get_size), (28 bytes).
    Removing ble_list.o(i.list_insert_node_after), (24 bytes).
    Removing ble_list.o(i.list_insert_node_before), (24 bytes).
    Removing ble_list.o(i.list_remove_tail), (36 bytes).

471 unused section(s) (total 30623 bytes) removed from the image.

==============================================================================

Image Symbol Table

    Local Symbols

    Symbol Name                              Value     Ov Type        Size  Object(Section)

    ../clib/microlib/division.c              0x00000000   Number         0  uldiv.o ABSOLUTE
    ../clib/microlib/division.c              0x00000000   Number         0  uidiv.o ABSOLUTE
    ../clib/microlib/init/entry.s            0x00000000   Number         0  entry9a.o ABSOLUTE
    ../clib/microlib/init/entry.s            0x00000000   Number         0  entry11b.o ABSOLUTE
    ../clib/microlib/init/entry.s            0x00000000   Number         0  entry10b.o ABSOLUTE
    ../clib/microlib/init/entry.s            0x00000000   Number         0  entry10a.o ABSOLUTE
    ../clib/microlib/init/entry.s            0x00000000   Number         0  entry2.o ABSOLUTE
    ../clib/microlib/init/entry.s            0x00000000   Number         0  entry7a.o ABSOLUTE
    ../clib/microlib/init/entry.s            0x00000000   Number         0  entry.o ABSOLUTE
    ../clib/microlib/init/entry.s            0x00000000   Number         0  entry7b.o ABSOLUTE
    ../clib/microlib/init/entry.s            0x00000000   Number         0  entry11a.o ABSOLUTE
    ../clib/microlib/init/entry.s            0x00000000   Number         0  entry8a.o ABSOLUTE
    ../clib/microlib/init/entry.s            0x00000000   Number         0  entry8b.o ABSOLUTE
    ../clib/microlib/init/entry.s            0x00000000   Number         0  entry9b.o ABSOLUTE
    ../clib/microlib/init/entry.s            0x00000000   Number         0  entry5.o ABSOLUTE
    ../clib/microlib/longlong.c              0x00000000   Number         0  llsshr.o ABSOLUTE
    ../clib/microlib/longlong.c              0x00000000   Number         0  llushr.o ABSOLUTE
    ../clib/microlib/longlong.c              0x00000000   Number         0  llshl.o ABSOLUTE
    ../clib/microlib/printf/printf.c         0x00000000   Number         0  printfa.o ABSOLUTE
    ../clib/microlib/stdio/fputc.c           0x00000000   Number         0  fputc.o ABSOLUTE
    ../clib/microlib/stdio/semi.s            0x00000000   Number         0  semi.o ABSOLUTE
    ../clib/microlib/stdio/streams.c         0x00000000   Number         0  stdout.o ABSOLUTE
    ../clib/microlib/string/memcpy.c         0x00000000   Number         0  memcpy.o ABSOLUTE
    ../clib/microlib/string/memcpy.c         0x00000000   Number         0  memcpyc.o ABSOLUTE
    ../clib/microlib/string/memcpy.c         0x00000000   Number         0  memcpyb.o ABSOLUTE
    ../clib/microlib/string/memcpy.c         0x00000000   Number         0  memcpya.o ABSOLUTE
    ../clib/microlib/string/memset.c         0x00000000   Number         0  memseta.o ABSOLUTE
    ../clib/microlib/string/memset.c         0x00000000   Number         0  memset.o ABSOLUTE
    ../clib/microlib/stubs.s                 0x00000000   Number         0  iusesemip.o ABSOLUTE
    ../clib/microlib/stubs.s                 0x00000000   Number         0  iusefp.o ABSOLUTE
    ../fplib/microlib/fpadd.c                0x00000000   Number         0  dadd.o ABSOLUTE
    ../fplib/microlib/fpdiv.c                0x00000000   Number         0  ddiv.o ABSOLUTE
    ../fplib/microlib/fpepilogue.c           0x00000000   Number         0  depilogue.o ABSOLUTE
    ../fplib/microlib/fpfix.c                0x00000000   Number         0  dfixul.o ABSOLUTE
    ../fplib/microlib/fpmul.c                0x00000000   Number         0  dmul.o ABSOLUTE
    ..\..\..\..\..\..\Drivers\BSP\STM32F4xx-Nucleo\stm32f4xx_nucleo.c 0x00000000   Number         0  stm32f4xx_nucleo.o ABSOLUTE
    ..\..\..\..\..\..\Drivers\BSP\X-NUCLEO-IDB04A1\stm32_bluenrg_ble.c 0x00000000   Number         0  stm32_bluenrg_ble.o ABSOLUTE
    ..\..\..\..\..\..\Drivers\STM32F4xx_HAL_Driver\Src\stm32f4xx_hal.c 0x00000000   Number         0  stm32f4xx_hal.o ABSOLUTE
    ..\..\..\..\..\..\Drivers\STM32F4xx_HAL_Driver\Src\stm32f4xx_hal_adc.c 0x00000000   Number         0  stm32f4xx_hal_adc.o ABSOLUTE
    ..\..\..\..\..\..\Drivers\STM32F4xx_HAL_Driver\Src\stm32f4xx_hal_adc_ex.c 0x00000000   Number         0  stm32f4xx_hal_adc_ex.o ABSOLUTE
    ..\..\..\..\..\..\Drivers\STM32F4xx_HAL_Driver\Src\stm32f4xx_hal_cortex.c 0x00000000   Number         0  stm32f4xx_hal_cortex.o ABSOLUTE
    ..\..\..\..\..\..\Drivers\STM32F4xx_HAL_Driver\Src\stm32f4xx_hal_dma.c 0x00000000   Number         0  stm32f4xx_hal_dma.o ABSOLUTE
    ..\..\..\..\..\..\Drivers\STM32F4xx_HAL_Driver\Src\stm32f4xx_hal_flash.c 0x00000000   Number         0  stm32f4xx_hal_flash.o ABSOLUTE
    ..\..\..\..\..\..\Drivers\STM32F4xx_HAL_Driver\Src\stm32f4xx_hal_flash_ex.c 0x00000000   Number         0  stm32f4xx_hal_flash_ex.o ABSOLUTE
    ..\..\..\..\..\..\Drivers\STM32F4xx_HAL_Driver\Src\stm32f4xx_hal_gpio.c 0x00000000   Number         0  stm32f4xx_hal_gpio.o ABSOLUTE
    ..\..\..\..\..\..\Drivers\STM32F4xx_HAL_Driver\Src\stm32f4xx_hal_pwr.c 0x00000000   Number         0  stm32f4xx_hal_pwr.o ABSOLUTE
    ..\..\..\..\..\..\Drivers\STM32F4xx_HAL_Driver\Src\stm32f4xx_hal_pwr_ex.c 0x00000000   Number         0  stm32f4xx_hal_pwr_ex.o ABSOLUTE
    ..\..\..\..\..\..\Drivers\STM32F4xx_HAL_Driver\Src\stm32f4xx_hal_rcc.c 0x00000000   Number         0  stm32f4xx_hal_rcc.o ABSOLUTE
    ..\..\..\..\..\..\Drivers\STM32F4xx_HAL_Driver\Src\stm32f4xx_hal_rcc_ex.c 0x00000000   Number         0  stm32f4xx_hal_rcc_ex.o ABSOLUTE
    ..\..\..\..\..\..\Drivers\STM32F4xx_HAL_Driver\Src\stm32f4xx_hal_spi.c 0x00000000   Number         0  stm32f4xx_hal_spi.o ABSOLUTE
    ..\..\..\..\..\..\Drivers\STM32F4xx_HAL_Driver\Src\stm32f4xx_hal_uart.c 0x00000000   Number         0  stm32f4xx_hal_uart.o ABSOLUTE
    ..\..\..\..\..\..\Middlewares\ST\STM32_BlueNRG\Interface\bluenrg_itf_template.c 0x00000000   Number         0  bluenrg_itf_template.o ABSOLUTE
    ..\..\..\..\..\..\Middlewares\ST\STM32_BlueNRG\SimpleBlueNRG_HCI\hci\controller\bluenrg_gap_aci.c 0x00000000   Number         0  bluenrg_gap_aci.o ABSOLUTE
    ..\..\..\..\..\..\Middlewares\ST\STM32_BlueNRG\SimpleBlueNRG_HCI\hci\controller\bluenrg_gatt_aci.c 0x00000000   Number         0  bluenrg_gatt_aci.o ABSOLUTE
    ..\..\..\..\..\..\Middlewares\ST\STM32_BlueNRG\SimpleBlueNRG_HCI\hci\controller\bluenrg_hal_aci.c 0x00000000   Number         0  bluenrg_hal_aci.o ABSOLUTE
    ..\..\..\..\..\..\Middlewares\ST\STM32_BlueNRG\SimpleBlueNRG_HCI\hci\controller\bluenrg_l2cap_aci.c 0x00000000   Number         0  bluenrg_l2cap_aci.o ABSOLUTE
    ..\..\..\..\..\..\Middlewares\ST\STM32_BlueNRG\SimpleBlueNRG_HCI\hci\controller\bluenrg_utils_small.c 0x00000000   Number         0  bluenrg_utils_small.o ABSOLUTE
    ..\..\..\..\..\..\Middlewares\ST\STM32_BlueNRG\SimpleBlueNRG_HCI\hci\hci.c 0x00000000   Number         0  hci.o ABSOLUTE
    ..\..\..\..\..\..\Middlewares\ST\STM32_BlueNRG\SimpleBlueNRG_HCI\utils\ble_list.c 0x00000000   Number         0  ble_list.o ABSOLUTE
    ..\..\..\..\..\..\Middlewares\ST\STM32_BlueNRG\SimpleBlueNRG_HCI\utils\gp_timer.c 0x00000000   Number         0  gp_timer.o ABSOLUTE
    ..\..\..\..\..\..\Middlewares\ST\STM32_BlueNRG\SimpleBlueNRG_HCI\utils\osal.c 0x00000000   Number         0  osal.o ABSOLUTE
    ..\..\Src\bluenrg_interface.c            0x00000000   Number         0  bluenrg_interface.o ABSOLUTE
    ..\..\Src\clock.c                        0x00000000   Number         0  clock.o ABSOLUTE
    ..\..\Src\cube_hal_f4.c                  0x00000000   Number         0  cube_hal_f4.o ABSOLUTE
    ..\..\Src\main.c                         0x00000000   Number         0  main.o ABSOLUTE
    ..\..\Src\sample_service.c               0x00000000   Number         0  sample_service.o ABSOLUTE
    ..\..\Src\stm32xx_it.c                   0x00000000   Number         0  stm32xx_it.o ABSOLUTE
    ..\..\Src\system_stm32f4xx.c             0x00000000   Number         0  system_stm32f4xx.o ABSOLUTE
    ..\..\Src\uart_support.c                 0x00000000   Number         0  uart_support.o ABSOLUTE
    ..\\..\\..\\..\\..\\..\\Drivers\\BSP\\STM32F4xx-Nucleo\\stm32f4xx_nucleo.c 0x00000000   Number         0  stm32f4xx_nucleo.o ABSOLUTE
    ..\\..\\..\\..\\..\\..\\Drivers\\BSP\\X-NUCLEO-IDB04A1\\stm32_bluenrg_ble.c 0x00000000   Number         0  stm32_bluenrg_ble.o ABSOLUTE
    ..\\..\\..\\..\\..\\..\\Drivers\\STM32F4xx_HAL_Driver\\Src\\stm32f4xx_hal.c 0x00000000   Number         0  stm32f4xx_hal.o ABSOLUTE
    ..\\..\\..\\..\\..\\..\\Drivers\\STM32F4xx_HAL_Driver\\Src\\stm32f4xx_hal_adc.c 0x00000000   Number         0  stm32f4xx_hal_adc.o ABSOLUTE
    ..\\..\\..\\..\\..\\..\\Drivers\\STM32F4xx_HAL_Driver\\Src\\stm32f4xx_hal_adc_ex.c 0x00000000   Number         0  stm32f4xx_hal_adc_ex.o ABSOLUTE
    ..\\..\\..\\..\\..\\..\\Drivers\\STM32F4xx_HAL_Driver\\Src\\stm32f4xx_hal_cortex.c 0x00000000   Number         0  stm32f4xx_hal_cortex.o ABSOLUTE
    ..\\..\\..\\..\\..\\..\\Drivers\\STM32F4xx_HAL_Driver\\Src\\stm32f4xx_hal_dma.c 0x00000000   Number         0  stm32f4xx_hal_dma.o ABSOLUTE
    ..\\..\\..\\..\\..\\..\\Drivers\\STM32F4xx_HAL_Driver\\Src\\stm32f4xx_hal_flash.c 0x00000000   Number         0  stm32f4xx_hal_flash.o ABSOLUTE
    ..\\..\\..\\..\\..\\..\\Drivers\\STM32F4xx_HAL_Driver\\Src\\stm32f4xx_hal_flash_ex.c 0x00000000   Number         0  stm32f4xx_hal_flash_ex.o ABSOLUTE
    ..\\..\\..\\..\\..\\..\\Drivers\\STM32F4xx_HAL_Driver\\Src\\stm32f4xx_hal_gpio.c 0x00000000   Number         0  stm32f4xx_hal_gpio.o ABSOLUTE
    ..\\..\\..\\..\\..\\..\\Drivers\\STM32F4xx_HAL_Driver\\Src\\stm32f4xx_hal_pwr.c 0x00000000   Number         0  stm32f4xx_hal_pwr.o ABSOLUTE
    ..\\..\\..\\..\\..\\..\\Drivers\\STM32F4xx_HAL_Driver\\Src\\stm32f4xx_hal_pwr_ex.c 0x00000000   Number         0  stm32f4xx_hal_pwr_ex.o ABSOLUTE
    ..\\..\\..\\..\\..\\..\\Drivers\\STM32F4xx_HAL_Driver\\Src\\stm32f4xx_hal_rcc.c 0x00000000   Number         0  stm32f4xx_hal_rcc.o ABSOLUTE
    ..\\..\\..\\..\\..\\..\\Drivers\\STM32F4xx_HAL_Driver\\Src\\stm32f4xx_hal_rcc_ex.c 0x00000000   Number         0  stm32f4xx_hal_rcc_ex.o ABSOLUTE
    ..\\..\\..\\..\\..\\..\\Drivers\\STM32F4xx_HAL_Driver\\Src\\stm32f4xx_hal_spi.c 0x00000000   Number         0  stm32f4xx_hal_spi.o ABSOLUTE
    ..\\..\\..\\..\\..\\..\\Drivers\\STM32F4xx_HAL_Driver\\Src\\stm32f4xx_hal_uart.c 0x00000000   Number         0  stm32f4xx_hal_uart.o ABSOLUTE
    ..\\..\\..\\..\\..\\..\\Middlewares\\ST\\STM32_BlueNRG\\SimpleBlueNRG_HCI\\hci\\controller\\bluenrg_utils_small.c 0x00000000   Number         0  bluenrg_utils_small.o ABSOLUTE
    ..\\..\\..\\..\\..\\..\\Middlewares\\ST\\STM32_BlueNRG\\SimpleBlueNRG_HCI\\hci\\hci.c 0x00000000   Number         0  hci.o ABSOLUTE
    ..\\..\\..\\..\\..\\..\\Middlewares\\ST\\STM32_BlueNRG\\SimpleBlueNRG_HCI\\utils\\ble_list.c 0x00000000   Number         0  ble_list.o ABSOLUTE
    ..\\..\\Src\\bluenrg_interface.c         0x00000000   Number         0  bluenrg_interface.o ABSOLUTE
    ..\\..\\Src\\clock.c                     0x00000000   Number         0  clock.o ABSOLUTE
    ..\\..\\Src\\cube_hal_f4.c               0x00000000   Number         0  cube_hal_f4.o ABSOLUTE
    ..\\..\\Src\\main.c                      0x00000000   Number         0  main.o ABSOLUTE
    ..\\..\\Src\\sample_service.c            0x00000000   Number         0  sample_service.o ABSOLUTE
    ..\\..\\Src\\stm32xx_it.c                0x00000000   Number         0  stm32xx_it.o ABSOLUTE
    ..\\..\\Src\\system_stm32f4xx.c          0x00000000   Number         0  system_stm32f4xx.o ABSOLUTE
    ..\\..\\Src\\uart_support.c              0x00000000   Number         0  uart_support.o ABSOLUTE
    cdrcmple.s                               0x00000000   Number         0  cdrcmple.o ABSOLUTE
    dc.s                                     0x00000000   Number         0  dc.o ABSOLUTE
    handlers.s                               0x00000000   Number         0  handlers.o ABSOLUTE
    init.s                                   0x00000000   Number         0  init.o ABSOLUTE
    startup_stm32f401xe.s                    0x00000000   Number         0  startup_stm32f401xe.o ABSOLUTE
    RESET                                    0x08000000   Section      404  startup_stm32f401xe.o(RESET)
    .ARM.Collect$$$$00000000                 0x08000194   Section        0  entry.o(.ARM.Collect$$$$00000000)
    .ARM.Collect$$$$00000001                 0x08000194   Section        4  entry2.o(.ARM.Collect$$$$00000001)
    .ARM.Collect$$$$00000004                 0x08000198   Section        4  entry5.o(.ARM.Collect$$$$00000004)
    .ARM.Collect$$$$00000008                 0x0800019c   Section        0  entry7b.o(.ARM.Collect$$$$00000008)
    .ARM.Collect$$$$0000000A                 0x0800019c   Section        0  entry8b.o(.ARM.Collect$$$$0000000A)
    .ARM.Collect$$$$0000000B                 0x0800019c   Section        8  entry9a.o(.ARM.Collect$$$$0000000B)
    .ARM.Collect$$$$0000000D                 0x080001a4   Section        0  entry10a.o(.ARM.Collect$$$$0000000D)
    .ARM.Collect$$$$0000000F                 0x080001a4   Section        0  entry11a.o(.ARM.Collect$$$$0000000F)
    .ARM.Collect$$$$00002712                 0x080001a4   Section        4  entry2.o(.ARM.Collect$$$$00002712)
    __lit__00000000                          0x080001a4   Data           4  entry2.o(.ARM.Collect$$$$00002712)
    .text                                    0x080001a8   Section       36  startup_stm32f401xe.o(.text)
    $v0                                      0x080001a8   Number         0  startup_stm32f401xe.o(.text)
    .text                                    0x080001cc   Section        0  memcpy.o(.text)
    .text                                    0x080001f4   Section        0  memset.o(.text)
    .text                                    0x08000206   Section        0  uidiv.o(.text)
    .text                                    0x08000232   Section        0  uldiv.o(.text)
    .text                                    0x08000294   Section        0  iusefp.o(.text)
    .text                                    0x08000294   Section        0  dadd.o(.text)
    .text                                    0x080003e2   Section        0  dmul.o(.text)
    .text                                    0x080004c6   Section        0  ddiv.o(.text)
    .text                                    0x080005a4   Section        0  dfixul.o(.text)
    .text                                    0x080005d4   Section       48  cdrcmple.o(.text)
    .text                                    0x08000604   Section       36  init.o(.text)
    .text                                    0x08000628   Section        0  llshl.o(.text)
    .text                                    0x08000646   Section        0  llushr.o(.text)
    .text                                    0x08000666   Section        0  llsshr.o(.text)
    .text                                    0x0800068a   Section        0  depilogue.o(.text)
    i.Add_Sample_Service                     0x08000744   Section        0  sample_service.o(i.Add_Sample_Service)
    i.Attribute_Modified_CB                  0x08000874   Section        0  sample_service.o(i.Attribute_Modified_CB)
    i.BNRG_SPI_Init                          0x080008a0   Section        0  stm32_bluenrg_ble.o(i.BNRG_SPI_Init)
    i.BSP_LED_Init                           0x080008d8   Section        0  stm32f4xx_nucleo.o(i.BSP_LED_Init)
    i.BSP_LED_Off                            0x08000930   Section        0  stm32f4xx_nucleo.o(i.BSP_LED_Off)
    i.BSP_LED_On                             0x0800094c   Section        0  stm32f4xx_nucleo.o(i.BSP_LED_On)
    i.BSP_LED_Toggle                         0x08000968   Section        0  stm32f4xx_nucleo.o(i.BSP_LED_Toggle)
    i.BSP_PB_GetState                        0x08000980   Section        0  stm32f4xx_nucleo.o(i.BSP_PB_GetState)
    i.BSP_PB_Init                            0x08000998   Section        0  stm32f4xx_nucleo.o(i.BSP_PB_Init)
    i.BlueNRG_DataPresent                    0x08000a14   Section        0  stm32_bluenrg_ble.o(i.BlueNRG_DataPresent)
    i.BlueNRG_RST                            0x08000a2c   Section        0  stm32_bluenrg_ble.o(i.BlueNRG_RST)
    i.BlueNRG_SPI_Read_All                   0x08000a5c   Section        0  stm32_bluenrg_ble.o(i.BlueNRG_SPI_Read_All)
    i.BlueNRG_SPI_Write                      0x08000af8   Section        0  stm32_bluenrg_ble.o(i.BlueNRG_SPI_Write)
    i.Clear_SPI_EXTI_Flag                    0x08000bac   Section        0  stm32_bluenrg_ble.o(i.Clear_SPI_EXTI_Flag)
    i.Clock_Time                             0x08000bb8   Section        0  clock.o(i.Clock_Time)
    i.Clock_Wait                             0x08000bbc   Section        0  clock.o(i.Clock_Wait)
    i.DebugMon_Handler                       0x08000bc0   Section        0  stm32xx_it.o(i.DebugMon_Handler)
    i.Disable_SPI_IRQ                        0x08000bc2   Section        0  stm32_bluenrg_ble.o(i.Disable_SPI_IRQ)
    i.EXTI0_IRQHandler                       0x08000bc8   Section        0  stm32xx_it.o(i.EXTI0_IRQHandler)
    i.EXTI15_10_IRQHandler                   0x08000bd0   Section        0  stm32xx_it.o(i.EXTI15_10_IRQHandler)
    i.Enable_SPI_IRQ                         0x08000be8   Section        0  stm32_bluenrg_ble.o(i.Enable_SPI_IRQ)
    i.Error_Handler                          0x08000bee   Section        0  main.o(i.Error_Handler)
    i.GAP_ConnectionComplete_CB              0x08000bfc   Section        0  sample_service.o(i.GAP_ConnectionComplete_CB)
    i.GAP_DisconnectionComplete_CB           0x08000c58   Section        0  sample_service.o(i.GAP_DisconnectionComplete_CB)
    i.GATT_Notification_CB                   0x08000c8c   Section        0  sample_service.o(i.GATT_Notification_CB)
    i.HAL_Delay                              0x08000db4   Section        0  stm32f4xx_hal.o(i.HAL_Delay)
    i.HAL_GPIO_EXTI_Callback                 0x08000dca   Section        0  bluenrg_interface.o(i.HAL_GPIO_EXTI_Callback)
    i.HAL_GPIO_EXTI_IRQHandler               0x08000dd0   Section        0  stm32f4xx_hal_gpio.o(i.HAL_GPIO_EXTI_IRQHandler)
    i.HAL_GPIO_Init                          0x08000de8   Section        0  stm32f4xx_hal_gpio.o(i.HAL_GPIO_Init)
    i.HAL_GPIO_ReadPin                       0x08000f70   Section        0  stm32f4xx_hal_gpio.o(i.HAL_GPIO_ReadPin)
    i.HAL_GPIO_TogglePin                     0x08000f7a   Section        0  stm32f4xx_hal_gpio.o(i.HAL_GPIO_TogglePin)
    i.HAL_GPIO_WritePin                      0x08000f82   Section        0  stm32f4xx_hal_gpio.o(i.HAL_GPIO_WritePin)
    i.HAL_GetTick                            0x08000f8c   Section        0  stm32f4xx_hal.o(i.HAL_GetTick)
    i.HAL_IncTick                            0x08000f98   Section        0  stm32f4xx_hal.o(i.HAL_IncTick)
    i.HAL_Init                               0x08000fa8   Section        0  stm32f4xx_hal.o(i.HAL_Init)
    i.HAL_InitTick                           0x08000fdc   Section        0  stm32f4xx_hal.o(i.HAL_InitTick)
    i.HAL_MspInit                            0x08001004   Section        0  stm32f4xx_hal.o(i.HAL_MspInit)
    i.HAL_NVIC_DisableIRQ                    0x08001006   Section        0  stm32f4xx_hal_cortex.o(i.HAL_NVIC_DisableIRQ)
    i.HAL_NVIC_EnableIRQ                     0x0800101c   Section        0  stm32f4xx_hal_cortex.o(i.HAL_NVIC_EnableIRQ)
    i.HAL_NVIC_SetPriority                   0x08001034   Section        0  stm32f4xx_hal_cortex.o(i.HAL_NVIC_SetPriority)
    i.HAL_NVIC_SetPriorityGrouping           0x08001074   Section        0  stm32f4xx_hal_cortex.o(i.HAL_NVIC_SetPriorityGrouping)
    i.HAL_RCC_ClockConfig                    0x08001098   Section        0  stm32f4xx_hal_rcc.o(i.HAL_RCC_ClockConfig)
    i.HAL_RCC_GetPCLK1Freq                   0x08001214   Section        0  stm32f4xx_hal_rcc.o(i.HAL_RCC_GetPCLK1Freq)
    i.HAL_RCC_GetPCLK2Freq                   0x08001244   Section        0  stm32f4xx_hal_rcc.o(i.HAL_RCC_GetPCLK2Freq)
    i.HAL_RCC_GetSysClockFreq                0x08001274   Section        0  stm32f4xx_hal_rcc.o(i.HAL_RCC_GetSysClockFreq)
    i.HAL_RCC_OscConfig                      0x080012e8   Section        0  stm32f4xx_hal_rcc.o(i.HAL_RCC_OscConfig)
    i.HAL_SPI_Init                           0x080015cc   Section        0  stm32f4xx_hal_spi.o(i.HAL_SPI_Init)
    i.HAL_SPI_MspInit                        0x08001658   Section        0  stm32_bluenrg_ble.o(i.HAL_SPI_MspInit)
    i.HAL_SPI_TransmitReceive                0x080017a8   Section        0  stm32f4xx_hal_spi.o(i.HAL_SPI_TransmitReceive)
    i.HAL_SYSTICK_Config                     0x08001a16   Section        0  stm32f4xx_hal_cortex.o(i.HAL_SYSTICK_Config)
    i.HAL_UART_Init                          0x08001a3e   Section        0  stm32f4xx_hal_uart.o(i.HAL_UART_Init)
    i.HAL_UART_MspInit                       0x08001aa0   Section        0  main.o(i.HAL_UART_MspInit)
    i.HAL_UART_Transmit                      0x08001b10   Section        0  stm32f4xx_hal_uart.o(i.HAL_UART_Transmit)
    i.HCI_Event_CB                           0x08001bcc   Section        0  sample_service.o(i.HCI_Event_CB)
    i.HCI_Init                               0x08001d1c   Section        0  hci.o(i.HCI_Init)
    i.HCI_Isr                                0x08001d54   Section        0  hci.o(i.HCI_Isr)
    i.HCI_Process                            0x08001dc4   Section        0  hci.o(i.HCI_Process)
    i.HCI_Queue_Empty                        0x08001e38   Section        0  hci.o(i.HCI_Queue_Empty)
    i.HCI_verify                             0x08001e44   Section        0  hci.o(i.HCI_verify)
    i.Hal_Write_Serial                       0x08001e68   Section        0  stm32_bluenrg_ble.o(i.Hal_Write_Serial)
    i.HardFault_Handler                      0x08001eac   Section        0  stm32xx_it.o(i.HardFault_Handler)
    i.Make_Connection                        0x08001eb0   Section        0  sample_service.o(i.Make_Connection)
    i.NMI_Handler                            0x08001fc8   Section        0  stm32xx_it.o(i.NMI_Handler)
    i.NVIC_SetPriority                       0x08001fca   Section        0  stm32f4xx_hal_cortex.o(i.NVIC_SetPriority)
    NVIC_SetPriority                         0x08001fcb   Thumb Code    32  stm32f4xx_hal_cortex.o(i.NVIC_SetPriority)
    i.Osal_MemCpy                            0x08001fea   Section        0  osal.o(i.Osal_MemCpy)
    i.Osal_MemSet                            0x08001fee   Section        0  osal.o(i.Osal_MemSet)
    i.PRINT_MESG_UART                        0x08001ff4   Section        0  uart_support.o(i.PRINT_MESG_UART)
    i.PendSV_Handler                         0x08002028   Section        0  stm32xx_it.o(i.PendSV_Handler)
    i.SPI_CheckFlag_BSY                      0x0800202a   Section        0  stm32f4xx_hal_spi.o(i.SPI_CheckFlag_BSY)
    SPI_CheckFlag_BSY                        0x0800202b   Thumb Code    32  stm32f4xx_hal_spi.o(i.SPI_CheckFlag_BSY)
    i.SPI_WaitFlagStateUntilTimeout          0x0800204a   Section        0  stm32f4xx_hal_spi.o(i.SPI_WaitFlagStateUntilTimeout)
    SPI_WaitFlagStateUntilTimeout            0x0800204b   Thumb Code   150  stm32f4xx_hal_spi.o(i.SPI_WaitFlagStateUntilTimeout)
    i.SVC_Handler                            0x080020e0   Section        0  stm32xx_it.o(i.SVC_Handler)
    i.SysTick_Handler                        0x080020e4   Section        0  stm32xx_it.o(i.SysTick_Handler)
    i.SystemClock_Config                     0x080020f8   Section        0  cube_hal_f4.o(i.SystemClock_Config)
    i.SystemInit                             0x08002134   Section        0  system_stm32f4xx.o(i.SystemInit)
    i.Timer_Expired                          0x08002188   Section        0  gp_timer.o(i.Timer_Expired)
    i.Timer_Set                              0x080021a4   Section        0  gp_timer.o(i.Timer_Set)
    i.UART_SetConfig                         0x080021b4   Section        0  stm32f4xx_hal_uart.o(i.UART_SetConfig)
    UART_SetConfig                           0x080021b5   Thumb Code   676  stm32f4xx_hal_uart.o(i.UART_SetConfig)
    i.UART_WaitOnFlagUntilTimeout            0x08002460   Section        0  stm32f4xx_hal_uart.o(i.UART_WaitOnFlagUntilTimeout)
    UART_WaitOnFlagUntilTimeout              0x08002461   Thumb Code   100  stm32f4xx_hal_uart.o(i.UART_WaitOnFlagUntilTimeout)
    i.User_Process                           0x080024c4   Section        0  main.o(i.User_Process)
    i.__0vsnprintf                           0x0800257c   Section        0  printfa.o(i.__0vsnprintf)
    i.__scatterload_copy                     0x080025a0   Section       14  handlers.o(i.__scatterload_copy)
    i.__scatterload_null                     0x080025ae   Section        2  handlers.o(i.__scatterload_null)
    i.__scatterload_zeroinit                 0x080025b0   Section       14  handlers.o(i.__scatterload_zeroinit)
    i._fp_digits                             0x080025c0   Section        0  printfa.o(i._fp_digits)
    _fp_digits                               0x080025c1   Thumb Code   334  printfa.o(i._fp_digits)
    i._printf_core                           0x08002724   Section        0  printfa.o(i._printf_core)
    _printf_core                             0x08002725   Thumb Code  1744  printfa.o(i._printf_core)
    i._printf_post_padding                   0x08002e00   Section        0  printfa.o(i._printf_post_padding)
    _printf_post_padding                     0x08002e01   Thumb Code    36  printfa.o(i._printf_post_padding)
    i._printf_pre_padding                    0x08002e24   Section        0  printfa.o(i._printf_pre_padding)
    _printf_pre_padding                      0x08002e25   Thumb Code    46  printfa.o(i._printf_pre_padding)
    i._snputc                                0x08002e52   Section        0  printfa.o(i._snputc)
    _snputc                                  0x08002e53   Thumb Code    22  printfa.o(i._snputc)
    i.aci_gap_create_connection              0x08002e68   Section        0  bluenrg_gap_aci.o(i.aci_gap_create_connection)
    i.aci_gap_init_IDB04A1                   0x08002eea   Section        0  bluenrg_gap_aci.o(i.aci_gap_init_IDB04A1)
    i.aci_gap_init_IDB05A1                   0x08002f58   Section        0  bluenrg_gap_aci.o(i.aci_gap_init_IDB05A1)
    i.aci_gap_set_auth_requirement           0x08002fce   Section        0  bluenrg_gap_aci.o(i.aci_gap_set_auth_requirement)
    i.aci_gap_set_discoverable               0x08003044   Section        0  bluenrg_gap_aci.o(i.aci_gap_set_discoverable)
    i.aci_gatt_add_char                      0x08003104   Section        0  bluenrg_gatt_aci.o(i.aci_gatt_add_char)
    i.aci_gatt_add_serv                      0x080031be   Section        0  bluenrg_gatt_aci.o(i.aci_gatt_add_serv)
    i.aci_gatt_disc_charac_by_uuid           0x08003242   Section        0  bluenrg_gatt_aci.o(i.aci_gatt_disc_charac_by_uuid)
    i.aci_gatt_init                          0x080032c4   Section        0  bluenrg_gatt_aci.o(i.aci_gatt_init)
    i.aci_gatt_update_char_value             0x08003300   Section        0  bluenrg_gatt_aci.o(i.aci_gatt_update_char_value)
    i.aci_gatt_write_charac_descriptor       0x08003380   Section        0  bluenrg_gatt_aci.o(i.aci_gatt_write_charac_descriptor)
    i.aci_gatt_write_without_response        0x080033f8   Section        0  bluenrg_gatt_aci.o(i.aci_gatt_write_without_response)
    i.aci_hal_set_tx_power_level             0x0800345c   Section        0  bluenrg_hal_aci.o(i.aci_hal_set_tx_power_level)
    i.aci_hal_write_config_data              0x080034a6   Section        0  bluenrg_hal_aci.o(i.aci_hal_write_config_data)
    i.enableNotification                     0x08003508   Section        0  sample_service.o(i.enableNotification)
    i.getBlueNRGVersion                      0x08003554   Section        0  bluenrg_utils_small.o(i.getBlueNRGVersion)
    i.hci_le_read_local_version              0x080035a6   Section        0  hci.o(i.hci_le_read_local_version)
    i.hci_le_set_scan_resp_data              0x08003626   Section        0  hci.o(i.hci_le_set_scan_resp_data)
    i.hci_send_cmd                           0x0800368a   Section        0  hci.o(i.hci_send_cmd)
    i.hci_send_req                           0x080036bc   Section        0  hci.o(i.hci_send_req)
    i.hci_write                              0x08003800   Section        0  hci.o(i.hci_write)
    i.list_init_head                         0x08003804   Section        0  ble_list.o(i.list_init_head)
    i.list_insert_head                       0x0800380a   Section        0  ble_list.o(i.list_insert_head)
    i.list_insert_tail                       0x08003822   Section        0  ble_list.o(i.list_insert_tail)
    i.list_is_empty                          0x0800383a   Section        0  ble_list.o(i.list_is_empty)
    i.list_remove_head                       0x08003852   Section        0  ble_list.o(i.list_remove_head)
    i.list_remove_node                       0x08003876   Section        0  ble_list.o(i.list_remove_node)
    i.main                                   0x0800388c   Section        0  main.o(i.main)
    i.move_list                              0x08003adc   Section        0  hci.o(i.move_list)
    move_list                                0x08003add   Thumb Code    36  hci.o(i.move_list)
    i.receiveData                            0x08003b00   Section        0  sample_service.o(i.receiveData)
    i.sendData                               0x08003b24   Section        0  sample_service.o(i.sendData)
    i.startReadRXCharHandle                  0x08003c7c   Section        0  sample_service.o(i.startReadRXCharHandle)
    i.startReadTXCharHandle                  0x08003ce8   Section        0  sample_service.o(i.startReadTXCharHandle)
    i.vcom_init                              0x08003d54   Section        0  main.o(i.vcom_init)
    .constdata                               0x08003d88   Section        4  clock.o(.constdata)
    .constdata                               0x08003d8c   Section        6  stm32f4xx_nucleo.o(.constdata)
    .constdata                               0x08003d92   Section       16  stm32f4xx_hal_rcc.o(.constdata)
    .data                                    0x20000000   Section        2  main.o(.data)
    .data                                    0x20000002   Section        1  main.o(.data)
    .data                                    0x20000004   Section       60  sample_service.o(.data)
    packets                                  0x2000001c   Data           4  sample_service.o(.data)
    time                                     0x20000020   Data           4  sample_service.o(.data)
    time2                                    0x20000024   Data           4  sample_service.o(.data)
    time                                     0x20000028   Data           4  sample_service.o(.data)
    time2                                    0x2000002c   Data           4  sample_service.o(.data)
    packets                                  0x20000030   Data           4  sample_service.o(.data)
    n_packet1                                0x20000034   Data           4  sample_service.o(.data)
    n_packet2                                0x20000038   Data           4  sample_service.o(.data)
    lost_packets                             0x2000003c   Data           4  sample_service.o(.data)
    .data                                    0x20000040   Section        8  stm32xx_it.o(.data)
    .data                                    0x20000048   Section       12  stm32f4xx_nucleo.o(.data)
    .data                                    0x20000054   Section        4  system_stm32f4xx.o(.data)
    .data                                    0x20000058   Section        4  stm32f4xx_hal.o(.data)
    .data                                    0x2000005c   Section       20  hci.o(.data)
    readPacketListFull                       0x2000005c   Data           1  hci.o(.data)
    hci_timeout                              0x2000005d   Data           1  hci.o(.data)
    .bss                                     0x20000070   Section       64  main.o(.bss)
    .bss                                     0x200000b0   Section       88  stm32_bluenrg_ble.o(.bss)
    .bss                                     0x20000108   Section      700  hci.o(.bss)
    hciReadPacketBuffer                      0x20000108   Data         700  hci.o(.bss)
    STACK                                    0x200003c8   Section     1024  startup_stm32f401xe.o(STACK)

    Global Symbols

    Symbol Name                              Value     Ov Type        Size  Object(Section)

    BuildAttributes$$THM_ISAv4$E$P$D$K$B$S$7EM$VFPi3$EXTD16$VFPS$VFMA$PE$A:L22UL41UL21$X:L11$S22US41US21$IEEE1$IW$USESV6$~STKCKD$USESV7$~SHL$OSPACE$ROPI$EBA8$MICROLIB$REQ8$PRES8$EABIv2 0x00000000   Number         0  anon$$obj.o ABSOLUTE
    __ARM_use_no_argv                        0x00000000   Number         0  main.o ABSOLUTE
    __cpp_initialize__aeabi_                  - Undefined Weak Reference
    __cxa_finalize                            - Undefined Weak Reference
    __decompress                              - Undefined Weak Reference
    _clock_init                               - Undefined Weak Reference
    _microlib_exit                            - Undefined Weak Reference
    __Vectors_Size                           0x00000194   Number         0  startup_stm32f401xe.o ABSOLUTE
    __Vectors                                0x08000000   Data           4  startup_stm32f401xe.o(RESET)
    __Vectors_End                            0x08000194   Data           0  startup_stm32f401xe.o(RESET)
    __main                                   0x08000195   Thumb Code     0  entry.o(.ARM.Collect$$$$00000000)
    _main_stk                                0x08000195   Thumb Code     0  entry2.o(.ARM.Collect$$$$00000001)
    _main_scatterload                        0x08000199   Thumb Code     0  entry5.o(.ARM.Collect$$$$00000004)
    __main_after_scatterload                 0x0800019d   Thumb Code     0  entry5.o(.ARM.Collect$$$$00000004)
    _main_clock                              0x0800019d   Thumb Code     0  entry7b.o(.ARM.Collect$$$$00000008)
    _main_cpp_init                           0x0800019d   Thumb Code     0  entry8b.o(.ARM.Collect$$$$0000000A)
    _main_init                               0x0800019d   Thumb Code     0  entry9a.o(.ARM.Collect$$$$0000000B)
    __rt_final_cpp                           0x080001a5   Thumb Code     0  entry10a.o(.ARM.Collect$$$$0000000D)
    __rt_final_exit                          0x080001a5   Thumb Code     0  entry11a.o(.ARM.Collect$$$$0000000F)
    Reset_Handler                            0x080001a9   Thumb Code     8  startup_stm32f401xe.o(.text)
    MemManage_Handler                        0x080001b5   Thumb Code     2  startup_stm32f401xe.o(.text)
    BusFault_Handler                         0x080001b7   Thumb Code     2  startup_stm32f401xe.o(.text)
    UsageFault_Handler                       0x080001b9   Thumb Code     2  startup_stm32f401xe.o(.text)
    ADC_IRQHandler                           0x080001c3   Thumb Code     0  startup_stm32f401xe.o(.text)
    DMA1_Stream0_IRQHandler                  0x080001c3   Thumb Code     0  startup_stm32f401xe.o(.text)
    DMA1_Stream1_IRQHandler                  0x080001c3   Thumb Code     0  startup_stm32f401xe.o(.text)
    DMA1_Stream2_IRQHandler                  0x080001c3   Thumb Code     0  startup_stm32f401xe.o(.text)
    DMA1_Stream3_IRQHandler                  0x080001c3   Thumb Code     0  startup_stm32f401xe.o(.text)
    DMA1_Stream4_IRQHandler                  0x080001c3   Thumb Code     0  startup_stm32f401xe.o(.text)
    DMA1_Stream5_IRQHandler                  0x080001c3   Thumb Code     0  startup_stm32f401xe.o(.text)
    DMA1_Stream6_IRQHandler                  0x080001c3   Thumb Code     0  startup_stm32f401xe.o(.text)
    DMA1_Stream7_IRQHandler                  0x080001c3   Thumb Code     0  startup_stm32f401xe.o(.text)
    DMA2_Stream0_IRQHandler                  0x080001c3   Thumb Code     0  startup_stm32f401xe.o(.text)
    DMA2_Stream1_IRQHandler                  0x080001c3   Thumb Code     0  startup_stm32f401xe.o(.text)
    DMA2_Stream2_IRQHandler                  0x080001c3   Thumb Code     0  startup_stm32f401xe.o(.text)
    DMA2_Stream3_IRQHandler                  0x080001c3   Thumb Code     0  startup_stm32f401xe.o(.text)
    DMA2_Stream4_IRQHandler                  0x080001c3   Thumb Code     0  startup_stm32f401xe.o(.text)
    DMA2_Stream5_IRQHandler                  0x080001c3   Thumb Code     0  startup_stm32f401xe.o(.text)
    DMA2_Stream6_IRQHandler                  0x080001c3   Thumb Code     0  startup_stm32f401xe.o(.text)
    DMA2_Stream7_IRQHandler                  0x080001c3   Thumb Code     0  startup_stm32f401xe.o(.text)
    EXTI1_IRQHandler                         0x080001c3   Thumb Code     0  startup_stm32f401xe.o(.text)
    EXTI2_IRQHandler                         0x080001c3   Thumb Code     0  startup_stm32f401xe.o(.text)
    EXTI3_IRQHandler                         0x080001c3   Thumb Code     0  startup_stm32f401xe.o(.text)
    EXTI4_IRQHandler                         0x080001c3   Thumb Code     0  startup_stm32f401xe.o(.text)
    EXTI9_5_IRQHandler                       0x080001c3   Thumb Code     0  startup_stm32f401xe.o(.text)
    FLASH_IRQHandler                         0x080001c3   Thumb Code     0  startup_stm32f401xe.o(.text)
    FPU_IRQHandler                           0x080001c3   Thumb Code     0  startup_stm32f401xe.o(.text)
    I2C1_ER_IRQHandler                       0x080001c3   Thumb Code     0  startup_stm32f401xe.o(.text)
    I2C1_EV_IRQHandler                       0x080001c3   Thumb Code     0  startup_stm32f401xe.o(.text)
    I2C2_ER_IRQHandler                       0x080001c3   Thumb Code     0  startup_stm32f401xe.o(.text)
    I2C2_EV_IRQHandler                       0x080001c3   Thumb Code     0  startup_stm32f401xe.o(.text)
    I2C3_ER_IRQHandler                       0x080001c3   Thumb Code     0  startup_stm32f401xe.o(.text)
    I2C3_EV_IRQHandler                       0x080001c3   Thumb Code     0  startup_stm32f401xe.o(.text)
    OTG_FS_IRQHandler                        0x080001c3   Thumb Code     0  startup_stm32f401xe.o(.text)
    OTG_FS_WKUP_IRQHandler                   0x080001c3   Thumb Code     0  startup_stm32f401xe.o(.text)
    PVD_IRQHandler                           0x080001c3   Thumb Code     0  startup_stm32f401xe.o(.text)
    RCC_IRQHandler                           0x080001c3   Thumb Code     0  startup_stm32f401xe.o(.text)
    RTC_Alarm_IRQHandler                     0x080001c3   Thumb Code     0  startup_stm32f401xe.o(.text)
    RTC_WKUP_IRQHandler                      0x080001c3   Thumb Code     0  startup_stm32f401xe.o(.text)
    SDIO_IRQHandler                          0x080001c3   Thumb Code     0  startup_stm32f401xe.o(.text)
    SPI1_IRQHandler                          0x080001c3   Thumb Code     0  startup_stm32f401xe.o(.text)
    SPI2_IRQHandler                          0x080001c3   Thumb Code     0  startup_stm32f401xe.o(.text)
    SPI3_IRQHandler                          0x080001c3   Thumb Code     0  startup_stm32f401xe.o(.text)
    SPI4_IRQHandler                          0x080001c3   Thumb Code     0  startup_stm32f401xe.o(.text)
    TAMP_STAMP_IRQHandler                    0x080001c3   Thumb Code     0  startup_stm32f401xe.o(.text)
    TIM1_BRK_TIM9_IRQHandler                 0x080001c3   Thumb Code     0  startup_stm32f401xe.o(.text)
    TIM1_CC_IRQHandler                       0x080001c3   Thumb Code     0  startup_stm32f401xe.o(.text)
    TIM1_TRG_COM_TIM11_IRQHandler            0x080001c3   Thumb Code     0  startup_stm32f401xe.o(.text)
    TIM1_UP_TIM10_IRQHandler                 0x080001c3   Thumb Code     0  startup_stm32f401xe.o(.text)
    TIM2_IRQHandler                          0x080001c3   Thumb Code     0  startup_stm32f401xe.o(.text)
    TIM3_IRQHandler                          0x080001c3   Thumb Code     0  startup_stm32f401xe.o(.text)
    TIM4_IRQHandler                          0x080001c3   Thumb Code     0  startup_stm32f401xe.o(.text)
    TIM5_IRQHandler                          0x080001c3   Thumb Code     0  startup_stm32f401xe.o(.text)
    USART1_IRQHandler                        0x080001c3   Thumb Code     0  startup_stm32f401xe.o(.text)
    USART2_IRQHandler                        0x080001c3   Thumb Code     0  startup_stm32f401xe.o(.text)
    USART6_IRQHandler                        0x080001c3   Thumb Code     0  startup_stm32f401xe.o(.text)
    WWDG_IRQHandler                          0x080001c3   Thumb Code     0  startup_stm32f401xe.o(.text)
    ___aeabi_memcpy$ret                      0x080001cd   Thumb Code    40  memcpy.o(.text)
    ___aeabi_memcpy8$ret                     0x080001cd   Thumb Code     0  memcpy.o(.text)
    __aeabi_memcpy4                          0x080001cd   Thumb Code     0  memcpy.o(.text)
    memcpy                                   0x080001cd   Thumb Code     0  memcpy.o(.text)
    memset                                   0x080001f5   Thumb Code    18  memset.o(.text)
    __aeabi_uidiv                            0x08000207   Thumb Code     0  uidiv.o(.text)
    __aeabi_uidivmod                         0x08000207   Thumb Code    44  uidiv.o(.text)
    __aeabi_uldivmod                         0x08000233   Thumb Code    98  uldiv.o(.text)
    __I$use$fp                               0x08000295   Thumb Code     0  iusefp.o(.text)
    __aeabi_dadd                             0x08000295   Thumb Code   322  dadd.o(.text)
    __aeabi_dsub                             0x080003d7   Thumb Code     6  dadd.o(.text)
    __aeabi_drsub                            0x080003dd   Thumb Code     6  dadd.o(.text)
    __aeabi_dmul                             0x080003e3   Thumb Code   228  dmul.o(.text)
    __aeabi_ddiv                             0x080004c7   Thumb Code   222  ddiv.o(.text)
    __aeabi_d2ulz                            0x080005a5   Thumb Code    48  dfixul.o(.text)
    __aeabi_cdrcmple                         0x080005d5   Thumb Code    48  cdrcmple.o(.text)
    __scatterload                            0x08000605   Thumb Code    28  init.o(.text)
    __scatterload_rt2                        0x08000605   Thumb Code     0  init.o(.text)
    __aeabi_llsl                             0x08000629   Thumb Code    30  llshl.o(.text)
    _ll_shift_l                              0x08000629   Thumb Code     0  llshl.o(.text)
    __aeabi_llsr                             0x08000647   Thumb Code    32  llushr.o(.text)
    _ll_ushift_r                             0x08000647   Thumb Code     0  llushr.o(.text)
    __aeabi_lasr                             0x08000667   Thumb Code    36  llsshr.o(.text)
    _ll_sshift_r                             0x08000667   Thumb Code     0  llsshr.o(.text)
    _double_round                            0x0800068b   Thumb Code    30  depilogue.o(.text)
    _double_epilogue                         0x080006a9   Thumb Code   156  depilogue.o(.text)
    Add_Sample_Service                       0x08000745   Thumb Code   150  sample_service.o(i.Add_Sample_Service)
    Attribute_Modified_CB                    0x08000875   Thumb Code    40  sample_service.o(i.Attribute_Modified_CB)
    BNRG_SPI_Init                            0x080008a1   Thumb Code    46  stm32_bluenrg_ble.o(i.BNRG_SPI_Init)
    BSP_LED_Init                             0x080008d9   Thumb Code    74  stm32f4xx_nucleo.o(i.BSP_LED_Init)
    BSP_LED_Off                              0x08000931   Thumb Code    18  stm32f4xx_nucleo.o(i.BSP_LED_Off)
    BSP_LED_On                               0x0800094d   Thumb Code    18  stm32f4xx_nucleo.o(i.BSP_LED_On)
    BSP_LED_Toggle                           0x08000969   Thumb Code    16  stm32f4xx_nucleo.o(i.BSP_LED_Toggle)
    BSP_PB_GetState                          0x08000981   Thumb Code    16  stm32f4xx_nucleo.o(i.BSP_PB_GetState)
    BSP_PB_Init                              0x08000999   Thumb Code   108  stm32f4xx_nucleo.o(i.BSP_PB_Init)
    BlueNRG_DataPresent                      0x08000a15   Thumb Code    18  stm32_bluenrg_ble.o(i.BlueNRG_DataPresent)
    BlueNRG_RST                              0x08000a2d   Thumb Code    44  stm32_bluenrg_ble.o(i.BlueNRG_RST)
    BlueNRG_SPI_Read_All                     0x08000a5d   Thumb Code   144  stm32_bluenrg_ble.o(i.BlueNRG_SPI_Read_All)
    BlueNRG_SPI_Write                        0x08000af9   Thumb Code   160  stm32_bluenrg_ble.o(i.BlueNRG_SPI_Write)
    Clear_SPI_EXTI_Flag                      0x08000bad   Thumb Code     8  stm32_bluenrg_ble.o(i.Clear_SPI_EXTI_Flag)
    Clock_Time                               0x08000bb9   Thumb Code     4  clock.o(i.Clock_Time)
    Clock_Wait                               0x08000bbd   Thumb Code     4  clock.o(i.Clock_Wait)
    DebugMon_Handler                         0x08000bc1   Thumb Code     2  stm32xx_it.o(i.DebugMon_Handler)
    Disable_SPI_IRQ                          0x08000bc3   Thumb Code     6  stm32_bluenrg_ble.o(i.Disable_SPI_IRQ)
    EXTI0_IRQHandler                         0x08000bc9   Thumb Code     6  stm32xx_it.o(i.EXTI0_IRQHandler)
    EXTI15_10_IRQHandler                     0x08000bd1   Thumb Code    18  stm32xx_it.o(i.EXTI15_10_IRQHandler)
    Enable_SPI_IRQ                           0x08000be9   Thumb Code     6  stm32_bluenrg_ble.o(i.Enable_SPI_IRQ)
    Error_Handler                            0x08000bef   Thumb Code    14  main.o(i.Error_Handler)
    GAP_ConnectionComplete_CB                0x08000bfd   Thumb Code    46  sample_service.o(i.GAP_ConnectionComplete_CB)
    GAP_DisconnectionComplete_CB             0x08000c59   Thumb Code    30  sample_service.o(i.GAP_DisconnectionComplete_CB)
    GATT_Notification_CB                     0x08000c8d   Thumb Code   188  sample_service.o(i.GATT_Notification_CB)
    HAL_Delay                                0x08000db5   Thumb Code    22  stm32f4xx_hal.o(i.HAL_Delay)
    HAL_GPIO_EXTI_Callback                   0x08000dcb   Thumb Code     4  bluenrg_interface.o(i.HAL_GPIO_EXTI_Callback)
    HAL_GPIO_EXTI_IRQHandler                 0x08000dd1   Thumb Code    18  stm32f4xx_hal_gpio.o(i.HAL_GPIO_EXTI_IRQHandler)
    HAL_GPIO_Init                            0x08000de9   Thumb Code   358  stm32f4xx_hal_gpio.o(i.HAL_GPIO_Init)
    HAL_GPIO_ReadPin                         0x08000f71   Thumb Code    10  stm32f4xx_hal_gpio.o(i.HAL_GPIO_ReadPin)
    HAL_GPIO_TogglePin                       0x08000f7b   Thumb Code     8  stm32f4xx_hal_gpio.o(i.HAL_GPIO_TogglePin)
    HAL_GPIO_WritePin                        0x08000f83   Thumb Code    10  stm32f4xx_hal_gpio.o(i.HAL_GPIO_WritePin)
    HAL_GetTick                              0x08000f8d   Thumb Code     6  stm32f4xx_hal.o(i.HAL_GetTick)
    HAL_IncTick                              0x08000f99   Thumb Code    10  stm32f4xx_hal.o(i.HAL_IncTick)
    HAL_Init                                 0x08000fa9   Thumb Code    48  stm32f4xx_hal.o(i.HAL_Init)
    HAL_InitTick                             0x08000fdd   Thumb Code    34  stm32f4xx_hal.o(i.HAL_InitTick)
    HAL_MspInit                              0x08001005   Thumb Code     2  stm32f4xx_hal.o(i.HAL_MspInit)
    HAL_NVIC_DisableIRQ                      0x08001007   Thumb Code    22  stm32f4xx_hal_cortex.o(i.HAL_NVIC_DisableIRQ)
    HAL_NVIC_EnableIRQ                       0x0800101d   Thumb Code    22  stm32f4xx_hal_cortex.o(i.HAL_NVIC_EnableIRQ)
    HAL_NVIC_SetPriority                     0x08001035   Thumb Code    60  stm32f4xx_hal_cortex.o(i.HAL_NVIC_SetPriority)
    HAL_NVIC_SetPriorityGrouping             0x08001075   Thumb Code    26  stm32f4xx_hal_cortex.o(i.HAL_NVIC_SetPriorityGrouping)
    HAL_RCC_ClockConfig                      0x08001099   Thumb Code   364  stm32f4xx_hal_rcc.o(i.HAL_RCC_ClockConfig)
    HAL_RCC_GetPCLK1Freq                     0x08001215   Thumb Code    34  stm32f4xx_hal_rcc.o(i.HAL_RCC_GetPCLK1Freq)
    HAL_RCC_GetPCLK2Freq                     0x08001245   Thumb Code    34  stm32f4xx_hal_rcc.o(i.HAL_RCC_GetPCLK2Freq)
    HAL_RCC_GetSysClockFreq                  0x08001275   Thumb Code   104  stm32f4xx_hal_rcc.o(i.HAL_RCC_GetSysClockFreq)
    HAL_RCC_OscConfig                        0x080012e9   Thumb Code   722  stm32f4xx_hal_rcc.o(i.HAL_RCC_OscConfig)
    HAL_SPI_Init                             0x080015cd   Thumb Code   140  stm32f4xx_hal_spi.o(i.HAL_SPI_Init)
    HAL_SPI_MspInit                          0x08001659   Thumb Code   314  stm32_bluenrg_ble.o(i.HAL_SPI_MspInit)
    HAL_SPI_TransmitReceive                  0x080017a9   Thumb Code   622  stm32f4xx_hal_spi.o(i.HAL_SPI_TransmitReceive)
    HAL_SYSTICK_Config                       0x08001a17   Thumb Code    40  stm32f4xx_hal_cortex.o(i.HAL_SYSTICK_Config)
    HAL_UART_Init                            0x08001a3f   Thumb Code    98  stm32f4xx_hal_uart.o(i.HAL_UART_Init)
    HAL_UART_MspInit                         0x08001aa1   Thumb Code   104  main.o(i.HAL_UART_MspInit)
    HAL_UART_Transmit                        0x08001b11   Thumb Code   186  stm32f4xx_hal_uart.o(i.HAL_UART_Transmit)
    HCI_Event_CB                             0x08001bcd   Thumb Code   230  sample_service.o(i.HCI_Event_CB)
    HCI_Init                                 0x08001d1d   Thumb Code    48  hci.o(i.HCI_Init)
    HCI_Isr                                  0x08001d55   Thumb Code   102  hci.o(i.HCI_Isr)
    HCI_Process                              0x08001dc5   Thumb Code   108  hci.o(i.HCI_Process)
    HCI_Queue_Empty                          0x08001e39   Thumb Code     6  hci.o(i.HCI_Queue_Empty)
    HCI_verify                               0x08001e45   Thumb Code    34  hci.o(i.HCI_verify)
    Hal_Write_Serial                         0x08001e69   Thumb Code    58  stm32_bluenrg_ble.o(i.Hal_Write_Serial)
    HardFault_Handler                        0x08001ead   Thumb Code     2  stm32xx_it.o(i.HardFault_Handler)
    Make_Connection                          0x08001eb1   Thumb Code   156  sample_service.o(i.Make_Connection)
    NMI_Handler                              0x08001fc9   Thumb Code     2  stm32xx_it.o(i.NMI_Handler)
    Osal_MemCpy                              0x08001feb   Thumb Code     4  osal.o(i.Osal_MemCpy)
    Osal_MemSet                              0x08001fef   Thumb Code     4  osal.o(i.Osal_MemSet)
    PRINT_MESG_UART                          0x08001ff5   Thumb Code    46  uart_support.o(i.PRINT_MESG_UART)
    PendSV_Handler                           0x08002029   Thumb Code     2  stm32xx_it.o(i.PendSV_Handler)
    SVC_Handler                              0x080020e1   Thumb Code     2  stm32xx_it.o(i.SVC_Handler)
    SysTick_Handler                          0x080020e5   Thumb Code    16  stm32xx_it.o(i.SysTick_Handler)
    SystemClock_Config                       0x080020f9   Thumb Code    60  cube_hal_f4.o(i.SystemClock_Config)
    SystemInit                               0x08002135   Thumb Code    66  system_stm32f4xx.o(i.SystemInit)
    Timer_Expired                            0x08002189   Thumb Code    28  gp_timer.o(i.Timer_Expired)
    Timer_Set                                0x080021a5   Thumb Code    14  gp_timer.o(i.Timer_Set)
    User_Process                             0x080024c5   Thumb Code   140  main.o(i.User_Process)
    __0vsnprintf                             0x0800257d   Thumb Code    32  printfa.o(i.__0vsnprintf)
    __1vsnprintf                             0x0800257d   Thumb Code     0  printfa.o(i.__0vsnprintf)
    __2vsnprintf                             0x0800257d   Thumb Code     0  printfa.o(i.__0vsnprintf)
    __c89vsnprintf                           0x0800257d   Thumb Code     0  printfa.o(i.__0vsnprintf)
    vsnprintf                                0x0800257d   Thumb Code     0  printfa.o(i.__0vsnprintf)
    __scatterload_copy                       0x080025a1   Thumb Code    14  handlers.o(i.__scatterload_copy)
    __scatterload_null                       0x080025af   Thumb Code     2  handlers.o(i.__scatterload_null)
    __scatterload_zeroinit                   0x080025b1   Thumb Code    14  handlers.o(i.__scatterload_zeroinit)
    aci_gap_create_connection                0x08002e69   Thumb Code   130  bluenrg_gap_aci.o(i.aci_gap_create_connection)
    aci_gap_init_IDB04A1                     0x08002eeb   Thumb Code   110  bluenrg_gap_aci.o(i.aci_gap_init_IDB04A1)
    aci_gap_init_IDB05A1                     0x08002f59   Thumb Code   118  bluenrg_gap_aci.o(i.aci_gap_init_IDB05A1)
    aci_gap_set_auth_requirement             0x08002fcf   Thumb Code   118  bluenrg_gap_aci.o(i.aci_gap_set_auth_requirement)
    aci_gap_set_discoverable                 0x08003045   Thumb Code   192  bluenrg_gap_aci.o(i.aci_gap_set_discoverable)
    aci_gatt_add_char                        0x08003105   Thumb Code   186  bluenrg_gatt_aci.o(i.aci_gatt_add_char)
    aci_gatt_add_serv                        0x080031bf   Thumb Code   132  bluenrg_gatt_aci.o(i.aci_gatt_add_serv)
    aci_gatt_disc_charac_by_uuid             0x08003243   Thumb Code   130  bluenrg_gatt_aci.o(i.aci_gatt_disc_charac_by_uuid)
    aci_gatt_init                            0x080032c5   Thumb Code    60  bluenrg_gatt_aci.o(i.aci_gatt_init)
    aci_gatt_update_char_value               0x08003301   Thumb Code   128  bluenrg_gatt_aci.o(i.aci_gatt_update_char_value)
    aci_gatt_write_charac_descriptor         0x08003381   Thumb Code   120  bluenrg_gatt_aci.o(i.aci_gatt_write_charac_descriptor)
    aci_gatt_write_without_response          0x080033f9   Thumb Code   100  bluenrg_gatt_aci.o(i.aci_gatt_write_without_response)
    aci_hal_set_tx_power_level               0x0800345d   Thumb Code    74  bluenrg_hal_aci.o(i.aci_hal_set_tx_power_level)
    aci_hal_write_config_data                0x080034a7   Thumb Code    96  bluenrg_hal_aci.o(i.aci_hal_write_config_data)
    enableNotification                       0x08003509   Thumb Code    62  sample_service.o(i.enableNotification)
    getBlueNRGVersion                        0x08003555   Thumb Code    82  bluenrg_utils_small.o(i.getBlueNRGVersion)
    hci_le_read_local_version                0x080035a7   Thumb Code   128  hci.o(i.hci_le_read_local_version)
    hci_le_set_scan_resp_data                0x08003627   Thumb Code   100  hci.o(i.hci_le_set_scan_resp_data)
    hci_send_cmd                             0x0800368b   Thumb Code    48  hci.o(i.hci_send_cmd)
    hci_send_req                             0x080036bd   Thumb Code   314  hci.o(i.hci_send_req)
    hci_write                                0x08003801   Thumb Code     4  hci.o(i.hci_write)
    list_init_head                           0x08003805   Thumb Code     6  ble_list.o(i.list_init_head)
    list_insert_head                         0x0800380b   Thumb Code    24  ble_list.o(i.list_insert_head)
    list_insert_tail                         0x08003823   Thumb Code    24  ble_list.o(i.list_insert_tail)
    list_is_empty                            0x0800383b   Thumb Code    24  ble_list.o(i.list_is_empty)
    list_remove_head                         0x08003853   Thumb Code    36  ble_list.o(i.list_remove_head)
    list_remove_node                         0x08003877   Thumb Code    22  ble_list.o(i.list_remove_node)
    main                                     0x0800388d   Thumb Code   322  main.o(i.main)
    receiveData                              0x08003b01   Thumb Code    32  sample_service.o(i.receiveData)
    sendData                                 0x08003b25   Thumb Code   232  sample_service.o(i.sendData)
    startReadRXCharHandle                    0x08003c7d   Thumb Code    56  sample_service.o(i.startReadRXCharHandle)
    startReadTXCharHandle                    0x08003ce9   Thumb Code    56  sample_service.o(i.startReadTXCharHandle)
    vcom_init                                0x08003d55   Thumb Code    42  main.o(i.vcom_init)
    CLOCK_SECOND                             0x08003d88   Data           4  clock.o(.constdata)
    BUTTON_IRQn                              0x08003d8c   Data           1  stm32f4xx_nucleo.o(.constdata)
    GPIO_PIN                                 0x08003d8e   Data           2  stm32f4xx_nucleo.o(.constdata)
    BUTTON_PIN                               0x08003d90   Data           2  stm32f4xx_nucleo.o(.constdata)
    APBAHBPrescTable                         0x08003d92   Data          16  stm32f4xx_hal_rcc.o(.constdata)
    Region$$Table$$Base                      0x08003da4   Number         0  anon$$obj.o(Region$$Table)
    Region$$Table$$Limit                     0x08003dc4   Number         0  anon$$obj.o(Region$$Table)
    bnrg_expansion_board                     0x20000000   Data           1  main.o(.data)
    BLE_Role                                 0x20000001   Data           1  main.o(.data)
    throughput_test                          0x20000002   Data           1  main.o(.data)
    set_connectable                          0x20000004   Data           1  sample_service.o(.data)
    notification_enabled                     0x20000005   Data           1  sample_service.o(.data)
    start_read_tx_char_handle                0x20000006   Data           1  sample_service.o(.data)
    start_read_rx_char_handle                0x20000007   Data           1  sample_service.o(.data)
    end_read_tx_char_handle                  0x20000008   Data           1  sample_service.o(.data)
    end_read_rx_char_handle                  0x20000009   Data           1  sample_service.o(.data)
    connection_handle                        0x2000000a   Data           2  sample_service.o(.data)
    tx_handle                                0x2000000c   Data           2  sample_service.o(.data)
    rx_handle                                0x2000000e   Data           2  sample_service.o(.data)
    sampleServHandle                         0x20000010   Data           2  sample_service.o(.data)
    TXCharHandle                             0x20000012   Data           2  sample_service.o(.data)
    RXCharHandle                             0x20000014   Data           2  sample_service.o(.data)
    connected                                0x20000018   Data           4  sample_service.o(.data)
    button_event                             0x20000040   Data           1  stm32xx_it.o(.data)
    ms_counter                               0x20000044   Data           4  stm32xx_it.o(.data)
    GPIO_PORT                                0x20000048   Data           4  stm32f4xx_nucleo.o(.data)
    BUTTON_PORT                              0x2000004c   Data           4  stm32f4xx_nucleo.o(.data)
    SpixTimeout                              0x20000050   Data           4  stm32f4xx_nucleo.o(.data)
    SystemCoreClock                          0x20000054   Data           4  system_stm32f4xx.o(.data)
    uwTick                                   0x20000058   Data           4  stm32f4xx_hal.o(.data)
    hciReadPktPool                           0x20000060   Data           8  hci.o(.data)
    hciReadPktRxQueue                        0x20000068   Data           8  hci.o(.data)
    UartHandle                               0x20000070   Data          64  main.o(.bss)
    SpiHandle                                0x200000b0   Data          88  stm32_bluenrg_ble.o(.bss)
    __initial_sp                             0x200007c8   Data           0  startup_stm32f401xe.o(STACK)



==============================================================================

Memory Map of the image

  Image Entry point : 0x08000195

  Load Region LR_IROM1 (Base: 0x08000000, Size: 0x00003e34, Max: 0x00060000, ABSOLUTE)

    Execution Region ER_IROM1 (Base: 0x08000000, Size: 0x00003dc4, Max: 0x00060000, ABSOLUTE)

    Base Addr    Size         Type   Attr      Idx    E Section Name        Object

    0x08000000   0x00000194   Data   RO            3    RESET               startup_stm32f401xe.o
    0x08000194   0x00000000   Code   RO         3862  * .ARM.Collect$$$$00000000  mc_w.l(entry.o)
    0x08000194   0x00000004   Code   RO         3905    .ARM.Collect$$$$00000001  mc_w.l(entry2.o)
    0x08000198   0x00000004   Code   RO         3908    .ARM.Collect$$$$00000004  mc_w.l(entry5.o)
    0x0800019c   0x00000000   Code   RO         3910    .ARM.Collect$$$$00000008  mc_w.l(entry7b.o)
    0x0800019c   0x00000000   Code   RO         3912    .ARM.Collect$$$$0000000A  mc_w.l(entry8b.o)
    0x0800019c   0x00000008   Code   RO         3913    .ARM.Collect$$$$0000000B  mc_w.l(entry9a.o)
    0x080001a4   0x00000000   Code   RO         3915    .ARM.Collect$$$$0000000D  mc_w.l(entry10a.o)
    0x080001a4   0x00000000   Code   RO         3917    .ARM.Collect$$$$0000000F  mc_w.l(entry11a.o)
    0x080001a4   0x00000004   Code   RO         3906    .ARM.Collect$$$$00002712  mc_w.l(entry2.o)
    0x080001a8   0x00000024   Code   RO            4    .text               startup_stm32f401xe.o
    0x080001cc   0x00000028   Code   RO         3865    .text               mc_w.l(memcpy.o)
    0x080001f4   0x00000012   Code   RO         3869    .text               mc_w.l(memset.o)
    0x08000206   0x0000002c   Code   RO         3922    .text               mc_w.l(uidiv.o)
    0x08000232   0x00000062   Code   RO         3924    .text               mc_w.l(uldiv.o)
    0x08000294   0x00000000   Code   RO         3926    .text               mc_w.l(iusefp.o)
    0x08000294   0x0000014e   Code   RO         3927    .text               mf_w.l(dadd.o)
    0x080003e2   0x000000e4   Code   RO         3929    .text               mf_w.l(dmul.o)
    0x080004c6   0x000000de   Code   RO         3931    .text               mf_w.l(ddiv.o)
    0x080005a4   0x00000030   Code   RO         3933    .text               mf_w.l(dfixul.o)
    0x080005d4   0x00000030   Code   RO         3935    .text               mf_w.l(cdrcmple.o)
    0x08000604   0x00000024   Code   RO         3937    .text               mc_w.l(init.o)
    0x08000628   0x0000001e   Code   RO         3940    .text               mc_w.l(llshl.o)
    0x08000646   0x00000020   Code   RO         3942    .text               mc_w.l(llushr.o)
    0x08000666   0x00000024   Code   RO         3944    .text               mc_w.l(llsshr.o)
    0x0800068a   0x000000ba   Code   RO         3947    .text               mf_w.l(depilogue.o)
    0x08000744   0x00000130   Code   RO          360    i.Add_Sample_Service  sample_service.o
    0x08000874   0x0000002c   Code   RO          361    i.Attribute_Modified_CB  sample_service.o
    0x080008a0   0x00000038   Code   RO          787    i.BNRG_SPI_Init     stm32_bluenrg_ble.o
    0x080008d8   0x00000058   Code   RO          610    i.BSP_LED_Init      stm32f4xx_nucleo.o
    0x08000930   0x0000001c   Code   RO          611    i.BSP_LED_Off       stm32f4xx_nucleo.o
    0x0800094c   0x0000001c   Code   RO          612    i.BSP_LED_On        stm32f4xx_nucleo.o
    0x08000968   0x00000018   Code   RO          613    i.BSP_LED_Toggle    stm32f4xx_nucleo.o
    0x08000980   0x00000018   Code   RO          615    i.BSP_PB_GetState   stm32f4xx_nucleo.o
    0x08000998   0x0000007c   Code   RO          616    i.BSP_PB_Init       stm32f4xx_nucleo.o
    0x08000a14   0x00000018   Code   RO          788    i.BlueNRG_DataPresent  stm32_bluenrg_ble.o
    0x08000a2c   0x00000030   Code   RO          790    i.BlueNRG_RST       stm32_bluenrg_ble.o
    0x08000a5c   0x0000009c   Code   RO          791    i.BlueNRG_SPI_Read_All  stm32_bluenrg_ble.o
    0x08000af8   0x000000b4   Code   RO          792    i.BlueNRG_SPI_Write  stm32_bluenrg_ble.o
    0x08000bac   0x0000000c   Code   RO          793    i.Clear_SPI_EXTI_Flag  stm32_bluenrg_ble.o
    0x08000bb8   0x00000004   Code   RO          173    i.Clock_Time        clock.o
    0x08000bbc   0x00000004   Code   RO          174    i.Clock_Wait        clock.o
    0x08000bc0   0x00000002   Code   RO          467    i.DebugMon_Handler  stm32xx_it.o
    0x08000bc2   0x00000006   Code   RO          795    i.Disable_SPI_IRQ   stm32_bluenrg_ble.o
    0x08000bc8   0x00000006   Code   RO          468    i.EXTI0_IRQHandler  stm32xx_it.o
    0x08000bce   0x00000002   PAD
    0x08000bd0   0x00000018   Code   RO          469    i.EXTI15_10_IRQHandler  stm32xx_it.o
    0x08000be8   0x00000006   Code   RO          796    i.Enable_SPI_IRQ    stm32_bluenrg_ble.o
    0x08000bee   0x0000000e   Code   RO          249    i.Error_Handler     main.o
    0x08000bfc   0x0000005c   Code   RO          362    i.GAP_ConnectionComplete_CB  sample_service.o
    0x08000c58   0x00000034   Code   RO          363    i.GAP_DisconnectionComplete_CB  sample_service.o
    0x08000c8c   0x00000128   Code   RO          364    i.GATT_Notification_CB  sample_service.o
    0x08000db4   0x00000016   Code   RO          947    i.HAL_Delay         stm32f4xx_hal.o
    0x08000dca   0x00000004   Code   RO           13    i.HAL_GPIO_EXTI_Callback  bluenrg_interface.o
    0x08000dce   0x00000002   PAD
    0x08000dd0   0x00000018   Code   RO         1823    i.HAL_GPIO_EXTI_IRQHandler  stm32f4xx_hal_gpio.o
    0x08000de8   0x00000188   Code   RO         1824    i.HAL_GPIO_Init     stm32f4xx_hal_gpio.o
    0x08000f70   0x0000000a   Code   RO         1826    i.HAL_GPIO_ReadPin  stm32f4xx_hal_gpio.o
    0x08000f7a   0x00000008   Code   RO         1827    i.HAL_GPIO_TogglePin  stm32f4xx_hal_gpio.o
    0x08000f82   0x0000000a   Code   RO         1828    i.HAL_GPIO_WritePin  stm32f4xx_hal_gpio.o
    0x08000f8c   0x0000000c   Code   RO          953    i.HAL_GetTick       stm32f4xx_hal.o
    0x08000f98   0x00000010   Code   RO          954    i.HAL_IncTick       stm32f4xx_hal.o
    0x08000fa8   0x00000034   Code   RO          955    i.HAL_Init          stm32f4xx_hal.o
    0x08000fdc   0x00000028   Code   RO          956    i.HAL_InitTick      stm32f4xx_hal.o
    0x08001004   0x00000002   Code   RO          958    i.HAL_MspInit       stm32f4xx_hal.o
    0x08001006   0x00000016   Code   RO         1376    i.HAL_NVIC_DisableIRQ  stm32f4xx_hal_cortex.o
    0x0800101c   0x00000016   Code   RO         1377    i.HAL_NVIC_EnableIRQ  stm32f4xx_hal_cortex.o
    0x08001032   0x00000002   PAD
    0x08001034   0x00000040   Code   RO         1383    i.HAL_NVIC_SetPriority  stm32f4xx_hal_cortex.o
    0x08001074   0x00000024   Code   RO         1384    i.HAL_NVIC_SetPriorityGrouping  stm32f4xx_hal_cortex.o
    0x08001098   0x0000017c   Code   RO         2098    i.HAL_RCC_ClockConfig  stm32f4xx_hal_rcc.o
    0x08001214   0x00000030   Code   RO         2105    i.HAL_RCC_GetPCLK1Freq  stm32f4xx_hal_rcc.o
    0x08001244   0x00000030   Code   RO         2106    i.HAL_RCC_GetPCLK2Freq  stm32f4xx_hal_rcc.o
    0x08001274   0x00000074   Code   RO         2107    i.HAL_RCC_GetSysClockFreq  stm32f4xx_hal_rcc.o
    0x080012e8   0x000002e4   Code   RO         2110    i.HAL_RCC_OscConfig  stm32f4xx_hal_rcc.o
    0x080015cc   0x0000008c   Code   RO         2252    i.HAL_SPI_Init      stm32f4xx_hal_spi.o
    0x08001658   0x00000150   Code   RO          797    i.HAL_SPI_MspInit   stm32_bluenrg_ble.o
    0x080017a8   0x0000026e   Code   RO         2261    i.HAL_SPI_TransmitReceive  stm32f4xx_hal_spi.o
    0x08001a16   0x00000028   Code   RO         1388    i.HAL_SYSTICK_Config  stm32f4xx_hal_cortex.o
    0x08001a3e   0x00000062   Code   RO         2553    i.HAL_UART_Init     stm32f4xx_hal_uart.o
    0x08001aa0   0x00000070   Code   RO          250    i.HAL_UART_MspInit  main.o
    0x08001b10   0x000000ba   Code   RO         2561    i.HAL_UART_Transmit  stm32f4xx_hal_uart.o
    0x08001bca   0x00000002   PAD
    0x08001bcc   0x00000150   Code   RO          365    i.HCI_Event_CB      sample_service.o
    0x08001d1c   0x00000038   Code   RO         2793    i.HCI_Init          hci.o
    0x08001d54   0x00000070   Code   RO         2794    i.HCI_Isr           hci.o
    0x08001dc4   0x00000074   Code   RO         2795    i.HCI_Process       hci.o
    0x08001e38   0x0000000c   Code   RO         2796    i.HCI_Queue_Empty   hci.o
    0x08001e44   0x00000022   Code   RO         2797    i.HCI_verify        hci.o
    0x08001e66   0x00000002   PAD
    0x08001e68   0x00000044   Code   RO          798    i.Hal_Write_Serial  stm32_bluenrg_ble.o
    0x08001eac   0x00000002   Code   RO          470    i.HardFault_Handler  stm32xx_it.o
    0x08001eae   0x00000002   PAD
    0x08001eb0   0x00000118   Code   RO          366    i.Make_Connection   sample_service.o
    0x08001fc8   0x00000002   Code   RO          471    i.NMI_Handler       stm32xx_it.o
    0x08001fca   0x00000020   Code   RO         1390    i.NVIC_SetPriority  stm32f4xx_hal_cortex.o
    0x08001fea   0x00000004   Code   RO         3844    i.Osal_MemCpy       osal.o
    0x08001fee   0x00000004   Code   RO         3845    i.Osal_MemSet       osal.o
    0x08001ff2   0x00000002   PAD
    0x08001ff4   0x00000034   Code   RO          545    i.PRINT_MESG_UART   uart_support.o
    0x08002028   0x00000002   Code   RO          472    i.PendSV_Handler    stm32xx_it.o
    0x0800202a   0x00000020   Code   RO         2276    i.SPI_CheckFlag_BSY  stm32f4xx_hal_spi.o
    0x0800204a   0x00000096   Code   RO         2294    i.SPI_WaitFlagStateUntilTimeout  stm32f4xx_hal_spi.o
    0x080020e0   0x00000002   Code   RO          473    i.SVC_Handler       stm32xx_it.o
    0x080020e2   0x00000002   PAD
    0x080020e4   0x00000014   Code   RO          474    i.SysTick_Handler   stm32xx_it.o
    0x080020f8   0x0000003c   Code   RO          221    i.SystemClock_Config  cube_hal_f4.o
    0x08002134   0x00000054   Code   RO          900    i.SystemInit        system_stm32f4xx.o
    0x08002188   0x0000001c   Code   RO         3711    i.Timer_Expired     gp_timer.o
    0x080021a4   0x0000000e   Code   RO         3715    i.Timer_Set         gp_timer.o
    0x080021b2   0x00000002   PAD
    0x080021b4   0x000002ac   Code   RO         2575    i.UART_SetConfig    stm32f4xx_hal_uart.o
    0x08002460   0x00000064   Code   RO         2577    i.UART_WaitOnFlagUntilTimeout  stm32f4xx_hal_uart.o
    0x080024c4   0x000000b8   Code   RO          251    i.User_Process      main.o
    0x0800257c   0x00000024   Code   RO         3883    i.__0vsnprintf      mc_w.l(printfa.o)
    0x080025a0   0x0000000e   Code   RO         3951    i.__scatterload_copy  mc_w.l(handlers.o)
    0x080025ae   0x00000002   Code   RO         3952    i.__scatterload_null  mc_w.l(handlers.o)
    0x080025b0   0x0000000e   Code   RO         3953    i.__scatterload_zeroinit  mc_w.l(handlers.o)
    0x080025be   0x00000002   PAD
    0x080025c0   0x00000164   Code   RO         3885    i._fp_digits        mc_w.l(printfa.o)
    0x08002724   0x000006dc   Code   RO         3886    i._printf_core      mc_w.l(printfa.o)
    0x08002e00   0x00000024   Code   RO         3887    i._printf_post_padding  mc_w.l(printfa.o)
    0x08002e24   0x0000002e   Code   RO         3888    i._printf_pre_padding  mc_w.l(printfa.o)
    0x08002e52   0x00000016   Code   RO         3889    i._snputc           mc_w.l(printfa.o)
    0x08002e68   0x00000082   Code   RO         3085    i.aci_gap_create_connection  bluenrg_gap_aci.o
    0x08002eea   0x0000006e   Code   RO         3089    i.aci_gap_init_IDB04A1  bluenrg_gap_aci.o
    0x08002f58   0x00000076   Code   RO         3090    i.aci_gap_init_IDB05A1  bluenrg_gap_aci.o
    0x08002fce   0x00000076   Code   RO         3096    i.aci_gap_set_auth_requirement  bluenrg_gap_aci.o
    0x08003044   0x000000c0   Code   RO         3101    i.aci_gap_set_discoverable  bluenrg_gap_aci.o
    0x08003104   0x000000ba   Code   RO         3344    i.aci_gatt_add_char  bluenrg_gatt_aci.o
    0x080031be   0x00000084   Code   RO         3346    i.aci_gatt_add_serv  bluenrg_gatt_aci.o
    0x08003242   0x00000082   Code   RO         3355    i.aci_gatt_disc_charac_by_uuid  bluenrg_gatt_aci.o
    0x080032c4   0x0000003c   Code   RO         3360    i.aci_gatt_init     bluenrg_gatt_aci.o
    0x08003300   0x00000080   Code   RO         3373    i.aci_gatt_update_char_value  bluenrg_gatt_aci.o
    0x08003380   0x00000078   Code   RO         3374    i.aci_gatt_write_charac_descriptor  bluenrg_gatt_aci.o
    0x080033f8   0x00000064   Code   RO         3380    i.aci_gatt_write_without_response  bluenrg_gatt_aci.o
    0x0800345c   0x0000004a   Code   RO         3603    i.aci_hal_set_tx_power_level  bluenrg_hal_aci.o
    0x080034a6   0x00000060   Code   RO         3606    i.aci_hal_write_config_data  bluenrg_hal_aci.o
    0x08003506   0x00000002   PAD
    0x08003508   0x0000004c   Code   RO          367    i.enableNotification  sample_service.o
    0x08003554   0x00000052   Code   RO         3665    i.getBlueNRGVersion  bluenrg_utils_small.o
    0x080035a6   0x00000080   Code   RO         2810    i.hci_le_read_local_version  hci.o
    0x08003626   0x00000064   Code   RO         2821    i.hci_le_set_scan_resp_data  hci.o
    0x0800368a   0x00000030   Code   RO         2828    i.hci_send_cmd      hci.o
    0x080036ba   0x00000002   PAD
    0x080036bc   0x00000144   Code   RO         2829    i.hci_send_req      hci.o
    0x08003800   0x00000004   Code   RO         2831    i.hci_write         hci.o
    0x08003804   0x00000006   Code   RO         3753    i.list_init_head    ble_list.o
    0x0800380a   0x00000018   Code   RO         3754    i.list_insert_head  ble_list.o
    0x08003822   0x00000018   Code   RO         3757    i.list_insert_tail  ble_list.o
    0x0800383a   0x00000018   Code   RO         3758    i.list_is_empty     ble_list.o
    0x08003852   0x00000024   Code   RO         3759    i.list_remove_head  ble_list.o
    0x08003876   0x00000016   Code   RO         3760    i.list_remove_node  ble_list.o
    0x0800388c   0x00000250   Code   RO          252    i.main              main.o
    0x08003adc   0x00000024   Code   RO         2832    i.move_list         hci.o
    0x08003b00   0x00000024   Code   RO          368    i.receiveData       sample_service.o
    0x08003b24   0x00000158   Code   RO          369    i.sendData          sample_service.o
    0x08003c7c   0x0000006c   Code   RO          370    i.startReadRXCharHandle  sample_service.o
    0x08003ce8   0x0000006c   Code   RO          371    i.startReadTXCharHandle  sample_service.o
    0x08003d54   0x00000034   Code   RO          253    i.vcom_init         main.o
    0x08003d88   0x00000004   Data   RO          175    .constdata          clock.o
    0x08003d8c   0x00000006   Data   RO          632    .constdata          stm32f4xx_nucleo.o
    0x08003d92   0x00000010   Data   RO         2111    .constdata          stm32f4xx_hal_rcc.o
    0x08003da2   0x00000002   PAD
    0x08003da4   0x00000020   Data   RO         3949    Region$$Table       anon$$obj.o


    Execution Region RW_IRAM1 (Base: 0x20000000, Size: 0x000007c8, Max: 0x00018000, ABSOLUTE)

    Base Addr    Size         Type   Attr      Idx    E Section Name        Object

    0x20000000   0x00000002   Data   RW          255    .data               main.o
    0x20000002   0x00000001   Data   RW          256    .data               main.o
    0x20000003   0x00000001   PAD
    0x20000004   0x0000003c   Data   RW          372    .data               sample_service.o
    0x20000040   0x00000008   Data   RW          475    .data               stm32xx_it.o
    0x20000048   0x0000000c   Data   RW          633    .data               stm32f4xx_nucleo.o
    0x20000054   0x00000004   Data   RW          902    .data               system_stm32f4xx.o
    0x20000058   0x00000004   Data   RW          961    .data               stm32f4xx_hal.o
    0x2000005c   0x00000014   Data   RW         2834    .data               hci.o
    0x20000070   0x00000040   Zero   RW          254    .bss                main.o
    0x200000b0   0x00000058   Zero   RW          802    .bss                stm32_bluenrg_ble.o
    0x20000108   0x000002bc   Zero   RW         2833    .bss                hci.o
    0x200003c4   0x00000004   PAD
    0x200003c8   0x00000400   Zero   RW            1    STACK               startup_stm32f401xe.o


==============================================================================

Image component sizes


      Code (inc. data)   RO Data    RW Data    ZI Data      Debug   Object Name

       136          0          0          0          0      10497   ble_list.o
       668          0          0          0          0       7112   bluenrg_gap_aci.o
       856          0          0          0          0       9409   bluenrg_gatt_aci.o
       170          0          0          0          0       3057   bluenrg_hal_aci.o
         4          0          0          0          0     215273   bluenrg_interface.o
        82          0          0          0          0       2020   bluenrg_utils_small.o
         8          0          4          0          0       3117   clock.o
        60          0          0          0          0        693   cube_hal_f4.o
        42          0          0          0          0       2228   gp_timer.o
       970         42          0         20        700      36361   hci.o
       954        332          0          3         64      42130   main.o
         8          0          0          0          0       1580   osal.o
      2076        798          0         60          0      12590   sample_service.o
        36          8        404          0       1024        916   startup_stm32f401xe.o
       892         88          0          0         88       9866   stm32_bluenrg_ble.o
       144         22          0          4          0       5721   stm32f4xx_hal.o
       216         14          0          0          0      31953   stm32f4xx_hal_cortex.o
       444         40          0          0          0       5203   stm32f4xx_hal_gpio.o
      1332         74         16          0          0       6323   stm32f4xx_hal_rcc.o
       944          0          0          0          0       5265   stm32f4xx_hal_spi.o
      1068          8          0          0          0       4864   stm32f4xx_hal_uart.o
       316         66          6         12          0       6669   stm32f4xx_nucleo.o
        60         10          0          8          0       5318   stm32xx_it.o
        84         18          0          4          0       1497   system_stm32f4xx.o
        52          6          0          0          0       1382   uart_support.o

    ----------------------------------------------------------------------
     11644       1526        464        112       1880     431044   Object Totals
         0          0         32          0          0          0   (incl. Generated)
        22          0          2          1          4          0   (incl. Padding)

    ----------------------------------------------------------------------

      Code (inc. data)   RO Data    RW Data    ZI Data      Debug   Library Member Name

         0          0          0          0          0          0   entry.o
         0          0          0          0          0          0   entry10a.o
         0          0          0          0          0          0   entry11a.o
         8          4          0          0          0          0   entry2.o
         4          0          0          0          0          0   entry5.o
         0          0          0          0          0          0   entry7b.o
         0          0          0          0          0          0   entry8b.o
         8          4          0          0          0          0   entry9a.o
        30          0          0          0          0          0   handlers.o
        36          8          0          0          0         68   init.o
         0          0          0          0          0          0   iusefp.o
        30          0          0          0          0         68   llshl.o
        36          0          0          0          0         68   llsshr.o
        32          0          0          0          0         68   llushr.o
        40          0          0          0          0         76   memcpy.o
        18          0          0          0          0         76   memset.o
      2252         84          0          0          0        508   printfa.o
        44          0          0          0          0         80   uidiv.o
        98          0          0          0          0         92   uldiv.o
        48          0          0          0          0         68   cdrcmple.o
       334          0          0          0          0        148   dadd.o
       222          0          0          0          0        100   ddiv.o
       186          0          0          0          0        176   depilogue.o
        48          0          0          0          0         68   dfixul.o
       228          0          0          0          0         96   dmul.o

    ----------------------------------------------------------------------
      3704        100          0          0          0       1760   Library Totals
         2          0          0          0          0          0   (incl. Padding)

    ----------------------------------------------------------------------

      Code (inc. data)   RO Data    RW Data    ZI Data      Debug   Library Name

      2636        100          0          0          0       1104   mc_w.l
      1066          0          0          0          0        656   mf_w.l

    ----------------------------------------------------------------------
      3704        100          0          0          0       1760   Library Totals

    ----------------------------------------------------------------------

==============================================================================


      Code (inc. data)   RO Data    RW Data    ZI Data      Debug   

     15348       1626        464        112       1880     421472   Grand Totals
     15348       1626        464        112       1880     421472   ELF Image Totals
     15348       1626        464        112          0          0   ROM Totals

==============================================================================

    Total RO  Size (Code + RO Data)                15812 (  15.44kB)
    Total RW  Size (RW Data + ZI Data)              1992 (   1.95kB)
    Total ROM Size (Code + RO Data + RW Data)      15924 (  15.55kB)

==============================================================================

