<html>
<body>
<pre>
<h1>µVision Build Log</h1>
<h2>Tool Versions:</h2>
IDE-Version: µVision V5.20.0.0
Copyright (C) 2016 ARM Ltd and ARM Germany GmbH. All rights reserved.
License Information: Joyce Alex, Unipos, LIC=----
 
Tool Versions:
Toolchain:       MDK-Lite  Version: 5.20
Toolchain Path:  C:\Program Files (x86)\Keil\ARM\ARMCC\Bin
C Compiler:      Armcc.exe V5.06 update 2 (build 183)
Assembler:       Armasm.exe V5.06 update 2 (build 183)
Linker/Locator:  ArmLink.exe V5.06 update 2 (build 183)
Library Manager: ArmAr.exe V5.06 update 2 (build 183)
Hex Converter:   FromElf.exe V5.06 update 2 (build 183)
CPU DLL:         SARMCM3.DLL V5.20
Dialog DLL:      DCM.DLL V1.13.7.0
Target DLL:      STLink\ST-LINKIII-KEIL_SWO.dll V2.0.18.0
Dialog DLL:      TCM.DLL V1.14.9.0
 
<h2>Project:</h2>
C:\Program Files (x86)\Keil\STM32CubeExpansion_BLE1_V2.6.1\Projects\Multi\Applications\SampleAppThT\MDK-ARM\STM32F401RE-Nucleo\SampleAppThT.uvprojx
Project File Date:  06/01/2016

<h2>Output:</h2>
*** Using Compiler 'V5.06 update 2 (build 183)', folder: 'C:\Program Files (x86)\Keil\ARM\ARMCC\Bin'
Rebuild target 'SampleApp_SERVER'
assembling startup_stm32f401xe.s...
compiling clock.c...
compiling cube_hal_f4.c...
compiling bluenrg_interface.c...
compiling stm32xx_it.c...
compiling uart_support.c...
compiling main.c...
compiling sample_service.c...
compiling system_stm32f4xx.c...
compiling stm32f4xx_nucleo.c...
compiling stm32_bluenrg_ble.c...
compiling stm32f4xx_hal.c...
compiling stm32f4xx_hal_cortex.c...
compiling stm32f4xx_hal_adc.c...
compiling stm32f4xx_hal_adc_ex.c...
compiling stm32f4xx_hal_flash.c...
compiling stm32f4xx_hal_pwr.c...
compiling stm32f4xx_hal_flash_ex.c...
compiling stm32f4xx_hal_pwr_ex.c...
compiling stm32f4xx_hal_dma.c...
compiling stm32f4xx_hal_gpio.c...
compiling stm32f4xx_hal_rcc.c...
compiling bluenrg_hal_aci.c...
compiling bluenrg_gap_aci.c...
compiling bluenrg_gatt_aci.c...
compiling bluenrg_l2cap_aci.c...
compiling bluenrg_itf_template.c...
compiling gp_timer.c...
compiling stm32f4xx_hal_rcc_ex.c...
compiling osal.c...
compiling stm32f4xx_hal_uart.c...
compiling hci.c...
..\..\..\..\..\..\Middlewares\ST\STM32_BlueNRG\SimpleBlueNRG_HCI\hci\hci.c(178): warning:  #223-D: function "Hal_Write_Serial" declared implicitly
    Hal_Write_Serial(data1, data2, n_bytes1, n_bytes2);
..\..\..\..\..\..\Middlewares\ST\STM32_BlueNRG\SimpleBlueNRG_HCI\hci\hci.c: 1 warning, 0 errors
compiling stm32f4xx_hal_spi.c...
compiling bluenrg_utils_small.c...
compiling ble_list.c...
linking...
Program Size: Code=15348 RO-data=464 RW-data=112 ZI-data=1880  
FromELF: creating hex file...
".\STM32F4xx-Nucleo\SampleApp_SERVER.axf" - 0 Error(s), 1 Warning(s).

<h2>Collection of Component include folders:</h2>
  C:\Program Files (x86)\Keil\STM32CubeExpansion_BLE1_V2.6.1\Projects\Multi\Applications\SampleAppThT\MDK-ARM\STM32F401RE-Nucleo\RTE
  C:\Program Files (x86)\Keil\ARM\PACK\Keil\STM32F4xx_DFP\2.8.0\Drivers\CMSIS\Device\ST\STM32F4xx\Include

<h2>Collection of Component Files used:</h2>
Build Time Elapsed:  00:00:06
</pre>
</body>
</html>
