Component: ARM Compiler 5.06 update 2 (build 183) Tool: armlink [4d35b7]

==============================================================================

Section Cross References

    startup_stm32f401xe.o(RESET) refers to startup_stm32f401xe.o(STACK) for __initial_sp
    startup_stm32f401xe.o(RESET) refers to startup_stm32f401xe.o(.text) for Reset_Handler
    startup_stm32f401xe.o(RESET) refers to stm32xx_it.o(i.NMI_Handler) for NMI_Handler
    startup_stm32f401xe.o(RESET) refers to stm32xx_it.o(i.HardFault_Handler) for HardFault_Handler
    startup_stm32f401xe.o(RESET) refers to stm32xx_it.o(i.SVC_Handler) for SVC_Handler
    startup_stm32f401xe.o(RESET) refers to stm32xx_it.o(i.DebugMon_Handler) for DebugMon_Handler
    startup_stm32f401xe.o(RESET) refers to stm32xx_it.o(i.PendSV_Handler) for PendSV_Handler
    startup_stm32f401xe.o(RESET) refers to stm32xx_it.o(i.SysTick_Handler) for SysTick_Handler
    startup_stm32f401xe.o(RESET) refers to stm32xx_it.o(i.EXTI0_IRQHandler) for EXTI0_IRQHandler
    startup_stm32f401xe.o(RESET) refers to stm32xx_it.o(i.EXTI15_10_IRQHandler) for EXTI15_10_IRQHandler
    startup_stm32f401xe.o(.text) refers to system_stm32f4xx.o(i.SystemInit) for SystemInit
    startup_stm32f401xe.o(.text) refers to entry.o(.ARM.Collect$$$$00000000) for __main
    bluenrg_interface.o(i.HAL_GPIO_EXTI_Callback) refers to hci.o(i.HCI_Isr) for HCI_Isr
    clock.o(i.Clock_Time) refers to stm32f4xx_hal.o(i.HAL_GetTick) for HAL_GetTick
    clock.o(i.Clock_Wait) refers to stm32f4xx_hal.o(i.HAL_Delay) for HAL_Delay
    cube_hal_f4.o(i.SystemClock_Config) refers to stm32f4xx_hal_rcc.o(i.HAL_RCC_OscConfig) for HAL_RCC_OscConfig
    cube_hal_f4.o(i.SystemClock_Config) refers to stm32f4xx_hal_rcc.o(i.HAL_RCC_ClockConfig) for HAL_RCC_ClockConfig
    main.o(i.Error_Handler) refers to stm32f4xx_nucleo.o(i.BSP_LED_Toggle) for BSP_LED_Toggle
    main.o(i.Error_Handler) refers to stm32f4xx_hal.o(i.HAL_Delay) for HAL_Delay
    main.o(i.HAL_UART_MspInit) refers to stm32f4xx_hal_gpio.o(i.HAL_GPIO_Init) for HAL_GPIO_Init
    main.o(i.User_Process) refers to sample_service.o(i.Make_Connection) for Make_Connection
    main.o(i.User_Process) refers to sample_service.o(i.startReadTXCharHandle) for startReadTXCharHandle
    main.o(i.User_Process) refers to sample_service.o(i.startReadRXCharHandle) for startReadRXCharHandle
    main.o(i.User_Process) refers to stm32f4xx_nucleo.o(i.BSP_LED_Off) for BSP_LED_Off
    main.o(i.User_Process) refers to sample_service.o(i.enableNotification) for enableNotification
    main.o(i.User_Process) refers to sample_service.o(.data) for set_connectable
    main.o(i.User_Process) refers to main.o(.data) for BLE_Role
    main.o(i.main) refers to stm32f4xx_hal.o(i.HAL_Init) for HAL_Init
    main.o(i.main) refers to gpio.o(i.My_Buttons_Init) for My_Buttons_Init
    main.o(i.main) refers to gpio.o(i.My_Leds_Init) for My_Leds_Init
    main.o(i.main) refers to cube_hal_f4.o(i.SystemClock_Config) for SystemClock_Config
    main.o(i.main) refers to main.o(i.vcom_init) for vcom_init
    main.o(i.main) refers to stm32_bluenrg_ble.o(i.BNRG_SPI_Init) for BNRG_SPI_Init
    main.o(i.main) refers to hci.o(i.HCI_Init) for HCI_Init
    main.o(i.main) refers to stm32_bluenrg_ble.o(i.BlueNRG_RST) for BlueNRG_RST
    main.o(i.main) refers to bluenrg_utils_small.o(i.getBlueNRGVersion) for getBlueNRGVersion
    main.o(i.main) refers to uart_support.o(i.PRINT_MESG_UART) for PRINT_MESG_UART
    main.o(i.main) refers to osal.o(i.Osal_MemCpy) for Osal_MemCpy
    main.o(i.main) refers to bluenrg_hal_aci.o(i.aci_hal_write_config_data) for aci_hal_write_config_data
    main.o(i.main) refers to bluenrg_gatt_aci.o(i.aci_gatt_init) for aci_gatt_init
    main.o(i.main) refers to bluenrg_gap_aci.o(i.aci_gap_init_IDB05A1) for aci_gap_init_IDB05A1
    main.o(i.main) refers to bluenrg_gap_aci.o(i.aci_gap_set_auth_requirement) for aci_gap_set_auth_requirement
    main.o(i.main) refers to sample_service.o(i.Add_Sample_Service) for Add_Sample_Service
    main.o(i.main) refers to bluenrg_hal_aci.o(i.aci_hal_set_tx_power_level) for aci_hal_set_tx_power_level
    main.o(i.main) refers to hci.o(i.HCI_Process) for HCI_Process
    main.o(i.main) refers to main.o(i.User_Process) for User_Process
    main.o(i.main) refers to main.o(.data) for BLE_Role
    main.o(i.vcom_init) refers to stm32f4xx_hal_uart.o(i.HAL_UART_Init) for HAL_UART_Init
    main.o(i.vcom_init) refers to main.o(i.Error_Handler) for Error_Handler
    main.o(i.vcom_init) refers to main.o(.bss) for UartHandle
    sample_service.o(i.Add_Sample_Service) refers to bluenrg_gatt_aci.o(i.aci_gatt_add_serv) for aci_gatt_add_serv
    sample_service.o(i.Add_Sample_Service) refers to bluenrg_gatt_aci.o(i.aci_gatt_add_char) for aci_gatt_add_char
    sample_service.o(i.Add_Sample_Service) refers to uart_support.o(i.PRINT_MESG_UART) for PRINT_MESG_UART
    sample_service.o(i.Add_Sample_Service) refers to sample_service.o(.data) for sampleServHandle
[...]
    Removing stm32f4xx_hal_uart.o(i.HAL_MultiProcessor_Init), (154 bytes).
    Removing stm32f4xx_hal_uart.o(i.HAL_UART_DMAPause), (124 bytes).
    Removing stm32f4xx_hal_uart.o(i.HAL_UART_DMAResume), (126 bytes).
    Removing stm32f4xx_hal_uart.o(i.HAL_UART_DMAStop), (102 bytes).
    Removing stm32f4xx_hal_uart.o(i.HAL_UART_DeInit), (46 bytes).
    Removing stm32f4xx_hal_uart.o(i.HAL_UART_ErrorCallback), (2 bytes).
    Removing stm32f4xx_hal_uart.o(i.HAL_UART_GetError), (6 bytes).
    Removing stm32f4xx_hal_uart.o(i.HAL_UART_GetState), (20 bytes).
    Removing stm32f4xx_hal_uart.o(i.HAL_UART_IRQHandler), (328 bytes).
    Removing stm32f4xx_hal_uart.o(i.HAL_UART_MspDeInit), (2 bytes).
    Removing stm32f4xx_hal_uart.o(i.HAL_UART_MspInit), (2 bytes).
    Removing stm32f4xx_hal_uart.o(i.HAL_UART_Receive), (222 bytes).
    Removing stm32f4xx_hal_uart.o(i.HAL_UART_Receive_DMA), (168 bytes).
    Removing stm32f4xx_hal_uart.o(i.HAL_UART_Receive_IT), (112 bytes).
    Removing stm32f4xx_hal_uart.o(i.HAL_UART_RxCpltCallback), (2 bytes).
    Removing stm32f4xx_hal_uart.o(i.HAL_UART_RxHalfCpltCallback), (2 bytes).
    Removing stm32f4xx_hal_uart.o(i.HAL_UART_Transmit_DMA), (156 bytes).
    Removing stm32f4xx_hal_uart.o(i.HAL_UART_Transmit_IT), (88 bytes).
    Removing stm32f4xx_hal_uart.o(i.HAL_UART_TxCpltCallback), (2 bytes).
    Removing stm32f4xx_hal_uart.o(i.HAL_UART_TxHalfCpltCallback), (2 bytes).
    Removing stm32f4xx_hal_uart.o(i.UART_DMAAbortOnError), (20 bytes).
    Removing stm32f4xx_hal_uart.o(i.UART_DMAError), (80 bytes).
    Removing stm32f4xx_hal_uart.o(i.UART_DMAReceiveCplt), (70 bytes).
    Removing stm32f4xx_hal_uart.o(i.UART_DMARxHalfCplt), (14 bytes).
    Removing stm32f4xx_hal_uart.o(i.UART_DMATransmitCplt), (54 bytes).
    Removing stm32f4xx_hal_uart.o(i.UART_DMATxHalfCplt), (14 bytes).
    Removing stm32f4xx_hal_uart.o(i.UART_EndRxTransfer), (32 bytes).
    Removing stm32f4xx_hal_uart.o(i.UART_EndTransmit_IT), (32 bytes).
    Removing stm32f4xx_hal_uart.o(i.UART_EndTxTransfer), (20 bytes).
    Removing stm32f4xx_hal_uart.o(i.UART_Receive_IT), (154 bytes).
    Removing stm32f4xx_hal_uart.o(i.UART_Transmit_IT), (104 bytes).
    Removing hci.o(.rev16_text), (4 bytes).
    Removing hci.o(.revsh_text), (4 bytes).
    Removing hci.o(.rrx_text), (6 bytes).
    Removing hci.o(i.hci_disconnect), (82 bytes).
    Removing hci.o(i.hci_le_add_device_to_white_list), (86 bytes).
    Removing hci.o(i.hci_le_clear_white_list), (58 bytes).
    Removing hci.o(i.hci_le_create_connection), (162 bytes).
    Removing hci.o(i.hci_le_encrypt), (124 bytes).
    Removing hci.o(i.hci_le_ltk_request_neg_reply), (80 bytes).
    Removing hci.o(i.hci_le_ltk_request_reply), (96 bytes).
    Removing hci.o(i.hci_le_rand), (98 bytes).
    Removing hci.o(i.hci_le_read_advertising_channel_tx_power), (92 bytes).
    Removing hci.o(i.hci_le_read_buffer_size), (100 bytes).
    Removing hci.o(i.hci_le_read_channel_map), (102 bytes).
    Removing hci.o(i.hci_le_read_local_supported_features), (92 bytes).
    Removing hci.o(i.hci_le_read_supported_states), (92 bytes).
    Removing hci.o(i.hci_le_read_white_list_size), (86 bytes).
    Removing hci.o(i.hci_le_receiver_test), (68 bytes).
    Removing hci.o(i.hci_le_remove_device_from_white_list), (86 bytes).
    Removing hci.o(i.hci_le_set_advertise_enable), (86 bytes).
    Removing hci.o(i.hci_le_set_advertising_data), (104 bytes).
    Removing hci.o(i.hci_le_set_advertising_parameters), (136 bytes).
    Removing hci.o(i.hci_le_set_random_address), (88 bytes).
    Removing hci.o(i.hci_le_set_scan_enable), (96 bytes).
    Removing hci.o(i.hci_le_set_scan_parameters), (112 bytes).
    Removing hci.o(i.hci_le_test_end), (86 bytes).
    Removing hci.o(i.hci_le_transmitter_test), (84 bytes).
    Removing hci.o(i.hci_read_bd_addr), (98 bytes).
    Removing hci.o(i.hci_read_rssi), (104 bytes).
    Removing hci.o(i.hci_read_transmit_power_level), (114 bytes).
    Removing hci.o(i.hci_reset), (56 bytes).
    Removing hci.o(i.hci_timeout_callback), (12 bytes).
    Removing bluenrg_gap_aci.o(i.aci_gap_allow_rebond_IDB04A1), (58 bytes).
    Removing bluenrg_gap_aci.o(i.aci_gap_allow_rebond_IDB05A1), (70 bytes).
    Removing bluenrg_gap_aci.o(i.aci_gap_authorization_response), (78 bytes).
    Removing bluenrg_gap_aci.o(i.aci_gap_clear_security_database), (58 bytes).
    Removing bluenrg_gap_aci.o(i.aci_gap_configure_whitelist), (58 bytes).
    Removing bluenrg_gap_aci.o(i.aci_gap_delete_ad_type), (68 bytes).
    Removing bluenrg_gap_aci.o(i.aci_gap_get_bonded_devices), (116 bytes).
    Removing bluenrg_gap_aci.o(i.aci_gap_get_security_level), (112 bytes).
    Removing bluenrg_gap_aci.o(i.aci_gap_is_device_bonded), (86 bytes).
    Removing bluenrg_gap_aci.o(i.aci_gap_pass_key_response), (82 bytes).
    Removing bluenrg_gap_aci.o(i.aci_gap_resolve_private_address_IDB04A1), (78 bytes).
    Removing bluenrg_gap_aci.o(i.aci_gap_resolve_private_address_IDB05A1), (102 bytes).
    Removing bluenrg_gap_aci.o(i.aci_gap_send_pairing_request), (82 bytes).
    Removing bluenrg_gap_aci.o(i.aci_gap_set_author_requirement), (78 bytes).
    Removing bluenrg_gap_aci.o(i.aci_gap_set_broadcast_mode), (178 bytes).
    Removing bluenrg_gap_aci.o(i.aci_gap_set_direct_connectable_IDB04A1), (92 bytes).
    Removing bluenrg_gap_aci.o(i.aci_gap_set_direct_connectable_IDB05A1), (98 bytes).
    Removing bluenrg_gap_aci.o(i.aci_gap_set_io_capability), (70 bytes).
    Removing bluenrg_gap_aci.o(i.aci_gap_set_limited_discoverable), (250 bytes).
    Removing bluenrg_gap_aci.o(i.aci_gap_set_non_connectable_IDB04A1), (68 bytes).
    Removing bluenrg_gap_aci.o(i.aci_gap_set_non_connectable_IDB05A1), (78 bytes).
    Removing bluenrg_gap_aci.o(i.aci_gap_set_non_discoverable), (58 bytes).
    Removing bluenrg_gap_aci.o(i.aci_gap_set_undirected_connectable), (78 bytes).
    Removing bluenrg_gap_aci.o(i.aci_gap_slave_security_request), (88 bytes).
    Removing bluenrg_gap_aci.o(i.aci_gap_start_auto_conn_establish_proc_IDB04A1), (336 bytes).
    Removing bluenrg_gap_aci.o(i.aci_gap_start_auto_conn_establish_proc_IDB05A1), (304 bytes).
    Removing bluenrg_gap_aci.o(i.aci_gap_start_connection_update), (118 bytes).
    Removing bluenrg_gap_aci.o(i.aci_gap_start_general_conn_establish_proc_IDB04A1), (124 bytes).
    Removing bluenrg_gap_aci.o(i.aci_gap_start_general_conn_establish_proc_IDB05A1), (106 bytes).
    Removing bluenrg_gap_aci.o(i.aci_gap_start_general_discovery_proc), (94 bytes).
    Removing bluenrg_gap_aci.o(i.aci_gap_start_limited_discovery_proc), (94 bytes).
    Removing bluenrg_gap_aci.o(i.aci_gap_start_name_discovery_proc), (148 bytes).
    Removing bluenrg_gap_aci.o(i.aci_gap_start_observation_procedure), (106 bytes).
    Removing bluenrg_gap_aci.o(i.aci_gap_start_selective_conn_establish_proc), (144 bytes).
    Removing bluenrg_gap_aci.o(i.aci_gap_terminate), (82 bytes).
    Removing bluenrg_gap_aci.o(i.aci_gap_terminate_gap_procedure), (66 bytes).
    Removing bluenrg_gap_aci.o(i.aci_gap_update_adv_data), (102 bytes).
    Removing bluenrg_gatt_aci.o(i.aci_att_execute_write_req), (80 bytes).
    Removing bluenrg_gatt_aci.o(i.aci_att_find_by_type_value_req), (134 bytes).
    Removing bluenrg_gatt_aci.o(i.aci_att_find_information_req), (86 bytes).
    Removing bluenrg_gatt_aci.o(i.aci_att_prepare_write_req), (120 bytes).
    Removing bluenrg_gatt_aci.o(i.aci_att_read_by_group_type_req), (122 bytes).
    Removing bluenrg_gatt_aci.o(i.aci_att_read_by_type_req), (122 bytes).
    Removing bluenrg_gatt_aci.o(i.aci_gatt_add_char_desc), (274 bytes).
    Removing bluenrg_gatt_aci.o(i.aci_gatt_allow_read), (72 bytes).
    Removing bluenrg_gatt_aci.o(i.aci_gatt_confirm_indication), (72 bytes).
    Removing bluenrg_gatt_aci.o(i.aci_gatt_del_char), (80 bytes).
    Removing bluenrg_gatt_aci.o(i.aci_gatt_del_include_service), (80 bytes).
    Removing bluenrg_gatt_aci.o(i.aci_gatt_del_service), (72 bytes).
    Removing bluenrg_gatt_aci.o(i.aci_gatt_disc_all_charac_descriptors), (90 bytes).
    Removing bluenrg_gatt_aci.o(i.aci_gatt_disc_all_charac_of_serv), (90 bytes).
    Removing bluenrg_gatt_aci.o(i.aci_gatt_disc_all_prim_services), (76 bytes).
    Removing bluenrg_gatt_aci.o(i.aci_gatt_disc_prim_service_by_uuid), (108 bytes).
    Removing bluenrg_gatt_aci.o(i.aci_gatt_exchange_configuration), (76 bytes).
    Removing bluenrg_gatt_aci.o(i.aci_gatt_find_included_services), (90 bytes).
    Removing bluenrg_gatt_aci.o(i.aci_gatt_include_service), (198 bytes).
    Removing bluenrg_gatt_aci.o(i.aci_gatt_read_charac_desc), (84 bytes).
    Removing bluenrg_gatt_aci.o(i.aci_gatt_read_charac_val), (84 bytes).
    Removing bluenrg_gatt_aci.o(i.aci_gatt_read_handle_value), (126 bytes).
    Removing bluenrg_gatt_aci.o(i.aci_gatt_read_handle_value_offset_IDB05A1), (140 bytes).
    Removing bluenrg_gatt_aci.o(i.aci_gatt_read_long_charac_desc), (90 bytes).
    Removing bluenrg_gatt_aci.o(i.aci_gatt_read_long_charac_val), (90 bytes).
    Removing bluenrg_gatt_aci.o(i.aci_gatt_read_multiple_charac_val), (112 bytes).
    Removing bluenrg_gatt_aci.o(i.aci_gatt_read_using_charac_uuid), (122 bytes).
    Removing bluenrg_gatt_aci.o(i.aci_gatt_set_desc_value), (190 bytes).
    Removing bluenrg_gatt_aci.o(i.aci_gatt_set_event_mask), (72 bytes).
    Removing bluenrg_gatt_aci.o(i.aci_gatt_set_security_permission), (86 bytes).
    Removing bluenrg_gatt_aci.o(i.aci_gatt_signed_write_without_resp), (108 bytes).
    Removing bluenrg_gatt_aci.o(i.aci_gatt_write_charac_reliable), (124 bytes).
    Removing bluenrg_gatt_aci.o(i.aci_gatt_write_charac_value), (154 bytes).
    Removing bluenrg_gatt_aci.o(i.aci_gatt_write_long_charac_desc), (124 bytes).
    Removing bluenrg_gatt_aci.o(i.aci_gatt_write_long_charac_val), (124 bytes).
    Removing bluenrg_gatt_aci.o(i.aci_gatt_write_response), (184 bytes).
    Removing bluenrg_hal_aci.o(i.aci_hal_device_standby), (58 bytes).
    Removing bluenrg_hal_aci.o(i.aci_hal_tone_start), (68 bytes).
    Removing bluenrg_hal_aci.o(i.aci_hal_tone_stop), (58 bytes).
    Removing bluenrg_l2cap_aci.o(i.aci_l2cap_connection_parameter_update_request), (108 bytes).
    Removing bluenrg_l2cap_aci.o(i.aci_l2cap_connection_parameter_update_response_IDB04A1), (116 bytes).
    Removing bluenrg_l2cap_aci.o(i.aci_l2cap_connection_parameter_update_response_IDB05A1), (126 bytes).
    Removing bluenrg_utils_small.o(.rev16_text), (4 bytes).
    Removing bluenrg_utils_small.o(.revsh_text), (4 bytes).
    Removing bluenrg_utils_small.o(.rrx_text), (6 bytes).
    Removing gp_timer.o(i.Timer_Remaining), (18 bytes).
    Removing gp_timer.o(i.Timer_Reset), (10 bytes).
    Removing gp_timer.o(i.Timer_Restart), (12 bytes).
    Removing ble_list.o(.rev16_text), (4 bytes).
    Removing ble_list.o(.revsh_text), (4 bytes).
    Removing ble_list.o(.rrx_text), (6 bytes).
    Removing ble_list.o(i.list_get_next_node), (26 bytes).
    Removing ble_list.o(i.list_get_prev_node), (26 bytes).
    Removing ble_list.o(i.list_get_size), (40 bytes).
    Removing ble_list.o(i.list_insert_node_after), (34 bytes).
    Removing ble_list.o(i.list_insert_node_before), (34 bytes).
    Removing ble_list.o(i.list_remove_tail), (42 bytes).

491 unused section(s) (total 36477 bytes) removed from the image.

==============================================================================

Image Symbol Table

    Local Symbols

    Symbol Name                              Value     Ov Type        Size  Object(Section)

    ../clib/microlib/division.c              0x00000000   Number         0  uldiv.o ABSOLUTE
    ../clib/microlib/division.c              0x00000000   Number         0  uidiv.o ABSOLUTE
    ../clib/microlib/init/entry.s            0x00000000   Number         0  entry9b.o ABSOLUTE
    ../clib/microlib/init/entry.s            0x00000000   Number         0  entry7b.o ABSOLUTE
    ../clib/microlib/init/entry.s            0x00000000   Number         0  entry8b.o ABSOLUTE
    ../clib/microlib/init/entry.s            0x00000000   Number         0  entry9a.o ABSOLUTE
    ../clib/microlib/init/entry.s            0x00000000   Number         0  entry10b.o ABSOLUTE
    ../clib/microlib/init/entry.s            0x00000000   Number         0  entry7a.o ABSOLUTE
    ../clib/microlib/init/entry.s            0x00000000   Number         0  entry10a.o ABSOLUTE
    ../clib/microlib/init/entry.s            0x00000000   Number         0  entry11b.o ABSOLUTE
    ../clib/microlib/init/entry.s            0x00000000   Number         0  entry8a.o ABSOLUTE
    ../clib/microlib/init/entry.s            0x00000000   Number         0  entry.o ABSOLUTE
    ../clib/microlib/init/entry.s            0x00000000   Number         0  entry11a.o ABSOLUTE
    ../clib/microlib/init/entry.s            0x00000000   Number         0  entry2.o ABSOLUTE
    ../clib/microlib/init/entry.s            0x00000000   Number         0  entry5.o ABSOLUTE
    ../clib/microlib/longlong.c              0x00000000   Number         0  llsshr.o ABSOLUTE
    ../clib/microlib/longlong.c              0x00000000   Number         0  llshl.o ABSOLUTE
    ../clib/microlib/longlong.c              0x00000000   Number         0  llushr.o ABSOLUTE
    ../clib/microlib/printf/printf.c         0x00000000   Number         0  printfa.o ABSOLUTE
    ../clib/microlib/stdio/fputc.c           0x00000000   Number         0  fputc.o ABSOLUTE
    ../clib/microlib/stdio/semi.s            0x00000000   Number         0  semi.o ABSOLUTE
    ../clib/microlib/stdio/streams.c         0x00000000   Number         0  stdout.o ABSOLUTE
    ../clib/microlib/string/memcpy.c         0x00000000   Number         0  memcpyc.o ABSOLUTE
    ../clib/microlib/string/memcpy.c         0x00000000   Number         0  memcpy.o ABSOLUTE
    ../clib/microlib/string/memset.c         0x00000000   Number         0  memseta.o ABSOLUTE
    ../clib/microlib/string/memset.c         0x00000000   Number         0  memset.o ABSOLUTE
    ../clib/microlib/stubs.s                 0x00000000   Number         0  iusefp.o ABSOLUTE
    ../clib/microlib/stubs.s                 0x00000000   Number         0  iusesemip.o ABSOLUTE
    ../fplib/microlib/fpadd.c                0x00000000   Number         0  dadd.o ABSOLUTE
    ../fplib/microlib/fpdiv.c                0x00000000   Number         0  ddiv.o ABSOLUTE
    ../fplib/microlib/fpepilogue.c           0x00000000   Number         0  depilogue.o ABSOLUTE
    ../fplib/microlib/fpfix.c                0x00000000   Number         0  dfixul.o ABSOLUTE
    ../fplib/microlib/fpmul.c                0x00000000   Number         0  dmul.o ABSOLUTE
    ..\..\..\..\..\..\Drivers\BSP\STM32F4xx-Nucleo\stm32f4xx_nucleo.c 0x00000000   Number         0  stm32f4xx_nucleo.o ABSOLUTE
    ..\..\..\..\..\..\Drivers\BSP\X-NUCLEO-IDB04A1\stm32_bluenrg_ble.c 0x00000000   Number         0  stm32_bluenrg_ble.o ABSOLUTE
    ..\..\..\..\..\..\Drivers\STM32F4xx_HAL_Driver\Src\stm32f4xx_hal.c 0x00000000   Number         0  stm32f4xx_hal.o ABSOLUTE
    ..\..\..\..\..\..\Drivers\STM32F4xx_HAL_Driver\Src\stm32f4xx_hal_adc.c 0x00000000   Number         0  stm32f4xx_hal_adc.o ABSOLUTE
    ..\..\..\..\..\..\Drivers\STM32F4xx_HAL_Driver\Src\stm32f4xx_hal_adc_ex.c 0x00000000   Number         0  stm32f4xx_hal_adc_ex.o ABSOLUTE
    ..\..\..\..\..\..\Drivers\STM32F4xx_HAL_Driver\Src\stm32f4xx_hal_cortex.c 0x00000000   Number         0  stm32f4xx_hal_cortex.o ABSOLUTE
    ..\..\..\..\..\..\Drivers\STM32F4xx_HAL_Driver\Src\stm32f4xx_hal_dma.c 0x00000000   Number         0  stm32f4xx_hal_dma.o ABSOLUTE
    ..\..\..\..\..\..\Drivers\STM32F4xx_HAL_Driver\Src\stm32f4xx_hal_flash.c 0x00000000   Number         0  stm32f4xx_hal_flash.o ABSOLUTE
    ..\..\..\..\..\..\Drivers\STM32F4xx_HAL_Driver\Src\stm32f4xx_hal_flash_ex.c 0x00000000   Number         0  stm32f4xx_hal_flash_ex.o ABSOLUTE
    ..\..\..\..\..\..\Drivers\STM32F4xx_HAL_Driver\Src\stm32f4xx_hal_gpio.c 0x00000000   Number         0  stm32f4xx_hal_gpio.o ABSOLUTE
    ..\..\..\..\..\..\Drivers\STM32F4xx_HAL_Driver\Src\stm32f4xx_hal_pwr.c 0x00000000   Number         0  stm32f4xx_hal_pwr.o ABSOLUTE
    ..\..\..\..\..\..\Drivers\STM32F4xx_HAL_Driver\Src\stm32f4xx_hal_pwr_ex.c 0x00000000   Number         0  stm32f4xx_hal_pwr_ex.o ABSOLUTE
    ..\..\..\..\..\..\Drivers\STM32F4xx_HAL_Driver\Src\stm32f4xx_hal_rcc.c 0x00000000   Number         0  stm32f4xx_hal_rcc.o ABSOLUTE
    ..\..\..\..\..\..\Drivers\STM32F4xx_HAL_Driver\Src\stm32f4xx_hal_rcc_ex.c 0x00000000   Number         0  stm32f4xx_hal_rcc_ex.o ABSOLUTE
    ..\..\..\..\..\..\Drivers\STM32F4xx_HAL_Driver\Src\stm32f4xx_hal_spi.c 0x00000000   Number         0  stm32f4xx_hal_spi.o ABSOLUTE
    ..\..\..\..\..\..\Drivers\STM32F4xx_HAL_Driver\Src\stm32f4xx_hal_uart.c 0x00000000   Number         0  stm32f4xx_hal_uart.o ABSOLUTE
    ..\..\..\..\..\..\Middlewares\ST\STM32_BlueNRG\Interface\bluenrg_itf_template.c 0x00000000   Number         0  bluenrg_itf_template.o ABSOLUTE
    ..\..\..\..\..\..\Middlewares\ST\STM32_BlueNRG\SimpleBlueNRG_HCI\hci\controller\bluenrg_gap_aci.c 0x00000000   Number         0  bluenrg_gap_aci.o ABSOLUTE
    ..\..\..\..\..\..\Middlewares\ST\STM32_BlueNRG\SimpleBlueNRG_HCI\hci\controller\bluenrg_gatt_aci.c 0x00000000   Number         0  bluenrg_gatt_aci.o ABSOLUTE
    ..\..\..\..\..\..\Middlewares\ST\STM32_BlueNRG\SimpleBlueNRG_HCI\hci\controller\bluenrg_hal_aci.c 0x00000000   Number         0  bluenrg_hal_aci.o ABSOLUTE
    ..\..\..\..\..\..\Middlewares\ST\STM32_BlueNRG\SimpleBlueNRG_HCI\hci\controller\bluenrg_l2cap_aci.c 0x00000000   Number         0  bluenrg_l2cap_aci.o ABSOLUTE
    ..\..\..\..\..\..\Middlewares\ST\STM32_BlueNRG\SimpleBlueNRG_HCI\hci\controller\bluenrg_utils_small.c 0x00000000   Number         0  bluenrg_utils_small.o ABSOLUTE
    ..\..\..\..\..\..\Middlewares\ST\STM32_BlueNRG\SimpleBlueNRG_HCI\hci\hci.c 0x00000000   Number         0  hci.o ABSOLUTE
    ..\..\..\..\..\..\Middlewares\ST\STM32_BlueNRG\SimpleBlueNRG_HCI\utils\ble_list.c 0x00000000   Number         0  ble_list.o ABSOLUTE
    ..\..\..\..\..\..\Middlewares\ST\STM32_BlueNRG\SimpleBlueNRG_HCI\utils\gp_timer.c 0x00000000   Number         0  gp_timer.o ABSOLUTE
    ..\..\..\..\..\..\Middlewares\ST\STM32_BlueNRG\SimpleBlueNRG_HCI\utils\osal.c 0x00000000   Number         0  osal.o ABSOLUTE
    ..\..\Src\bluenrg_interface.c            0x00000000   Number         0  bluenrg_interface.o ABSOLUTE
    ..\..\Src\clock.c                        0x00000000   Number         0  clock.o ABSOLUTE
    ..\..\Src\cube_hal_f4.c                  0x00000000   Number         0  cube_hal_f4.o ABSOLUTE
    ..\..\Src\gpio.c                         0x00000000   Number         0  gpio.o ABSOLUTE
    ..\..\Src\main.c                         0x00000000   Number         0  main.o ABSOLUTE
    ..\..\Src\sample_service.c               0x00000000   Number         0  sample_service.o ABSOLUTE
    ..\..\Src\stm32xx_it.c                   0x00000000   Number         0  stm32xx_it.o ABSOLUTE
    ..\..\Src\system_stm32f4xx.c             0x00000000   Number         0  system_stm32f4xx.o ABSOLUTE
    ..\..\Src\uart_support.c                 0x00000000   Number         0  uart_support.o ABSOLUTE
    ..\\..\\..\\..\\..\\..\\Drivers\\BSP\\STM32F4xx-Nucleo\\stm32f4xx_nucleo.c 0x00000000   Number         0  stm32f4xx_nucleo.o ABSOLUTE
    ..\\..\\..\\..\\..\\..\\Drivers\\BSP\\X-NUCLEO-IDB04A1\\stm32_bluenrg_ble.c 0x00000000   Number         0  stm32_bluenrg_ble.o ABSOLUTE
    ..\\..\\..\\..\\..\\..\\Drivers\\STM32F4xx_HAL_Driver\\Src\\stm32f4xx_hal.c 0x00000000   Number         0  stm32f4xx_hal.o ABSOLUTE
    ..\\..\\..\\..\\..\\..\\Drivers\\STM32F4xx_HAL_Driver\\Src\\stm32f4xx_hal_adc.c 0x00000000   Number         0  stm32f4xx_hal_adc.o ABSOLUTE
    ..\\..\\..\\..\\..\\..\\Drivers\\STM32F4xx_HAL_Driver\\Src\\stm32f4xx_hal_adc_ex.c 0x00000000   Number         0  stm32f4xx_hal_adc_ex.o ABSOLUTE
    ..\\..\\..\\..\\..\\..\\Drivers\\STM32F4xx_HAL_Driver\\Src\\stm32f4xx_hal_cortex.c 0x00000000   Number         0  stm32f4xx_hal_cortex.o ABSOLUTE
    ..\\..\\..\\..\\..\\..\\Drivers\\STM32F4xx_HAL_Driver\\Src\\stm32f4xx_hal_dma.c 0x00000000   Number         0  stm32f4xx_hal_dma.o ABSOLUTE
    ..\\..\\..\\..\\..\\..\\Drivers\\STM32F4xx_HAL_Driver\\Src\\stm32f4xx_hal_flash.c 0x00000000   Number         0  stm32f4xx_hal_flash.o ABSOLUTE
    ..\\..\\..\\..\\..\\..\\Drivers\\STM32F4xx_HAL_Driver\\Src\\stm32f4xx_hal_flash_ex.c 0x00000000   Number         0  stm32f4xx_hal_flash_ex.o ABSOLUTE
    ..\\..\\..\\..\\..\\..\\Drivers\\STM32F4xx_HAL_Driver\\Src\\stm32f4xx_hal_gpio.c 0x00000000   Number         0  stm32f4xx_hal_gpio.o ABSOLUTE
    ..\\..\\..\\..\\..\\..\\Drivers\\STM32F4xx_HAL_Driver\\Src\\stm32f4xx_hal_pwr.c 0x00000000   Number         0  stm32f4xx_hal_pwr.o ABSOLUTE
    ..\\..\\..\\..\\..\\..\\Drivers\\STM32F4xx_HAL_Driver\\Src\\stm32f4xx_hal_pwr_ex.c 0x00000000   Number         0  stm32f4xx_hal_pwr_ex.o ABSOLUTE
    ..\\..\\..\\..\\..\\..\\Drivers\\STM32F4xx_HAL_Driver\\Src\\stm32f4xx_hal_rcc.c 0x00000000   Number         0  stm32f4xx_hal_rcc.o ABSOLUTE
    ..\\..\\..\\..\\..\\..\\Drivers\\STM32F4xx_HAL_Driver\\Src\\stm32f4xx_hal_rcc_ex.c 0x00000000   Number         0  stm32f4xx_hal_rcc_ex.o ABSOLUTE
    ..\\..\\..\\..\\..\\..\\Drivers\\STM32F4xx_HAL_Driver\\Src\\stm32f4xx_hal_spi.c 0x00000000   Number         0  stm32f4xx_hal_spi.o ABSOLUTE
    ..\\..\\..\\..\\..\\..\\Drivers\\STM32F4xx_HAL_Driver\\Src\\stm32f4xx_hal_uart.c 0x00000000   Number         0  stm32f4xx_hal_uart.o ABSOLUTE
    ..\\..\\..\\..\\..\\..\\Middlewares\\ST\\STM32_BlueNRG\\SimpleBlueNRG_HCI\\hci\\controller\\bluenrg_utils_small.c 0x00000000   Number         0  bluenrg_utils_small.o ABSOLUTE
    ..\\..\\..\\..\\..\\..\\Middlewares\\ST\\STM32_BlueNRG\\SimpleBlueNRG_HCI\\hci\\hci.c 0x00000000   Number         0  hci.o ABSOLUTE
    ..\\..\\..\\..\\..\\..\\Middlewares\\ST\\STM32_BlueNRG\\SimpleBlueNRG_HCI\\utils\\ble_list.c 0x00000000   Number         0  ble_list.o ABSOLUTE
    ..\\..\\Src\\bluenrg_interface.c         0x00000000   Number         0  bluenrg_interface.o ABSOLUTE
    ..\\..\\Src\\clock.c                     0x00000000   Number         0  clock.o ABSOLUTE
    ..\\..\\Src\\cube_hal_f4.c               0x00000000   Number         0  cube_hal_f4.o ABSOLUTE
    ..\\..\\Src\\gpio.c                      0x00000000   Number         0  gpio.o ABSOLUTE
    ..\\..\\Src\\main.c                      0x00000000   Number         0  main.o ABSOLUTE
    ..\\..\\Src\\sample_service.c            0x00000000   Number         0  sample_service.o ABSOLUTE
    ..\\..\\Src\\stm32xx_it.c                0x00000000   Number         0  stm32xx_it.o ABSOLUTE
    ..\\..\\Src\\system_stm32f4xx.c          0x00000000   Number         0  system_stm32f4xx.o ABSOLUTE
    ..\\..\\Src\\uart_support.c              0x00000000   Number         0  uart_support.o ABSOLUTE
    cdrcmple.s                               0x00000000   Number         0  cdrcmple.o ABSOLUTE
    dc.s                                     0x00000000   Number         0  dc.o ABSOLUTE
    handlers.s                               0x00000000   Number         0  handlers.o ABSOLUTE
    init.s                                   0x00000000   Number         0  init.o ABSOLUTE
    startup_stm32f401xe.s                    0x00000000   Number         0  startup_stm32f401xe.o ABSOLUTE
    RESET                                    0x08000000   Section      404  startup_stm32f401xe.o(RESET)
    .ARM.Collect$$$$00000000                 0x08000194   Section        0  entry.o(.ARM.Collect$$$$00000000)
    .ARM.Collect$$$$00000001                 0x08000194   Section        4  entry2.o(.ARM.Collect$$$$00000001)
    .ARM.Collect$$$$00000004                 0x08000198   Section        4  entry5.o(.ARM.Collect$$$$00000004)
    .ARM.Collect$$$$00000008                 0x0800019c   Section        0  entry7b.o(.ARM.Collect$$$$00000008)
    .ARM.Collect$$$$0000000A                 0x0800019c   Section        0  entry8b.o(.ARM.Collect$$$$0000000A)
    .ARM.Collect$$$$0000000B                 0x0800019c   Section        8  entry9a.o(.ARM.Collect$$$$0000000B)
    .ARM.Collect$$$$0000000D                 0x080001a4   Section        0  entry10a.o(.ARM.Collect$$$$0000000D)
    .ARM.Collect$$$$0000000F                 0x080001a4   Section        0  entry11a.o(.ARM.Collect$$$$0000000F)
    .ARM.Collect$$$$00002712                 0x080001a4   Section        4  entry2.o(.ARM.Collect$$$$00002712)
    __lit__00000000                          0x080001a4   Data           4  entry2.o(.ARM.Collect$$$$00002712)
    .text                                    0x080001a8   Section       36  startup_stm32f401xe.o(.text)
    $v0                                      0x080001a8   Number         0  startup_stm32f401xe.o(.text)
    .text                                    0x080001cc   Section        0  memcpy.o(.text)
    .text                                    0x080001f4   Section        0  memset.o(.text)
    .text                                    0x08000206   Section        0  uidiv.o(.text)
    .text                                    0x08000232   Section        0  uldiv.o(.text)
    .text                                    0x08000294   Section        0  iusefp.o(.text)
    .text                                    0x08000294   Section        0  dadd.o(.text)
    .text                                    0x080003e2   Section        0  dmul.o(.text)
    .text                                    0x080004c6   Section        0  ddiv.o(.text)
    .text                                    0x080005a4   Section        0  dfixul.o(.text)
    .text                                    0x080005d4   Section       48  cdrcmple.o(.text)
    .text                                    0x08000604   Section       36  init.o(.text)
    .text                                    0x08000628   Section        0  llshl.o(.text)
    .text                                    0x08000646   Section        0  llushr.o(.text)
    .text                                    0x08000666   Section        0  llsshr.o(.text)
    .text                                    0x0800068a   Section        0  depilogue.o(.text)
    i.Add_Sample_Service                     0x08000744   Section        0  sample_service.o(i.Add_Sample_Service)
    i.Attribute_Modified_CB                  0x08000898   Section        0  sample_service.o(i.Attribute_Modified_CB)
    i.BNRG_SPI_Init                          0x080008d8   Section        0  stm32_bluenrg_ble.o(i.BNRG_SPI_Init)
    i.BSP_LED_Off                            0x08000918   Section        0  stm32f4xx_nucleo.o(i.BSP_LED_Off)
    i.BSP_LED_On                             0x08000938   Section        0  stm32f4xx_nucleo.o(i.BSP_LED_On)
    i.BSP_LED_Toggle                         0x08000958   Section        0  stm32f4xx_nucleo.o(i.BSP_LED_Toggle)
    i.BlueNRG_DataPresent                    0x08000978   Section        0  stm32_bluenrg_ble.o(i.BlueNRG_DataPresent)
    i.BlueNRG_RST                            0x08000990   Section        0  stm32_bluenrg_ble.o(i.BlueNRG_RST)
    i.BlueNRG_SPI_Read_All                   0x080009bc   Section        0  stm32_bluenrg_ble.o(i.BlueNRG_SPI_Read_All)
    i.BlueNRG_SPI_Write                      0x08000a64   Section        0  stm32_bluenrg_ble.o(i.BlueNRG_SPI_Write)
    i.Clear_SPI_EXTI_Flag                    0x08000b28   Section        0  stm32_bluenrg_ble.o(i.Clear_SPI_EXTI_Flag)
    i.Clock_Time                             0x08000b34   Section        0  clock.o(i.Clock_Time)
    i.Clock_Wait                             0x08000b3c   Section        0  clock.o(i.Clock_Wait)
    i.DebugMon_Handler                       0x08000b48   Section        0  stm32xx_it.o(i.DebugMon_Handler)
    i.Disable_SPI_IRQ                        0x08000b4a   Section        0  stm32_bluenrg_ble.o(i.Disable_SPI_IRQ)
    i.EXTI0_IRQHandler                       0x08000b54   Section        0  stm32xx_it.o(i.EXTI0_IRQHandler)
    i.EXTI15_10_IRQHandler                   0x08000b60   Section        0  stm32xx_it.o(i.EXTI15_10_IRQHandler)
    i.Enable_SPI_IRQ                         0x08000bb8   Section        0  stm32_bluenrg_ble.o(i.Enable_SPI_IRQ)
    i.Error_Handler                          0x08000bc2   Section        0  main.o(i.Error_Handler)
    i.GAP_ConnectionComplete_CB              0x08000bd4   Section        0  sample_service.o(i.GAP_ConnectionComplete_CB)
    i.GAP_DisconnectionComplete_CB           0x08000c38   Section        0  sample_service.o(i.GAP_DisconnectionComplete_CB)
    i.GATT_Notification_CB                   0x08000c90   Section        0  sample_service.o(i.GATT_Notification_CB)
    i.HAL_Delay                              0x08000cb0   Section        0  stm32f4xx_hal.o(i.HAL_Delay)
    i.HAL_GPIO_EXTI_Callback                 0x08000cca   Section        0  bluenrg_interface.o(i.HAL_GPIO_EXTI_Callback)
    i.HAL_GPIO_EXTI_IRQHandler               0x08000cd4   Section        0  stm32f4xx_hal_gpio.o(i.HAL_GPIO_EXTI_IRQHandler)
    i.HAL_GPIO_Init                          0x08000cf0   Section        0  stm32f4xx_hal_gpio.o(i.HAL_GPIO_Init)
    i.HAL_GPIO_ReadPin                       0x08000ec4   Section        0  stm32f4xx_hal_gpio.o(i.HAL_GPIO_ReadPin)
    i.HAL_GPIO_TogglePin                     0x08000ed4   Section        0  stm32f4xx_hal_gpio.o(i.HAL_GPIO_TogglePin)
    i.HAL_GPIO_WritePin                      0x08000edc   Section        0  stm32f4xx_hal_gpio.o(i.HAL_GPIO_WritePin)
    i.HAL_GetTick                            0x08000ee8   Section        0  stm32f4xx_hal.o(i.HAL_GetTick)
    i.HAL_IncTick                            0x08000ef4   Section        0  stm32f4xx_hal.o(i.HAL_IncTick)
    i.HAL_Init                               0x08000f04   Section        0  stm32f4xx_hal.o(i.HAL_Init)
    i.HAL_InitTick                           0x08000f40   Section        0  stm32f4xx_hal.o(i.HAL_InitTick)
    i.HAL_MspInit                            0x08000f68   Section        0  stm32f4xx_hal.o(i.HAL_MspInit)
    i.HAL_NVIC_DisableIRQ                    0x08000f6c   Section        0  stm32f4xx_hal_cortex.o(i.HAL_NVIC_DisableIRQ)
    i.HAL_NVIC_EnableIRQ                     0x08000f88   Section        0  stm32f4xx_hal_cortex.o(i.HAL_NVIC_EnableIRQ)
    i.HAL_NVIC_SetPriority                   0x08000fa2   Section        0  stm32f4xx_hal_cortex.o(i.HAL_NVIC_SetPriority)
    i.HAL_NVIC_SetPriorityGrouping           0x08001020   Section        0  stm32f4xx_hal_cortex.o(i.HAL_NVIC_SetPriorityGrouping)
    i.HAL_RCC_ClockConfig                    0x08001048   Section        0  stm32f4xx_hal_rcc.o(i.HAL_RCC_ClockConfig)
    i.HAL_RCC_GetHCLKFreq                    0x08001218   Section        0  stm32f4xx_hal_rcc.o(i.HAL_RCC_GetHCLKFreq)
    i.HAL_RCC_GetPCLK1Freq                   0x08001224   Section        0  stm32f4xx_hal_rcc.o(i.HAL_RCC_GetPCLK1Freq)
    i.HAL_RCC_GetPCLK2Freq                   0x08001250   Section        0  stm32f4xx_hal_rcc.o(i.HAL_RCC_GetPCLK2Freq)
    i.HAL_RCC_GetSysClockFreq                0x0800127c   Section        0  stm32f4xx_hal_rcc.o(i.HAL_RCC_GetSysClockFreq)
    i.HAL_RCC_OscConfig                      0x08001330   Section        0  stm32f4xx_hal_rcc.o(i.HAL_RCC_OscConfig)
    i.HAL_SPI_Init                           0x080016cc   Section        0  stm32f4xx_hal_spi.o(i.HAL_SPI_Init)
    i.HAL_SPI_MspInit                        0x0800176c   Section        0  stm32_bluenrg_ble.o(i.HAL_SPI_MspInit)
    i.HAL_SPI_TransmitReceive                0x08001938   Section        0  stm32f4xx_hal_spi.o(i.HAL_SPI_TransmitReceive)
    i.HAL_SYSTICK_Config                     0x08001c04   Section        0  stm32f4xx_hal_cortex.o(i.HAL_SYSTICK_Config)
    i.HAL_UART_Init                          0x08001c38   Section        0  stm32f4xx_hal_uart.o(i.HAL_UART_Init)
    i.HAL_UART_MspInit                       0x08001cac   Section        0  main.o(i.HAL_UART_MspInit)
    i.HAL_UART_Transmit                      0x08001d4c   Section        0  stm32f4xx_hal_uart.o(i.HAL_UART_Transmit)
    i.HCI_Event_CB                           0x08001e24   Section        0  sample_service.o(i.HCI_Event_CB)
    i.HCI_Init                               0x08001fc4   Section        0  hci.o(i.HCI_Init)
    i.HCI_Isr                                0x08002000   Section        0  hci.o(i.HCI_Isr)
    i.HCI_Process                            0x08002088   Section        0  hci.o(i.HCI_Process)
    i.HCI_Queue_Empty                        0x0800210c   Section        0  hci.o(i.HCI_Queue_Empty)
    i.HCI_verify                             0x0800211c   Section        0  hci.o(i.HCI_verify)
    i.Hal_Write_Serial                       0x08002140   Section        0  stm32_bluenrg_ble.o(i.Hal_Write_Serial)
    i.HardFault_Handler                      0x08002190   Section        0  stm32xx_it.o(i.HardFault_Handler)
    i.Make_Connection                        0x08002194   Section        0  sample_service.o(i.Make_Connection)
    i.My_Button_Init                         0x080022b8   Section        0  gpio.o(i.My_Button_Init)
    i.My_Buttons_Init                        0x08002308   Section        0  gpio.o(i.My_Buttons_Init)
    i.My_Led_Init                            0x0800234c   Section        0  gpio.o(i.My_Led_Init)
    i.My_Led_Off                             0x08002378   Section        0  gpio.o(i.My_Led_Off)
    i.My_Led_Toggle                          0x0800238a   Section        0  gpio.o(i.My_Led_Toggle)
    i.My_Leds_Init                           0x0800239c   Section        0  gpio.o(i.My_Leds_Init)
    i.NMI_Handler                            0x080023e8   Section        0  stm32xx_it.o(i.NMI_Handler)
    i.NVIC_GetPriorityGrouping               0x080023ec   Section        0  stm32f4xx_hal_cortex.o(i.NVIC_GetPriorityGrouping)
    NVIC_GetPriorityGrouping                 0x080023ed   Thumb Code    10  stm32f4xx_hal_cortex.o(i.NVIC_GetPriorityGrouping)
    i.NVIC_SetPriority                       0x080023fc   Section        0  stm32f4xx_hal_cortex.o(i.NVIC_SetPriority)
    NVIC_SetPriority                         0x080023fd   Thumb Code    32  stm32f4xx_hal_cortex.o(i.NVIC_SetPriority)
    i.Osal_MemCpy                            0x08002424   Section        0  osal.o(i.Osal_MemCpy)
    i.Osal_MemSet                            0x08002438   Section        0  osal.o(i.Osal_MemSet)
    i.PRINT_MESG_UART                        0x0800244c   Section        0  uart_support.o(i.PRINT_MESG_UART)
    i.PendSV_Handler                         0x08002488   Section        0  stm32xx_it.o(i.PendSV_Handler)
    i.SPI_CheckFlag_BSY                      0x0800248a   Section        0  stm32f4xx_hal_spi.o(i.SPI_CheckFlag_BSY)
    SPI_CheckFlag_BSY                        0x0800248b   Thumb Code    40  stm32f4xx_hal_spi.o(i.SPI_CheckFlag_BSY)
    i.SPI_WaitFlagStateUntilTimeout          0x080024b2   Section        0  stm32f4xx_hal_spi.o(i.SPI_WaitFlagStateUntilTimeout)
    SPI_WaitFlagStateUntilTimeout            0x080024b3   Thumb Code   170  stm32f4xx_hal_spi.o(i.SPI_WaitFlagStateUntilTimeout)
    i.SVC_Handler                            0x0800255c   Section        0  stm32xx_it.o(i.SVC_Handler)
    i.SysTick_Handler                        0x08002560   Section        0  stm32xx_it.o(i.SysTick_Handler)
    i.SystemClock_Config                     0x08002578   Section        0  cube_hal_f4.o(i.SystemClock_Config)
    i.SystemInit                             0x080025bc   Section        0  system_stm32f4xx.o(i.SystemInit)
    i.Timer_Expired                          0x08002620   Section        0  gp_timer.o(i.Timer_Expired)
    i.Timer_Set                              0x0800263c   Section        0  gp_timer.o(i.Timer_Set)
    i.UART_SetConfig                         0x0800264c   Section        0  stm32f4xx_hal_uart.o(i.UART_SetConfig)
    UART_SetConfig                           0x0800264d   Thumb Code   864  stm32f4xx_hal_uart.o(i.UART_SetConfig)
    i.UART_WaitOnFlagUntilTimeout            0x080029b4   Section        0  stm32f4xx_hal_uart.o(i.UART_WaitOnFlagUntilTimeout)
    UART_WaitOnFlagUntilTimeout              0x080029b5   Thumb Code   108  stm32f4xx_hal_uart.o(i.UART_WaitOnFlagUntilTimeout)
    i.User_Process                           0x08002a20   Section        0  main.o(i.User_Process)
    i.__0vsnprintf                           0x08002a98   Section        0  printfa.o(i.__0vsnprintf)
    i.__get_PRIMASK                          0x08002abc   Section        0  ble_list.o(i.__get_PRIMASK)
    __get_PRIMASK                            0x08002abd   Thumb Code     6  ble_list.o(i.__get_PRIMASK)
    i.__scatterload_copy                     0x08002ac2   Section       14  handlers.o(i.__scatterload_copy)
    i.__scatterload_null                     0x08002ad0   Section        2  handlers.o(i.__scatterload_null)
    i.__scatterload_zeroinit                 0x08002ad2   Section       14  handlers.o(i.__scatterload_zeroinit)
    i.__set_PRIMASK                          0x08002ae0   Section        0  ble_list.o(i.__set_PRIMASK)
    __set_PRIMASK                            0x08002ae1   Thumb Code     6  ble_list.o(i.__set_PRIMASK)
    i._fp_digits                             0x08002ae8   Section        0  printfa.o(i._fp_digits)
    _fp_digits                               0x08002ae9   Thumb Code   334  printfa.o(i._fp_digits)
    i._printf_core                           0x08002c4c   Section        0  printfa.o(i._printf_core)
    _printf_core                             0x08002c4d   Thumb Code  1744  printfa.o(i._printf_core)
    i._printf_post_padding                   0x08003328   Section        0  printfa.o(i._printf_post_padding)
    _printf_post_padding                     0x08003329   Thumb Code    36  printfa.o(i._printf_post_padding)
    i._printf_pre_padding                    0x0800334c   Section        0  printfa.o(i._printf_pre_padding)
    _printf_pre_padding                      0x0800334d   Thumb Code    46  printfa.o(i._printf_pre_padding)
    i._snputc                                0x0800337a   Section        0  printfa.o(i._snputc)
    _snputc                                  0x0800337b   Thumb Code    22  printfa.o(i._snputc)
    i.aci_gap_create_connection              0x08003390   Section        0  bluenrg_gap_aci.o(i.aci_gap_create_connection)
    i.aci_gap_init_IDB05A1                   0x08003424   Section        0  bluenrg_gap_aci.o(i.aci_gap_init_IDB05A1)
    i.aci_gap_set_auth_requirement           0x080034ac   Section        0  bluenrg_gap_aci.o(i.aci_gap_set_auth_requirement)
    i.aci_gap_set_discoverable               0x08003534   Section        0  bluenrg_gap_aci.o(i.aci_gap_set_discoverable)
    i.aci_gatt_add_char                      0x08003640   Section        0  bluenrg_gatt_aci.o(i.aci_gatt_add_char)
    i.aci_gatt_add_serv                      0x08003720   Section        0  bluenrg_gatt_aci.o(i.aci_gatt_add_serv)
    i.aci_gatt_disc_charac_by_uuid           0x080037c0   Section        0  bluenrg_gatt_aci.o(i.aci_gatt_disc_charac_by_uuid)
    i.aci_gatt_init                          0x08003868   Section        0  bluenrg_gatt_aci.o(i.aci_gatt_init)
    i.aci_gatt_update_char_value             0x080038a4   Section        0  bluenrg_gatt_aci.o(i.aci_gatt_update_char_value)
    i.aci_gatt_write_charac_descriptor       0x0800394e   Section        0  bluenrg_gatt_aci.o(i.aci_gatt_write_charac_descriptor)
    i.aci_gatt_write_without_response        0x080039e8   Section        0  bluenrg_gatt_aci.o(i.aci_gatt_write_without_response)
    i.aci_hal_set_tx_power_level             0x08003a54   Section        0  bluenrg_hal_aci.o(i.aci_hal_set_tx_power_level)
    i.aci_hal_write_config_data              0x08003aac   Section        0  bluenrg_hal_aci.o(i.aci_hal_write_config_data)
    i.enableNotification                     0x08003b28   Section        0  sample_service.o(i.enableNotification)
    i.getBlueNRGVersion                      0x08003b84   Section        0  bluenrg_utils_small.o(i.getBlueNRGVersion)
    i.hci_le_read_local_version              0x08003bda   Section        0  hci.o(i.hci_le_read_local_version)
    i.hci_le_set_scan_resp_data              0x08003c5e   Section        0  hci.o(i.hci_le_set_scan_resp_data)
    i.hci_send_cmd                           0x08003cc8   Section        0  hci.o(i.hci_send_cmd)
    i.hci_send_req                           0x08003d04   Section        0  hci.o(i.hci_send_req)
    i.hci_write                              0x08003ebc   Section        0  hci.o(i.hci_write)
    i.list_init_head                         0x08003ed8   Section        0  ble_list.o(i.list_init_head)
    i.list_insert_head                       0x08003ede   Section        0  ble_list.o(i.list_insert_head)
    i.list_insert_tail                       0x08003f00   Section        0  ble_list.o(i.list_insert_tail)
    i.list_is_empty                          0x08003f22   Section        0  ble_list.o(i.list_is_empty)
    i.list_remove_head                       0x08003f44   Section        0  ble_list.o(i.list_remove_head)
    i.list_remove_node                       0x08003f6e   Section        0  ble_list.o(i.list_remove_node)
    i.main                                   0x08003f90   Section        0  main.o(i.main)
    i.move_list                              0x080041f8   Section        0  hci.o(i.move_list)
    move_list                                0x080041f9   Thumb Code    36  hci.o(i.move_list)
    i.receiveData                            0x0800421c   Section        0  sample_service.o(i.receiveData)
    i.sendData                               0x0800425c   Section        0  sample_service.o(i.sendData)
    i.set_irq_as_input                       0x080042a8   Section        0  stm32_bluenrg_ble.o(i.set_irq_as_input)
    i.set_irq_as_output                      0x080042e0   Section        0  stm32_bluenrg_ble.o(i.set_irq_as_output)
    i.startReadRXCharHandle                  0x0800430c   Section        0  sample_service.o(i.startReadRXCharHandle)
    i.startReadTXCharHandle                  0x08004380   Section        0  sample_service.o(i.startReadTXCharHandle)
    i.us150Delay                             0x080043f4   Section        0  stm32_bluenrg_ble.o(i.us150Delay)
    us150Delay                               0x080043f5   Thumb Code    28  stm32_bluenrg_ble.o(i.us150Delay)
    i.vcom_init                              0x08004410   Section        0  main.o(i.vcom_init)
    .constdata                               0x08004444   Section        4  clock.o(.constdata)
    .constdata                               0x08004448   Section        5  stm32f4xx_nucleo.o(.constdata)
    .constdata                               0x0800444d   Section       16  stm32f4xx_hal_rcc.o(.constdata)
    .data                                    0x20000000   Section        2  main.o(.data)
    .data                                    0x20000004   Section       24  sample_service.o(.data)
    .data                                    0x2000001c   Section        5  stm32xx_it.o(.data)
    .data                                    0x20000024   Section       12  stm32f4xx_nucleo.o(.data)
    .data                                    0x20000030   Section        4  system_stm32f4xx.o(.data)
    .data                                    0x20000034   Section        4  stm32f4xx_hal.o(.data)
    .data                                    0x20000038   Section       19  hci.o(.data)
    readPacketListFull                       0x20000048   Data           1  hci.o(.data)
    hci_timer_id                             0x20000049   Data           1  hci.o(.data)
    hci_timeout                              0x2000004a   Data           1  hci.o(.data)
    .bss                                     0x2000004c   Section       64  main.o(.bss)
    .bss                                     0x2000008c   Section       88  stm32_bluenrg_ble.o(.bss)
    .bss                                     0x200000e4   Section      700  hci.o(.bss)
    hciReadPacketBuffer                      0x200000e4   Data         700  hci.o(.bss)
    STACK                                    0x200003a0   Section     1024  startup_stm32f401xe.o(STACK)

    Global Symbols

    Symbol Name                              Value     Ov Type        Size  Object(Section)

    BuildAttributes$$THM_ISAv4$E$P$D$K$B$S$7EM$VFPi3$EXTD16$VFPS$VFMA$PE$A:L22UL41UL21$X:L11$S22US41US21$IEEE1$IW$USESV6$~STKCKD$USESV7$~SHL$OSPACE$ROPI$EBA8$MICROLIB$REQ8$PRES8$EABIv2 0x00000000   Number         0  anon$$obj.o ABSOLUTE
    __ARM_use_no_argv                        0x00000000   Number         0  main.o ABSOLUTE
    __cpp_initialize__aeabi_                  - Undefined Weak Reference
    __cxa_finalize                            - Undefined Weak Reference
    __decompress                              - Undefined Weak Reference
    _clock_init                               - Undefined Weak Reference
    _microlib_exit                            - Undefined Weak Reference
    __Vectors_Size                           0x00000194   Number         0  startup_stm32f401xe.o ABSOLUTE
    __Vectors                                0x08000000   Data           4  startup_stm32f401xe.o(RESET)
    __Vectors_End                            0x08000194   Data           0  startup_stm32f401xe.o(RESET)
    __main                                   0x08000195   Thumb Code     0  entry.o(.ARM.Collect$$$$00000000)
    _main_stk                                0x08000195   Thumb Code     0  entry2.o(.ARM.Collect$$$$00000001)
    _main_scatterload                        0x08000199   Thumb Code     0  entry5.o(.ARM.Collect$$$$00000004)
    __main_after_scatterload                 0x0800019d   Thumb Code     0  entry5.o(.ARM.Collect$$$$00000004)
    _main_clock                              0x0800019d   Thumb Code     0  entry7b.o(.ARM.Collect$$$$00000008)
    _main_cpp_init                           0x0800019d   Thumb Code     0  entry8b.o(.ARM.Collect$$$$0000000A)
    _main_init                               0x0800019d   Thumb Code     0  entry9a.o(.ARM.Collect$$$$0000000B)
    __rt_final_cpp                           0x080001a5   Thumb Code     0  entry10a.o(.ARM.Collect$$$$0000000D)
    __rt_final_exit                          0x080001a5   Thumb Code     0  entry11a.o(.ARM.Collect$$$$0000000F)
    Reset_Handler                            0x080001a9   Thumb Code     8  startup_stm32f401xe.o(.text)
    MemManage_Handler                        0x080001b5   Thumb Code     2  startup_stm32f401xe.o(.text)
    BusFault_Handler                         0x080001b7   Thumb Code     2  startup_stm32f401xe.o(.text)
    UsageFault_Handler                       0x080001b9   Thumb Code     2  startup_stm32f401xe.o(.text)
    ADC_IRQHandler                           0x080001c3   Thumb Code     0  startup_stm32f401xe.o(.text)
    DMA1_Stream0_IRQHandler                  0x080001c3   Thumb Code     0  startup_stm32f401xe.o(.text)
    DMA1_Stream1_IRQHandler                  0x080001c3   Thumb Code     0  startup_stm32f401xe.o(.text)
    DMA1_Stream2_IRQHandler                  0x080001c3   Thumb Code     0  startup_stm32f401xe.o(.text)
    DMA1_Stream3_IRQHandler                  0x080001c3   Thumb Code     0  startup_stm32f401xe.o(.text)
    DMA1_Stream4_IRQHandler                  0x080001c3   Thumb Code     0  startup_stm32f401xe.o(.text)
    DMA1_Stream5_IRQHandler                  0x080001c3   Thumb Code     0  startup_stm32f401xe.o(.text)
    DMA1_Stream6_IRQHandler                  0x080001c3   Thumb Code     0  startup_stm32f401xe.o(.text)
    DMA1_Stream7_IRQHandler                  0x080001c3   Thumb Code     0  startup_stm32f401xe.o(.text)
    DMA2_Stream0_IRQHandler                  0x080001c3   Thumb Code     0  startup_stm32f401xe.o(.text)
    DMA2_Stream1_IRQHandler                  0x080001c3   Thumb Code     0  startup_stm32f401xe.o(.text)
    DMA2_Stream2_IRQHandler                  0x080001c3   Thumb Code     0  startup_stm32f401xe.o(.text)
    DMA2_Stream3_IRQHandler                  0x080001c3   Thumb Code     0  startup_stm32f401xe.o(.text)
    DMA2_Stream4_IRQHandler                  0x080001c3   Thumb Code     0  startup_stm32f401xe.o(.text)
    DMA2_Stream5_IRQHandler                  0x080001c3   Thumb Code     0  startup_stm32f401xe.o(.text)
    DMA2_Stream6_IRQHandler                  0x080001c3   Thumb Code     0  startup_stm32f401xe.o(.text)
    DMA2_Stream7_IRQHandler                  0x080001c3   Thumb Code     0  startup_stm32f401xe.o(.text)
    EXTI1_IRQHandler                         0x080001c3   Thumb Code     0  startup_stm32f401xe.o(.text)
    EXTI2_IRQHandler                         0x080001c3   Thumb Code     0  startup_stm32f401xe.o(.text)
    EXTI3_IRQHandler                         0x080001c3   Thumb Code     0  startup_stm32f401xe.o(.text)
    EXTI4_IRQHandler                         0x080001c3   Thumb Code     0  startup_stm32f401xe.o(.text)
    EXTI9_5_IRQHandler                       0x080001c3   Thumb Code     0  startup_stm32f401xe.o(.text)
    FLASH_IRQHandler                         0x080001c3   Thumb Code     0  startup_stm32f401xe.o(.text)
    FPU_IRQHandler                           0x080001c3   Thumb Code     0  startup_stm32f401xe.o(.text)
    I2C1_ER_IRQHandler                       0x080001c3   Thumb Code     0  startup_stm32f401xe.o(.text)
    I2C1_EV_IRQHandler                       0x080001c3   Thumb Code     0  startup_stm32f401xe.o(.text)
    I2C2_ER_IRQHandler                       0x080001c3   Thumb Code     0  startup_stm32f401xe.o(.text)
    I2C2_EV_IRQHandler                       0x080001c3   Thumb Code     0  startup_stm32f401xe.o(.text)
    I2C3_ER_IRQHandler                       0x080001c3   Thumb Code     0  startup_stm32f401xe.o(.text)
    I2C3_EV_IRQHandler                       0x080001c3   Thumb Code     0  startup_stm32f401xe.o(.text)
    OTG_FS_IRQHandler                        0x080001c3   Thumb Code     0  startup_stm32f401xe.o(.text)
    OTG_FS_WKUP_IRQHandler                   0x080001c3   Thumb Code     0  startup_stm32f401xe.o(.text)
    PVD_IRQHandler                           0x080001c3   Thumb Code     0  startup_stm32f401xe.o(.text)
    RCC_IRQHandler                           0x080001c3   Thumb Code     0  startup_stm32f401xe.o(.text)
    RTC_Alarm_IRQHandler                     0x080001c3   Thumb Code     0  startup_stm32f401xe.o(.text)
    RTC_WKUP_IRQHandler                      0x080001c3   Thumb Code     0  startup_stm32f401xe.o(.text)
    SDIO_IRQHandler                          0x080001c3   Thumb Code     0  startup_stm32f401xe.o(.text)
    SPI1_IRQHandler                          0x080001c3   Thumb Code     0  startup_stm32f401xe.o(.text)
    SPI2_IRQHandler                          0x080001c3   Thumb Code     0  startup_stm32f401xe.o(.text)
    SPI3_IRQHandler                          0x080001c3   Thumb Code     0  startup_stm32f401xe.o(.text)
    SPI4_IRQHandler                          0x080001c3   Thumb Code     0  startup_stm32f401xe.o(.text)
    TAMP_STAMP_IRQHandler                    0x080001c3   Thumb Code     0  startup_stm32f401xe.o(.text)
    TIM1_BRK_TIM9_IRQHandler                 0x080001c3   Thumb Code     0  startup_stm32f401xe.o(.text)
    TIM1_CC_IRQHandler                       0x080001c3   Thumb Code     0  startup_stm32f401xe.o(.text)
    TIM1_TRG_COM_TIM11_IRQHandler            0x080001c3   Thumb Code     0  startup_stm32f401xe.o(.text)
    TIM1_UP_TIM10_IRQHandler                 0x080001c3   Thumb Code     0  startup_stm32f401xe.o(.text)
    TIM2_IRQHandler                          0x080001c3   Thumb Code     0  startup_stm32f401xe.o(.text)
    TIM3_IRQHandler                          0x080001c3   Thumb Code     0  startup_stm32f401xe.o(.text)
    TIM4_IRQHandler                          0x080001c3   Thumb Code     0  startup_stm32f401xe.o(.text)
    TIM5_IRQHandler                          0x080001c3   Thumb Code     0  startup_stm32f401xe.o(.text)
    USART1_IRQHandler                        0x080001c3   Thumb Code     0  startup_stm32f401xe.o(.text)
    USART2_IRQHandler                        0x080001c3   Thumb Code     0  startup_stm32f401xe.o(.text)
    USART6_IRQHandler                        0x080001c3   Thumb Code     0  startup_stm32f401xe.o(.text)
    WWDG_IRQHandler                          0x080001c3   Thumb Code     0  startup_stm32f401xe.o(.text)
    ___aeabi_memcpy$ret                      0x080001cd   Thumb Code    40  memcpy.o(.text)
    ___aeabi_memcpy4$ret                     0x080001cd   Thumb Code     0  memcpy.o(.text)
    ___aeabi_memcpy8$ret                     0x080001cd   Thumb Code     0  memcpy.o(.text)
    memcpy                                   0x080001cd   Thumb Code     0  memcpy.o(.text)
    memset                                   0x080001f5   Thumb Code    18  memset.o(.text)
    __aeabi_uidiv                            0x08000207   Thumb Code     0  uidiv.o(.text)
    __aeabi_uidivmod                         0x08000207   Thumb Code    44  uidiv.o(.text)
    __aeabi_uldivmod                         0x08000233   Thumb Code    98  uldiv.o(.text)
    __I$use$fp                               0x08000295   Thumb Code     0  iusefp.o(.text)
    __aeabi_dadd                             0x08000295   Thumb Code   322  dadd.o(.text)
    __aeabi_dsub                             0x080003d7   Thumb Code     6  dadd.o(.text)
    __aeabi_drsub                            0x080003dd   Thumb Code     6  dadd.o(.text)
    __aeabi_dmul                             0x080003e3   Thumb Code   228  dmul.o(.text)
    __aeabi_ddiv                             0x080004c7   Thumb Code   222  ddiv.o(.text)
    __aeabi_d2ulz                            0x080005a5   Thumb Code    48  dfixul.o(.text)
    __aeabi_cdrcmple                         0x080005d5   Thumb Code    48  cdrcmple.o(.text)
    __scatterload                            0x08000605   Thumb Code    28  init.o(.text)
    __scatterload_rt2                        0x08000605   Thumb Code     0  init.o(.text)
    __aeabi_llsl                             0x08000629   Thumb Code    30  llshl.o(.text)
    _ll_shift_l                              0x08000629   Thumb Code     0  llshl.o(.text)
    __aeabi_llsr                             0x08000647   Thumb Code    32  llushr.o(.text)
    _ll_ushift_r                             0x08000647   Thumb Code     0  llushr.o(.text)
    __aeabi_lasr                             0x08000667   Thumb Code    36  llsshr.o(.text)
    _ll_sshift_r                             0x08000667   Thumb Code     0  llsshr.o(.text)
    _double_round                            0x0800068b   Thumb Code    30  depilogue.o(.text)
    _double_epilogue                         0x080006a9   Thumb Code   156  depilogue.o(.text)
    Add_Sample_Service                       0x08000745   Thumb Code   180  sample_service.o(i.Add_Sample_Service)
    Attribute_Modified_CB                    0x08000899   Thumb Code    50  sample_service.o(i.Attribute_Modified_CB)
    BNRG_SPI_Init                            0x080008d9   Thumb Code    56  stm32_bluenrg_ble.o(i.BNRG_SPI_Init)
    BSP_LED_Off                              0x08000919   Thumb Code    24  stm32f4xx_nucleo.o(i.BSP_LED_Off)
    BSP_LED_On                               0x08000939   Thumb Code    24  stm32f4xx_nucleo.o(i.BSP_LED_On)
    BSP_LED_Toggle                           0x08000959   Thumb Code    22  stm32f4xx_nucleo.o(i.BSP_LED_Toggle)
    BlueNRG_DataPresent                      0x08000979   Thumb Code    20  stm32_bluenrg_ble.o(i.BlueNRG_DataPresent)
    BlueNRG_RST                              0x08000991   Thumb Code    38  stm32_bluenrg_ble.o(i.BlueNRG_RST)
    BlueNRG_SPI_Read_All                     0x080009bd   Thumb Code   154  stm32_bluenrg_ble.o(i.BlueNRG_SPI_Read_All)
    BlueNRG_SPI_Write                        0x08000a65   Thumb Code   176  stm32_bluenrg_ble.o(i.BlueNRG_SPI_Write)
    Clear_SPI_EXTI_Flag                      0x08000b29   Thumb Code     8  stm32_bluenrg_ble.o(i.Clear_SPI_EXTI_Flag)
    Clock_Time                               0x08000b35   Thumb Code     8  clock.o(i.Clock_Time)
    Clock_Wait                               0x08000b3d   Thumb Code    12  clock.o(i.Clock_Wait)
    DebugMon_Handler                         0x08000b49   Thumb Code     2  stm32xx_it.o(i.DebugMon_Handler)
    Disable_SPI_IRQ                          0x08000b4b   Thumb Code    10  stm32_bluenrg_ble.o(i.Disable_SPI_IRQ)
    EXTI0_IRQHandler                         0x08000b55   Thumb Code    10  stm32xx_it.o(i.EXTI0_IRQHandler)
    EXTI15_10_IRQHandler                     0x08000b61   Thumb Code    76  stm32xx_it.o(i.EXTI15_10_IRQHandler)
    Enable_SPI_IRQ                           0x08000bb9   Thumb Code    10  stm32_bluenrg_ble.o(i.Enable_SPI_IRQ)
    Error_Handler                            0x08000bc3   Thumb Code    16  main.o(i.Error_Handler)
    GAP_ConnectionComplete_CB                0x08000bd5   Thumb Code    50  sample_service.o(i.GAP_ConnectionComplete_CB)
    GAP_DisconnectionComplete_CB             0x08000c39   Thumb Code    44  sample_service.o(i.GAP_DisconnectionComplete_CB)
    GATT_Notification_CB                     0x08000c91   Thumb Code    28  sample_service.o(i.GATT_Notification_CB)
    HAL_Delay                                0x08000cb1   Thumb Code    26  stm32f4xx_hal.o(i.HAL_Delay)
    HAL_GPIO_EXTI_Callback                   0x08000ccb   Thumb Code    10  bluenrg_interface.o(i.HAL_GPIO_EXTI_Callback)
    HAL_GPIO_EXTI_IRQHandler                 0x08000cd5   Thumb Code    24  stm32f4xx_hal_gpio.o(i.HAL_GPIO_EXTI_IRQHandler)
    HAL_GPIO_Init                            0x08000cf1   Thumb Code   436  stm32f4xx_hal_gpio.o(i.HAL_GPIO_Init)
    HAL_GPIO_ReadPin                         0x08000ec5   Thumb Code    16  stm32f4xx_hal_gpio.o(i.HAL_GPIO_ReadPin)
    HAL_GPIO_TogglePin                       0x08000ed5   Thumb Code     8  stm32f4xx_hal_gpio.o(i.HAL_GPIO_TogglePin)
    HAL_GPIO_WritePin                        0x08000edd   Thumb Code    12  stm32f4xx_hal_gpio.o(i.HAL_GPIO_WritePin)
    HAL_GetTick                              0x08000ee9   Thumb Code     6  stm32f4xx_hal.o(i.HAL_GetTick)
    HAL_IncTick                              0x08000ef5   Thumb Code    12  stm32f4xx_hal.o(i.HAL_IncTick)
    HAL_Init                                 0x08000f05   Thumb Code    54  stm32f4xx_hal.o(i.HAL_Init)
    HAL_InitTick                             0x08000f41   Thumb Code    36  stm32f4xx_hal.o(i.HAL_InitTick)
    HAL_MspInit                              0x08000f69   Thumb Code     2  stm32f4xx_hal.o(i.HAL_MspInit)
    HAL_NVIC_DisableIRQ                      0x08000f6d   Thumb Code    22  stm32f4xx_hal_cortex.o(i.HAL_NVIC_DisableIRQ)
    HAL_NVIC_EnableIRQ                       0x08000f89   Thumb Code    26  stm32f4xx_hal_cortex.o(i.HAL_NVIC_EnableIRQ)
    HAL_NVIC_SetPriority                     0x08000fa3   Thumb Code   124  stm32f4xx_hal_cortex.o(i.HAL_NVIC_SetPriority)
    HAL_NVIC_SetPriorityGrouping             0x08001021   Thumb Code    32  stm32f4xx_hal_cortex.o(i.HAL_NVIC_SetPriorityGrouping)
    HAL_RCC_ClockConfig                      0x08001049   Thumb Code   446  stm32f4xx_hal_rcc.o(i.HAL_RCC_ClockConfig)
    HAL_RCC_GetHCLKFreq                      0x08001219   Thumb Code     6  stm32f4xx_hal_rcc.o(i.HAL_RCC_GetHCLKFreq)
    HAL_RCC_GetPCLK1Freq                     0x08001225   Thumb Code    36  stm32f4xx_hal_rcc.o(i.HAL_RCC_GetPCLK1Freq)
    HAL_RCC_GetPCLK2Freq                     0x08001251   Thumb Code    36  stm32f4xx_hal_rcc.o(i.HAL_RCC_GetPCLK2Freq)
    HAL_RCC_GetSysClockFreq                  0x0800127d   Thumb Code   168  stm32f4xx_hal_rcc.o(i.HAL_RCC_GetSysClockFreq)
    HAL_RCC_OscConfig                        0x08001331   Thumb Code   906  stm32f4xx_hal_rcc.o(i.HAL_RCC_OscConfig)
    HAL_SPI_Init                             0x080016cd   Thumb Code   160  stm32f4xx_hal_spi.o(i.HAL_SPI_Init)
    HAL_SPI_MspInit                          0x0800176d   Thumb Code   438  stm32_bluenrg_ble.o(i.HAL_SPI_MspInit)
    HAL_SPI_TransmitReceive                  0x08001939   Thumb Code   716  stm32f4xx_hal_spi.o(i.HAL_SPI_TransmitReceive)
    HAL_SYSTICK_Config                       0x08001c05   Thumb Code    52  stm32f4xx_hal_cortex.o(i.HAL_SYSTICK_Config)
    HAL_UART_Init                            0x08001c39   Thumb Code   114  stm32f4xx_hal_uart.o(i.HAL_UART_Init)
    HAL_UART_MspInit                         0x08001cad   Thumb Code   152  main.o(i.HAL_UART_MspInit)
    HAL_UART_Transmit                        0x08001d4d   Thumb Code   214  stm32f4xx_hal_uart.o(i.HAL_UART_Transmit)
    HCI_Event_CB                             0x08001e25   Thumb Code   292  sample_service.o(i.HCI_Event_CB)
    HCI_Init                                 0x08001fc5   Thumb Code    48  hci.o(i.HCI_Init)
    HCI_Isr                                  0x08002001   Thumb Code   118  hci.o(i.HCI_Isr)
    HCI_Process                              0x08002089   Thumb Code   116  hci.o(i.HCI_Process)
    HCI_Queue_Empty                          0x0800210d   Thumb Code    10  hci.o(i.HCI_Queue_Empty)
    HCI_verify                               0x0800211d   Thumb Code    36  hci.o(i.HCI_verify)
    Hal_Write_Serial                         0x08002141   Thumb Code    70  stm32_bluenrg_ble.o(i.Hal_Write_Serial)
    HardFault_Handler                        0x08002191   Thumb Code     4  stm32xx_it.o(i.HardFault_Handler)
    Make_Connection                          0x08002195   Thumb Code   168  sample_service.o(i.Make_Connection)
    My_Button_Init                           0x080022b9   Thumb Code    76  gpio.o(i.My_Button_Init)
    My_Buttons_Init                          0x08002309   Thumb Code    60  gpio.o(i.My_Buttons_Init)
    My_Led_Init                              0x0800234d   Thumb Code    44  gpio.o(i.My_Led_Init)
    My_Led_Off                               0x08002379   Thumb Code    18  gpio.o(i.My_Led_Off)
    My_Led_Toggle                            0x0800238b   Thumb Code    16  gpio.o(i.My_Led_Toggle)
    My_Leds_Init                             0x0800239d   Thumb Code    68  gpio.o(i.My_Leds_Init)
    NMI_Handler                              0x080023e9   Thumb Code     2  stm32xx_it.o(i.NMI_Handler)
    Osal_MemCpy                              0x08002425   Thumb Code    20  osal.o(i.Osal_MemCpy)
    Osal_MemSet                              0x08002439   Thumb Code    20  osal.o(i.Osal_MemSet)
    PRINT_MESG_UART                          0x0800244d   Thumb Code    56  uart_support.o(i.PRINT_MESG_UART)
    PendSV_Handler                           0x08002489   Thumb Code     2  stm32xx_it.o(i.PendSV_Handler)
    SVC_Handler                              0x0800255d   Thumb Code     2  stm32xx_it.o(i.SVC_Handler)
    SysTick_Handler                          0x08002561   Thumb Code    18  stm32xx_it.o(i.SysTick_Handler)
    SystemClock_Config                       0x08002579   Thumb Code    66  cube_hal_f4.o(i.SystemClock_Config)
    SystemInit                               0x080025bd   Thumb Code    82  system_stm32f4xx.o(i.SystemInit)
    Timer_Expired                            0x08002621   Thumb Code    28  gp_timer.o(i.Timer_Expired)
    Timer_Set                                0x0800263d   Thumb Code    16  gp_timer.o(i.Timer_Set)
    User_Process                             0x08002a21   Thumb Code    94  main.o(i.User_Process)
    __0vsnprintf                             0x08002a99   Thumb Code    32  printfa.o(i.__0vsnprintf)
    __1vsnprintf                             0x08002a99   Thumb Code     0  printfa.o(i.__0vsnprintf)
    __2vsnprintf                             0x08002a99   Thumb Code     0  printfa.o(i.__0vsnprintf)
    __c89vsnprintf                           0x08002a99   Thumb Code     0  printfa.o(i.__0vsnprintf)
    vsnprintf                                0x08002a99   Thumb Code     0  printfa.o(i.__0vsnprintf)
    __scatterload_copy                       0x08002ac3   Thumb Code    14  handlers.o(i.__scatterload_copy)
    __scatterload_null                       0x08002ad1   Thumb Code     2  handlers.o(i.__scatterload_null)
    __scatterload_zeroinit                   0x08002ad3   Thumb Code    14  handlers.o(i.__scatterload_zeroinit)
    aci_gap_create_connection                0x08003391   Thumb Code   148  bluenrg_gap_aci.o(i.aci_gap_create_connection)
    aci_gap_init_IDB05A1                     0x08003425   Thumb Code   136  bluenrg_gap_aci.o(i.aci_gap_init_IDB05A1)
    aci_gap_set_auth_requirement             0x080034ad   Thumb Code   136  bluenrg_gap_aci.o(i.aci_gap_set_auth_requirement)
    aci_gap_set_discoverable                 0x08003535   Thumb Code   268  bluenrg_gap_aci.o(i.aci_gap_set_discoverable)
    aci_gatt_add_char                        0x08003641   Thumb Code   224  bluenrg_gatt_aci.o(i.aci_gatt_add_char)
    aci_gatt_add_serv                        0x08003721   Thumb Code   160  bluenrg_gatt_aci.o(i.aci_gatt_add_serv)
    aci_gatt_disc_charac_by_uuid             0x080037c1   Thumb Code   168  bluenrg_gatt_aci.o(i.aci_gatt_disc_charac_by_uuid)
    aci_gatt_init                            0x08003869   Thumb Code    60  bluenrg_gatt_aci.o(i.aci_gatt_init)
    aci_gatt_update_char_value               0x080038a5   Thumb Code   170  bluenrg_gatt_aci.o(i.aci_gatt_update_char_value)
    aci_gatt_write_charac_descriptor         0x0800394f   Thumb Code   154  bluenrg_gatt_aci.o(i.aci_gatt_write_charac_descriptor)
    aci_gatt_write_without_response          0x080039e9   Thumb Code   108  bluenrg_gatt_aci.o(i.aci_gatt_write_without_response)
    aci_hal_set_tx_power_level               0x08003a55   Thumb Code    88  bluenrg_hal_aci.o(i.aci_hal_set_tx_power_level)
    aci_hal_write_config_data                0x08003aad   Thumb Code   124  bluenrg_hal_aci.o(i.aci_hal_write_config_data)
    enableNotification                       0x08003b29   Thumb Code    70  sample_service.o(i.enableNotification)
    getBlueNRGVersion                        0x08003b85   Thumb Code    86  bluenrg_utils_small.o(i.getBlueNRGVersion)
    hci_le_read_local_version                0x08003bdb   Thumb Code   132  hci.o(i.hci_le_read_local_version)
    hci_le_set_scan_resp_data                0x08003c5f   Thumb Code   106  hci.o(i.hci_le_set_scan_resp_data)
    hci_send_cmd                             0x08003cc9   Thumb Code    60  hci.o(i.hci_send_cmd)
    hci_send_req                             0x08003d05   Thumb Code   428  hci.o(i.hci_send_req)
    hci_write                                0x08003ebd   Thumb Code    28  hci.o(i.hci_write)
    list_init_head                           0x08003ed9   Thumb Code     6  ble_list.o(i.list_init_head)
    list_insert_head                         0x08003edf   Thumb Code    34  ble_list.o(i.list_insert_head)
    list_insert_tail                         0x08003f01   Thumb Code    34  ble_list.o(i.list_insert_tail)
    list_is_empty                            0x08003f23   Thumb Code    34  ble_list.o(i.list_is_empty)
    list_remove_head                         0x08003f45   Thumb Code    42  ble_list.o(i.list_remove_head)
    list_remove_node                         0x08003f6f   Thumb Code    32  ble_list.o(i.list_remove_node)
    main                                     0x08003f91   Thumb Code   344  main.o(i.main)
    receiveData                              0x0800421d   Thumb Code    54  sample_service.o(i.receiveData)
    sendData                                 0x0800425d   Thumb Code    56  sample_service.o(i.sendData)
    set_irq_as_input                         0x080042a9   Thumb Code    48  stm32_bluenrg_ble.o(i.set_irq_as_input)
    set_irq_as_output                        0x080042e1   Thumb Code    40  stm32_bluenrg_ble.o(i.set_irq_as_output)
    startReadRXCharHandle                    0x0800430d   Thumb Code    60  sample_service.o(i.startReadRXCharHandle)
    startReadTXCharHandle                    0x08004381   Thumb Code    60  sample_service.o(i.startReadTXCharHandle)
    vcom_init                                0x08004411   Thumb Code    42  main.o(i.vcom_init)
    CLOCK_SECOND                             0x08004444   Data           4  clock.o(.constdata)
    GPIO_PIN                                 0x08004448   Data           2  stm32f4xx_nucleo.o(.constdata)
    BUTTON_PIN                               0x0800444a   Data           2  stm32f4xx_nucleo.o(.constdata)
    BUTTON_IRQn                              0x0800444c   Data           1  stm32f4xx_nucleo.o(.constdata)
    APBAHBPrescTable                         0x0800444d   Data          16  stm32f4xx_hal_rcc.o(.constdata)
    Region$$Table$$Base                      0x08004460   Number         0  anon$$obj.o(Region$$Table)
    Region$$Table$$Limit                     0x08004480   Number         0  anon$$obj.o(Region$$Table)
    bnrg_expansion_board                     0x20000000   Data           1  main.o(.data)
    BLE_Role                                 0x20000001   Data           1  main.o(.data)
    connected                                0x20000004   Data           4  sample_service.o(.data)
    set_connectable                          0x20000008   Data           1  sample_service.o(.data)
    connection_handle                        0x2000000a   Data           2  sample_service.o(.data)
    notification_enabled                     0x2000000c   Data           1  sample_service.o(.data)
    start_read_tx_char_handle                0x2000000d   Data           1  sample_service.o(.data)
    start_read_rx_char_handle                0x2000000e   Data           1  sample_service.o(.data)
    end_read_tx_char_handle                  0x2000000f   Data           1  sample_service.o(.data)
    end_read_rx_char_handle                  0x20000010   Data           1  sample_service.o(.data)
    tx_handle                                0x20000012   Data           2  sample_service.o(.data)
    rx_handle                                0x20000014   Data           2  sample_service.o(.data)
    sampleServHandle                         0x20000016   Data           2  sample_service.o(.data)
    TXCharHandle                             0x20000018   Data           2  sample_service.o(.data)
    RXCharHandle                             0x2000001a   Data           2  sample_service.o(.data)
    ms_counter                               0x2000001c   Data           4  stm32xx_it.o(.data)
    button_event                             0x20000020   Data           1  stm32xx_it.o(.data)
    GPIO_PORT                                0x20000024   Data           4  stm32f4xx_nucleo.o(.data)
    BUTTON_PORT                              0x20000028   Data           4  stm32f4xx_nucleo.o(.data)
    SpixTimeout                              0x2000002c   Data           4  stm32f4xx_nucleo.o(.data)
    SystemCoreClock                          0x20000030   Data           4  system_stm32f4xx.o(.data)
    uwTick                                   0x20000034   Data           4  stm32f4xx_hal.o(.data)
    hciReadPktPool                           0x20000038   Data           8  hci.o(.data)
    hciReadPktRxQueue                        0x20000040   Data           8  hci.o(.data)
    UartHandle                               0x2000004c   Data          64  main.o(.bss)
    SpiHandle                                0x2000008c   Data          88  stm32_bluenrg_ble.o(.bss)
    __initial_sp                             0x200007a0   Data           0  startup_stm32f401xe.o(STACK)



==============================================================================

Memory Map of the image

  Image Entry point : 0x08000195

  Load Region LR_IROM1 (Base: 0x08000000, Size: 0x000044cc, Max: 0x00060000, ABSOLUTE)

    Execution Region ER_IROM1 (Base: 0x08000000, Size: 0x00004480, Max: 0x00060000, ABSOLUTE)

    Base Addr    Size         Type   Attr      Idx    E Section Name        Object

    0x08000000   0x00000194   Data   RO            3    RESET               startup_stm32f401xe.o
    0x08000194   0x00000000   Code   RO         4036  * .ARM.Collect$$$$00000000  mc_w.l(entry.o)
    0x08000194   0x00000004   Code   RO         4075    .ARM.Collect$$$$00000001  mc_w.l(entry2.o)
    0x08000198   0x00000004   Code   RO         4078    .ARM.Collect$$$$00000004  mc_w.l(entry5.o)
    0x0800019c   0x00000000   Code   RO         4080    .ARM.Collect$$$$00000008  mc_w.l(entry7b.o)
    0x0800019c   0x00000000   Code   RO         4082    .ARM.Collect$$$$0000000A  mc_w.l(entry8b.o)
    0x0800019c   0x00000008   Code   RO         4083    .ARM.Collect$$$$0000000B  mc_w.l(entry9a.o)
    0x080001a4   0x00000000   Code   RO         4085    .ARM.Collect$$$$0000000D  mc_w.l(entry10a.o)
    0x080001a4   0x00000000   Code   RO         4087    .ARM.Collect$$$$0000000F  mc_w.l(entry11a.o)
    0x080001a4   0x00000004   Code   RO         4076    .ARM.Collect$$$$00002712  mc_w.l(entry2.o)
    0x080001a8   0x00000024   Code   RO            4    .text               startup_stm32f401xe.o
    0x080001cc   0x00000028   Code   RO         4039    .text               mc_w.l(memcpy.o)
    0x080001f4   0x00000012   Code   RO         4041    .text               mc_w.l(memset.o)
    0x08000206   0x0000002c   Code   RO         4092    .text               mc_w.l(uidiv.o)
    0x08000232   0x00000062   Code   RO         4094    .text               mc_w.l(uldiv.o)
    0x08000294   0x00000000   Code   RO         4096    .text               mc_w.l(iusefp.o)
    0x08000294   0x0000014e   Code   RO         4097    .text               mf_w.l(dadd.o)
    0x080003e2   0x000000e4   Code   RO         4099    .text               mf_w.l(dmul.o)
    0x080004c6   0x000000de   Code   RO         4101    .text               mf_w.l(ddiv.o)
    0x080005a4   0x00000030   Code   RO         4103    .text               mf_w.l(dfixul.o)
    0x080005d4   0x00000030   Code   RO         4105    .text               mf_w.l(cdrcmple.o)
    0x08000604   0x00000024   Code   RO         4107    .text               mc_w.l(init.o)
    0x08000628   0x0000001e   Code   RO         4110    .text               mc_w.l(llshl.o)
    0x08000646   0x00000020   Code   RO         4112    .text               mc_w.l(llushr.o)
    0x08000666   0x00000024   Code   RO         4114    .text               mc_w.l(llsshr.o)
    0x0800068a   0x000000ba   Code   RO         4117    .text               mf_w.l(depilogue.o)
    0x08000744   0x00000154   Code   RO          363    i.Add_Sample_Service  sample_service.o
    0x08000898   0x00000040   Code   RO          364    i.Attribute_Modified_CB  sample_service.o
    0x080008d8   0x00000040   Code   RO          880    i.BNRG_SPI_Init     stm32_bluenrg_ble.o
    0x08000918   0x00000020   Code   RO          692    i.BSP_LED_Off       stm32f4xx_nucleo.o
    0x08000938   0x00000020   Code   RO          693    i.BSP_LED_On        stm32f4xx_nucleo.o
    0x08000958   0x00000020   Code   RO          694    i.BSP_LED_Toggle    stm32f4xx_nucleo.o
    0x08000978   0x00000018   Code   RO          881    i.BlueNRG_DataPresent  stm32_bluenrg_ble.o
    0x08000990   0x0000002c   Code   RO          883    i.BlueNRG_RST       stm32_bluenrg_ble.o
    0x080009bc   0x000000a8   Code   RO          884    i.BlueNRG_SPI_Read_All  stm32_bluenrg_ble.o
    0x08000a64   0x000000c4   Code   RO          885    i.BlueNRG_SPI_Write  stm32_bluenrg_ble.o
    0x08000b28   0x0000000c   Code   RO          886    i.Clear_SPI_EXTI_Flag  stm32_bluenrg_ble.o
    0x08000b34   0x00000008   Code   RO          173    i.Clock_Time        clock.o
    0x08000b3c   0x0000000c   Code   RO          174    i.Clock_Wait        clock.o
    0x08000b48   0x00000002   Code   RO          471    i.DebugMon_Handler  stm32xx_it.o
    0x08000b4a   0x0000000a   Code   RO          888    i.Disable_SPI_IRQ   stm32_bluenrg_ble.o
    0x08000b54   0x0000000a   Code   RO          472    i.EXTI0_IRQHandler  stm32xx_it.o
    0x08000b5e   0x00000002   PAD
    0x08000b60   0x00000058   Code   RO          473    i.EXTI15_10_IRQHandler  stm32xx_it.o
    0x08000bb8   0x0000000a   Code   RO          889    i.Enable_SPI_IRQ    stm32_bluenrg_ble.o
    0x08000bc2   0x00000010   Code   RO          249    i.Error_Handler     main.o
    0x08000bd2   0x00000002   PAD
    0x08000bd4   0x00000064   Code   RO          365    i.GAP_ConnectionComplete_CB  sample_service.o
    0x08000c38   0x00000058   Code   RO          366    i.GAP_DisconnectionComplete_CB  sample_service.o
    0x08000c90   0x00000020   Code   RO          367    i.GATT_Notification_CB  sample_service.o
    0x08000cb0   0x0000001a   Code   RO         1049    i.HAL_Delay         stm32f4xx_hal.o
    0x08000cca   0x0000000a   Code   RO           13    i.HAL_GPIO_EXTI_Callback  bluenrg_interface.o
    0x08000cd4   0x0000001c   Code   RO         1985    i.HAL_GPIO_EXTI_IRQHandler  stm32f4xx_hal_gpio.o
    0x08000cf0   0x000001d4   Code   RO         1986    i.HAL_GPIO_Init     stm32f4xx_hal_gpio.o
    0x08000ec4   0x00000010   Code   RO         1988    i.HAL_GPIO_ReadPin  stm32f4xx_hal_gpio.o
    0x08000ed4   0x00000008   Code   RO         1989    i.HAL_GPIO_TogglePin  stm32f4xx_hal_gpio.o
    0x08000edc   0x0000000c   Code   RO         1990    i.HAL_GPIO_WritePin  stm32f4xx_hal_gpio.o
    0x08000ee8   0x0000000c   Code   RO         1055    i.HAL_GetTick       stm32f4xx_hal.o
    0x08000ef4   0x00000010   Code   RO         1056    i.HAL_IncTick       stm32f4xx_hal.o
    0x08000f04   0x0000003c   Code   RO         1057    i.HAL_Init          stm32f4xx_hal.o
    0x08000f40   0x00000028   Code   RO         1058    i.HAL_InitTick      stm32f4xx_hal.o
    0x08000f68   0x00000002   Code   RO         1060    i.HAL_MspInit       stm32f4xx_hal.o
    0x08000f6a   0x00000002   PAD
    0x08000f6c   0x0000001c   Code   RO         1478    i.HAL_NVIC_DisableIRQ  stm32f4xx_hal_cortex.o
    0x08000f88   0x0000001a   Code   RO         1479    i.HAL_NVIC_EnableIRQ  stm32f4xx_hal_cortex.o
    0x08000fa2   0x0000007c   Code   RO         1485    i.HAL_NVIC_SetPriority  stm32f4xx_hal_cortex.o
    0x0800101e   0x00000002   PAD
    0x08001020   0x00000028   Code   RO         1486    i.HAL_NVIC_SetPriorityGrouping  stm32f4xx_hal_cortex.o
    0x08001048   0x000001d0   Code   RO         2260    i.HAL_RCC_ClockConfig  stm32f4xx_hal_rcc.o
    0x08001218   0x0000000c   Code   RO         2265    i.HAL_RCC_GetHCLKFreq  stm32f4xx_hal_rcc.o
    0x08001224   0x0000002c   Code   RO         2267    i.HAL_RCC_GetPCLK1Freq  stm32f4xx_hal_rcc.o
    0x08001250   0x0000002c   Code   RO         2268    i.HAL_RCC_GetPCLK2Freq  stm32f4xx_hal_rcc.o
    0x0800127c   0x000000b4   Code   RO         2269    i.HAL_RCC_GetSysClockFreq  stm32f4xx_hal_rcc.o
    0x08001330   0x0000039c   Code   RO         2272    i.HAL_RCC_OscConfig  stm32f4xx_hal_rcc.o
    0x080016cc   0x000000a0   Code   RO         2414    i.HAL_SPI_Init      stm32f4xx_hal_spi.o
    0x0800176c   0x000001cc   Code   RO          890    i.HAL_SPI_MspInit   stm32_bluenrg_ble.o
    0x08001938   0x000002cc   Code   RO         2423    i.HAL_SPI_TransmitReceive  stm32f4xx_hal_spi.o
    0x08001c04   0x00000034   Code   RO         1490    i.HAL_SYSTICK_Config  stm32f4xx_hal_cortex.o
    0x08001c38   0x00000072   Code   RO         2715    i.HAL_UART_Init     stm32f4xx_hal_uart.o
    0x08001caa   0x00000002   PAD
    0x08001cac   0x000000a0   Code   RO          250    i.HAL_UART_MspInit  main.o
    0x08001d4c   0x000000d6   Code   RO         2723    i.HAL_UART_Transmit  stm32f4xx_hal_uart.o
    0x08001e22   0x00000002   PAD
    0x08001e24   0x000001a0   Code   RO          368    i.HCI_Event_CB      sample_service.o
    0x08001fc4   0x0000003c   Code   RO         2960    i.HCI_Init          hci.o
    0x08002000   0x00000088   Code   RO         2961    i.HCI_Isr           hci.o
    0x08002088   0x00000084   Code   RO         2962    i.HCI_Process       hci.o
    0x0800210c   0x00000010   Code   RO         2963    i.HCI_Queue_Empty   hci.o
    0x0800211c   0x00000024   Code   RO         2964    i.HCI_verify        hci.o
    0x08002140   0x00000050   Code   RO          891    i.Hal_Write_Serial  stm32_bluenrg_ble.o
    0x08002190   0x00000004   Code   RO          474    i.HardFault_Handler  stm32xx_it.o
    0x08002194   0x00000124   Code   RO          369    i.Make_Connection   sample_service.o
    0x080022b8   0x00000050   Code   RO          613    i.My_Button_Init    gpio.o
    0x08002308   0x00000044   Code   RO          614    i.My_Buttons_Init   gpio.o
    0x0800234c   0x0000002c   Code   RO          615    i.My_Led_Init       gpio.o
    0x08002378   0x00000012   Code   RO          616    i.My_Led_Off        gpio.o
    0x0800238a   0x00000010   Code   RO          618    i.My_Led_Toggle     gpio.o
    0x0800239a   0x00000002   PAD
    0x0800239c   0x0000004c   Code   RO          619    i.My_Leds_Init      gpio.o
    0x080023e8   0x00000002   Code   RO          475    i.NMI_Handler       stm32xx_it.o
    0x080023ea   0x00000002   PAD
    0x080023ec   0x00000010   Code   RO         1492    i.NVIC_GetPriorityGrouping  stm32f4xx_hal_cortex.o
    0x080023fc   0x00000028   Code   RO         1493    i.NVIC_SetPriority  stm32f4xx_hal_cortex.o
    0x08002424   0x00000014   Code   RO         4018    i.Osal_MemCpy       osal.o
    0x08002438   0x00000014   Code   RO         4019    i.Osal_MemSet       osal.o
    0x0800244c   0x0000003c   Code   RO          549    i.PRINT_MESG_UART   uart_support.o
    0x08002488   0x00000002   Code   RO          476    i.PendSV_Handler    stm32xx_it.o
    0x0800248a   0x00000028   Code   RO         2438    i.SPI_CheckFlag_BSY  stm32f4xx_hal_spi.o
    0x080024b2   0x000000aa   Code   RO         2456    i.SPI_WaitFlagStateUntilTimeout  stm32f4xx_hal_spi.o
    0x0800255c   0x00000002   Code   RO          477    i.SVC_Handler       stm32xx_it.o
    0x0800255e   0x00000002   PAD
    0x08002560   0x00000018   Code   RO          478    i.SysTick_Handler   stm32xx_it.o
    0x08002578   0x00000042   Code   RO          221    i.SystemClock_Config  cube_hal_f4.o
    0x080025ba   0x00000002   PAD
    0x080025bc   0x00000064   Code   RO         1002    i.SystemInit        system_stm32f4xx.o
    0x08002620   0x0000001c   Code   RO         3875    i.Timer_Expired     gp_timer.o
    0x0800263c   0x00000010   Code   RO         3879    i.Timer_Set         gp_timer.o
    0x0800264c   0x00000368   Code   RO         2738    i.UART_SetConfig    stm32f4xx_hal_uart.o
    0x080029b4   0x0000006c   Code   RO         2740    i.UART_WaitOnFlagUntilTimeout  stm32f4xx_hal_uart.o
    0x08002a20   0x00000078   Code   RO          251    i.User_Process      main.o
    0x08002a98   0x00000024   Code   RO         4053    i.__0vsnprintf      mc_w.l(printfa.o)
    0x08002abc   0x00000006   Code   RO         3914    i.__get_PRIMASK     ble_list.o
    0x08002ac2   0x0000000e   Code   RO         4121    i.__scatterload_copy  mc_w.l(handlers.o)
    0x08002ad0   0x00000002   Code   RO         4122    i.__scatterload_null  mc_w.l(handlers.o)
    0x08002ad2   0x0000000e   Code   RO         4123    i.__scatterload_zeroinit  mc_w.l(handlers.o)
    0x08002ae0   0x00000006   Code   RO         3915    i.__set_PRIMASK     ble_list.o
    0x08002ae6   0x00000002   PAD
    0x08002ae8   0x00000164   Code   RO         4055    i._fp_digits        mc_w.l(printfa.o)
    0x08002c4c   0x000006dc   Code   RO         4056    i._printf_core      mc_w.l(printfa.o)
    0x08003328   0x00000024   Code   RO         4057    i._printf_post_padding  mc_w.l(printfa.o)
    0x0800334c   0x0000002e   Code   RO         4058    i._printf_pre_padding  mc_w.l(printfa.o)
    0x0800337a   0x00000016   Code   RO         4059    i._snputc           mc_w.l(printfa.o)
    0x08003390   0x00000094   Code   RO         3255    i.aci_gap_create_connection  bluenrg_gap_aci.o
    0x08003424   0x00000088   Code   RO         3259    i.aci_gap_init_IDB05A1  bluenrg_gap_aci.o
    0x080034ac   0x00000088   Code   RO         3265    i.aci_gap_set_auth_requirement  bluenrg_gap_aci.o
    0x08003534   0x0000010c   Code   RO         3270    i.aci_gap_set_discoverable  bluenrg_gap_aci.o
    0x08003640   0x000000e0   Code   RO         3508    i.aci_gatt_add_char  bluenrg_gatt_aci.o
    0x08003720   0x000000a0   Code   RO         3510    i.aci_gatt_add_serv  bluenrg_gatt_aci.o
    0x080037c0   0x000000a8   Code   RO         3519    i.aci_gatt_disc_charac_by_uuid  bluenrg_gatt_aci.o
    0x08003868   0x0000003c   Code   RO         3524    i.aci_gatt_init     bluenrg_gatt_aci.o
    0x080038a4   0x000000aa   Code   RO         3537    i.aci_gatt_update_char_value  bluenrg_gatt_aci.o
    0x0800394e   0x0000009a   Code   RO         3538    i.aci_gatt_write_charac_descriptor  bluenrg_gatt_aci.o
    0x080039e8   0x0000006c   Code   RO         3544    i.aci_gatt_write_without_response  bluenrg_gatt_aci.o
    0x08003a54   0x00000058   Code   RO         3767    i.aci_hal_set_tx_power_level  bluenrg_hal_aci.o
    0x08003aac   0x0000007c   Code   RO         3770    i.aci_hal_write_config_data  bluenrg_hal_aci.o
    0x08003b28   0x0000005c   Code   RO          370    i.enableNotification  sample_service.o
    0x08003b84   0x00000056   Code   RO         3829    i.getBlueNRGVersion  bluenrg_utils_small.o
    0x08003bda   0x00000084   Code   RO         2977    i.hci_le_read_local_version  hci.o
    0x08003c5e   0x0000006a   Code   RO         2988    i.hci_le_set_scan_resp_data  hci.o
    0x08003cc8   0x0000003c   Code   RO         2995    i.hci_send_cmd      hci.o
    0x08003d04   0x000001b8   Code   RO         2996    i.hci_send_req      hci.o
    0x08003ebc   0x0000001c   Code   RO         2998    i.hci_write         hci.o
    0x08003ed8   0x00000006   Code   RO         3919    i.list_init_head    ble_list.o
    0x08003ede   0x00000022   Code   RO         3920    i.list_insert_head  ble_list.o
    0x08003f00   0x00000022   Code   RO         3923    i.list_insert_tail  ble_list.o
    0x08003f22   0x00000022   Code   RO         3924    i.list_is_empty     ble_list.o
    0x08003f44   0x0000002a   Code   RO         3925    i.list_remove_head  ble_list.o
    0x08003f6e   0x00000020   Code   RO         3926    i.list_remove_node  ble_list.o
    0x08003f8e   0x00000002   PAD
    0x08003f90   0x00000268   Code   RO          252    i.main              main.o
    0x080041f8   0x00000024   Code   RO         2999    i.move_list         hci.o
    0x0800421c   0x00000040   Code   RO          371    i.receiveData       sample_service.o
    0x0800425c   0x0000004c   Code   RO          372    i.sendData          sample_service.o
    0x080042a8   0x00000038   Code   RO          893    i.set_irq_as_input  stm32_bluenrg_ble.o
    0x080042e0   0x0000002c   Code   RO          894    i.set_irq_as_output  stm32_bluenrg_ble.o
    0x0800430c   0x00000074   Code   RO          373    i.startReadRXCharHandle  sample_service.o
    0x08004380   0x00000074   Code   RO          374    i.startReadTXCharHandle  sample_service.o
    0x080043f4   0x0000001c   Code   RO          895    i.us150Delay        stm32_bluenrg_ble.o
    0x08004410   0x00000034   Code   RO          253    i.vcom_init         main.o
    0x08004444   0x00000004   Data   RO          175    .constdata          clock.o
    0x08004448   0x00000005   Data   RO          713    .constdata          stm32f4xx_nucleo.o
    0x0800444d   0x00000010   Data   RO         2273    .constdata          stm32f4xx_hal_rcc.o
    0x0800445d   0x00000003   PAD
    0x08004460   0x00000020   Data   RO         4119    Region$$Table       anon$$obj.o


    Execution Region RW_IRAM1 (Base: 0x20000000, Size: 0x000007a0, Max: 0x00018000, ABSOLUTE)

    Base Addr    Size         Type   Attr      Idx    E Section Name        Object

    0x20000000   0x00000002   Data   RW          255    .data               main.o
    0x20000002   0x00000002   PAD
    0x20000004   0x00000018   Data   RW          375    .data               sample_service.o
    0x2000001c   0x00000005   Data   RW          479    .data               stm32xx_it.o
    0x20000021   0x00000003   PAD
    0x20000024   0x0000000c   Data   RW          714    .data               stm32f4xx_nucleo.o
    0x20000030   0x00000004   Data   RW         1004    .data               system_stm32f4xx.o
    0x20000034   0x00000004   Data   RW         1063    .data               stm32f4xx_hal.o
    0x20000038   0x00000013   Data   RW         3001    .data               hci.o
    0x2000004b   0x00000001   PAD
    0x2000004c   0x00000040   Zero   RW          254    .bss                main.o
    0x2000008c   0x00000058   Zero   RW          896    .bss                stm32_bluenrg_ble.o
    0x200000e4   0x000002bc   Zero   RW         3000    .bss                hci.o
    0x200003a0   0x00000400   Zero   RW            1    STACK               startup_stm32f401xe.o


==============================================================================

Image component sizes


      Code (inc. data)   RO Data    RW Data    ZI Data      Debug   Object Name

       194          0          0          0          0      11129   ble_list.o
       688          0          0          0          0       6609   bluenrg_gap_aci.o
      1044          0          0          0          0       9413   bluenrg_gatt_aci.o
       212          0          0          0          0       3093   bluenrg_hal_aci.o
        10          0          0          0          0     215225   bluenrg_interface.o
        86          0          0          0          0       1988   bluenrg_utils_small.o
        20          0          4          0          0       3145   clock.o
        66          0          0          0          0        705   cube_hal_f4.o
        44          0          0          0          0       2256   gp_timer.o
       302         20          0          0          0       4565   gpio.o
      1182         64          0         19        700      36555   hci.o
       964        316          0          2         64      41900   main.o
        40          0          0          0          0       1700   osal.o
      1796        684          0         24          0      11620   sample_service.o
        36          8        404          0       1024        912   startup_stm32f401xe.o
      1196        100          0          0         88      11745   stm32_bluenrg_ble.o
       156         20          0          4          0       5661   stm32f4xx_hal.o
       326         28          0          0          0      32517   stm32f4xx_hal_cortex.o
       532         36          0          0          0       5067   stm32f4xx_hal_gpio.o
      1668         70         16          0          0       6647   stm32f4xx_hal_rcc.o
      1086          0          0          0          0       5141   stm32f4xx_hal_spi.o
      1308          8          0          0          0       4384   stm32f4xx_hal_uart.o
        96         26          5         12          0       3776   stm32f4xx_nucleo.o
       134         18          0          5          0       5378   stm32xx_it.o
       100         18          0          4          0       1473   system_stm32f4xx.o
        60          4          0          0          0       1410   uart_support.o

    ----------------------------------------------------------------------
     13370       1420        464         76       1876     434014   Object Totals
         0          0         32          0          0          0   (incl. Generated)
        24          0          3          6          0          0   (incl. Padding)

    ----------------------------------------------------------------------

      Code (inc. data)   RO Data    RW Data    ZI Data      Debug   Library Member Name

         0          0          0          0          0          0   entry.o
         0          0          0          0          0          0   entry10a.o
         0          0          0          0          0          0   entry11a.o
         8          4          0          0          0          0   entry2.o
         4          0          0          0          0          0   entry5.o
         0          0          0          0          0          0   entry7b.o
         0          0          0          0          0          0   entry8b.o
         8          4          0          0          0          0   entry9a.o
        30          0          0          0          0          0   handlers.o
        36          8          0          0          0         68   init.o
         0          0          0          0          0          0   iusefp.o
        30          0          0          0          0         68   llshl.o
        36          0          0          0          0         68   llsshr.o
        32          0          0          0          0         68   llushr.o
        40          0          0          0          0         76   memcpy.o
        18          0          0          0          0         76   memset.o
      2252         84          0          0          0        508   printfa.o
        44          0          0          0          0         80   uidiv.o
        98          0          0          0          0         92   uldiv.o
        48          0          0          0          0         68   cdrcmple.o
       334          0          0          0          0        148   dadd.o
       222          0          0          0          0        100   ddiv.o
       186          0          0          0          0        176   depilogue.o
        48          0          0          0          0         68   dfixul.o
       228          0          0          0          0         96   dmul.o

    ----------------------------------------------------------------------
      3702        100          0          0          0       1760   Library Totals
         0          0          0          0          0          0   (incl. Padding)

    ----------------------------------------------------------------------

      Code (inc. data)   RO Data    RW Data    ZI Data      Debug   Library Name

      2636        100          0          0          0       1104   mc_w.l
      1066          0          0          0          0        656   mf_w.l

    ----------------------------------------------------------------------
      3702        100          0          0          0       1760   Library Totals

    ----------------------------------------------------------------------

==============================================================================


      Code (inc. data)   RO Data    RW Data    ZI Data      Debug   

     17072       1520        464         76       1876     423442   Grand Totals
     17072       1520        464         76       1876     423442   ELF Image Totals
     17072       1520        464         76          0          0   ROM Totals

==============================================================================

    Total RO  Size (Code + RO Data)                17536 (  17.13kB)
    Total RW  Size (RW Data + ZI Data)              1952 (   1.91kB)
    Total ROM Size (Code + RO Data + RW Data)      17612 (  17.20kB)

==============================================================================

